
> nabatable-platform@0.1.0 prebuild /Users/amankumarshrestha/Downloads/SajiloReserveX
> npm run validate:env


> nabatable-platform@0.1.0 validate:env
> tsx scripts/validate-env.ts

[dotenv@17.2.2] injecting env (46) from .env.local -- tip: ⚙️  override existing env vars with { override: true }
🔍 Validating environment variables for development...
✅ Environment validation passed (121 variables checked).

> nabatable-platform@0.1.0 build /Users/amankumarshrestha/Downloads/SajiloReserveX
> next build

   ▲ Next.js 16.0.3 (Turbopack)
   - Environments: .env.local

   Creating an optimized production build ...
 ✓ Compiled successfully in 4.9s
   Running TypeScript ...
   Collecting page data using 10 workers ...
   Generating static pages using 10 workers (0/62) ...
   Generating static pages using 10 workers (15/62) 
   Generating static pages using 10 workers (30/62) 
   Generating static pages using 10 workers (46/62) 
 ✓ Generating static pages using 10 workers (62/62) in 498.3ms
   Finalizing page optimization ...

Route (app)
┌ ƒ /
├ ○ /_not-found
├ ƒ /api/auth/callback
├ ƒ /api/availability
├ ƒ /api/bookings
├ ƒ /api/bookings/[id]
├ ƒ /api/bookings/[id]/history
├ ƒ /api/bookings/confirm
├ ƒ /api/config/merge-rules
├ ƒ /api/config/service-policy
├ ƒ /api/events
├ ƒ /api/lead
├ ƒ /api/ops/allowed-capacities
├ ƒ /api/ops/bookings
├ ƒ /api/ops/bookings/[id]
├ ƒ /api/ops/bookings/[id]/assign-tables
├ ƒ /api/ops/bookings/[id]/assignment-context
├ ƒ /api/ops/bookings/[id]/check-in
├ ƒ /api/ops/bookings/[id]/check-out
├ ƒ /api/ops/bookings/[id]/history
├ ƒ /api/ops/bookings/[id]/manual-context
├ ƒ /api/ops/bookings/[id]/no-show
├ ƒ /api/ops/bookings/[id]/status
├ ƒ /api/ops/bookings/[id]/tables
├ ƒ /api/ops/bookings/[id]/tables/[tableId]
├ ƒ /api/ops/bookings/[id]/undo-no-show
├ ƒ /api/ops/bookings/disabled
├ ƒ /api/ops/bookings/export
├ ƒ /api/ops/bookings/status-summary
├ ƒ /api/ops/customers
├ ƒ /api/ops/customers/export
├ ƒ /api/ops/dashboard/changes
├ ƒ /api/ops/dashboard/heatmap
├ ƒ /api/ops/dashboard/rejections
├ ƒ /api/ops/dashboard/summary
├ ƒ /api/ops/dashboard/vips
├ ƒ /api/ops/occasions
├ ƒ /api/ops/occasions/[key]
├ ƒ /api/ops/restaurants
├ ƒ /api/ops/restaurants/[id]
├ ƒ /api/ops/restaurants/[id]/details
├ ƒ /api/ops/restaurants/[id]/hours
├ ƒ /api/ops/restaurants/[id]/logo
├ ƒ /api/ops/restaurants/[id]/service-periods
├ ƒ /api/ops/settings/strategic-config
├ ƒ /api/ops/strategies/simulate
├ ƒ /api/ops/tables
├ ƒ /api/ops/tables/[id]
├ ƒ /api/ops/tables/timeline
├ ƒ /api/ops/team/invitations
├ ƒ /api/ops/team/invitations/[id]
├ ƒ /api/ops/team/memberships
├ ƒ /api/ops/zones
├ ƒ /api/ops/zones/[id]
├ ƒ /api/profile
├ ƒ /api/profile/image
├ ƒ /api/reservations/[id]/confirmation
├ ƒ /api/restaurants
├ ƒ /api/restaurants/[slug]/calendar-mask
├ ƒ /api/restaurants/[slug]/schedule
├ ƒ /api/staff/auto/confirm
├ ƒ /api/staff/auto/quote
├ ƒ /api/team/invitations/[token]
├ ƒ /api/team/invitations/[token]/accept
├ ƒ /api/test-email
├ ƒ /api/test/bookings
├ ƒ /api/test/invitations
├ ƒ /api/test/leads
├ ƒ /api/test/playwright-session
├ ƒ /api/test/reservations/[id]/confirmation
├ ƒ /api/v1/events
├ ƒ /api/v1/restaurants
├ ƒ /api/webhook/resend
├ ƒ /app
├ ƒ /app/analytics
├ ƒ /app/analytics/rejections
├ ƒ /app/bookings
├ ƒ /app/customers
├ ƒ /app/login
├ ƒ /app/management
├ ƒ /app/management/team
├ ƒ /app/seating
├ ƒ /app/seating/capacity
├ ƒ /app/seating/floor-plan
├ ƒ /app/seating/tables
├ ƒ /app/settings
├ ƒ /app/settings/restaurant
├ ƒ /app/walk-in
├ ○ /apple-icon.png
├ ƒ /auth/signin
├ ƒ /bookings
├ ƒ /bookings/[bookingId]
├ ƒ /bookings/[bookingId]/thank-you
├ ƒ /dashboard
├ ○ /guest
├ ƒ /guest/bookings
├ ƒ /guest/bookings/[bookingId]
├ ƒ /guest/dashboard
├ ƒ /guest/profile
├ ○ /icon.png
├ ƒ /item/[slug]
├ ○ /opengraph-image.png
├ ƒ /restaurants/[slug]
├ ƒ /restaurants/[slug]/book
├ ƒ /restaurants/[slug]/book/thank-you
├ ○ /robots.txt
├ ○ /sitemap.xml
├ ○ /thank-you
├ ○ /twitter-image.png
└ ○ /walk-in


ƒ Proxy (Middleware)

○  (Static)   prerendered as static content
ƒ  (Dynamic)  server-rendered on demand


> nabatable-platform@0.1.0 postbuild /Users/amankumarshrestha/Downloads/SajiloReserveX
> next-sitemap

✨ [next-sitemap] Loading next-sitemap config: file:///Users/amankumarshrestha/Downloads/SajiloReserveX/next-sitemap.config.js
✅ [next-sitemap] Generation completed
┌───────────────┬────────┐
│ (index)       │ Values │
├───────────────┼────────┤
│ indexSitemaps │ 1      │
│ sitemaps      │ 1      │
└───────────────┴────────┘
-----------------------------------------------------
 SITEMAP INDICES 
-----------------------------------------------------

   ○ https://shipfa.st/sitemap.xml


-----------------------------------------------------
 SITEMAPS 
-----------------------------------------------------

   ○ https://shipfa.st/sitemap-0.xml


