 WARN  Unsupported engine: wanted: {"node":"20.11.1"} (current: {"node":"v22.12.0","pnpm":"10.12.1"})

> nabatable-platform@0.1.0 test:e2e:guest /Users/amankumarshrestha/Downloads/SajiloReserveX
> playwright test tests/e2e/guest --project=chromium

🎭 Playwright Global Setup Starting...
📍 Base URL: http://localhost:3001
🔧 Environment: Local
🏥 Running health check...
✅ Health check passed
🎭 Global Setup Complete


Running 5 tests using 5 workers

🔐 Authenticating via E2E login route using token: local...
🔐 Authenticating via E2E login route using token: local...
✅ Authenticated successfully, current URL: http://localhost:3001/guest/bookings
✅ Authenticated successfully, current URL: http://localhost:3001/guest/bookings
  ✓  5 [chromium] › tests/e2e/guest/profile-crud.spec.ts:101:9 › Profile Accessibility › should have proper keyboard navigation (6.0s)
❌ TEST FAILED. PAGE CONTENT DUMP:
<!DOCTYPE html><html lang="en-GB" class="antialiased font-sans" style="transition-property:none;margin-right:0px"><head><meta charset="utf-8"><meta name="viewport" content="width=device-width, initial-scale=1"><link rel="stylesheet" href="/_next/static/chunks/c1c5e208f2c7ff5b.css" data-precedence="next"><link rel="preload" as="script" fetchpriority="low" href="/_next/static/chunks/71d477500ac3b087.js"><script src="/_next/static/chunks/1f715b80aebb9f85.js" async=""></script><script src="/_next/static/chunks/93b2b5184e27f97c.js" async=""></script><script src="/_next/static/chunks/1b911abb9bb8498f.js" async=""></script><script src="/_next/static/chunks/b4cd2908f6d38462.js" async=""></script><script src="/_next/static/chunks/turbopack-a7afb072c2a566b9.js" async=""></script><script src="/_next/static/chunks/2ef80dfd4b9c5d90.js" async=""></script><script src="/_next/static/chunks/7b4ed4617d170fee.js" async=""></script><script src="/_next/static/chunks/88c39bee05901998.js" async=""></script><script src="/_next/static/chunks/66231d519a3a670e.js" async=""></script><script src="/_next/static/chunks/8334d9313fe80e9b.js" async=""></script><script src="/_next/static/chunks/8cdc552343223f8f.js" async=""></script><script src="/_next/static/chunks/51b62c68e1f39110.js" async=""></script><script src="/_next/static/chunks/271beb3beda515a8.js" async=""></script><script src="/_next/static/chunks/78b477547c8a2579.js" async=""></script><script src="/_next/static/chunks/a3220a7f0b0b6fea.js" async=""></script><script src="/_next/static/chunks/32fd9f0ef8a2948a.js" async=""></script><script src="/_next/static/chunks/007991ad1b042614.js" async=""></script><script src="/_next/static/chunks/6a068054f79dbbe3.js" async=""></script><script src="/_next/static/chunks/d089379e77547853.js" async=""></script><script src="/_next/static/chunks/acf13509c0a63802.js" async=""></script><script src="/_next/static/chunks/e8f395cf8f7fa4a2.js" async=""></script><script src="/_next/static/chunks/bd6cc5878745ce13.js" async=""></script><script src="/_next/static/chunks/1d7b610d90bd9a2b.js" async=""></script><link rel="preload" href="https://plausible.io/js/script.js" as="script"><meta name="theme-color" content="#570df8"><script src="/_next/static/chunks/a6dad97d9634a72d.js" nomodule=""></script><style id="_goober"> @keyframes go2264125279{from{transform:scale(0) rotate(45deg);opacity:0;}to{transform:scale(1) rotate(45deg);opacity:1;}}@keyframes go3020080000{from{transform:scale(0);opacity:0;}to{transform:scale(1);opacity:1;}}@keyframes go463499852{from{transform:scale(0) rotate(90deg);opacity:0;}to{transform:scale(1) rotate(90deg);opacity:1;}}@keyframes go1268368563{from{transform:rotate(0deg);}to{transform:rotate(360deg);}}@keyframes go1310225428{from{transform:scale(0) rotate(45deg);opacity:0;}to{transform:scale(1) rotate(45deg);opacity:1;}}@keyframes go651618207{0%{height:0;width:0;opacity:0;}40%{height:0;width:6px;opacity:1;}100%{opacity:1;height:10px;}}@keyframes go901347462{from{transform:scale(0.6);opacity:0.4;}to{transform:scale(1);opacity:1;}}.go4109123758{z-index:9999;}.go4109123758 > *{pointer-events:auto;}</style><script src="/_next/static/chunks/4b9bffb5bc257538.js"></script></head><body class="relative font-sans"><div hidden=""><!--$--><!--/$--></div><a href="#main-content" class="skip-link">Skip to content</a><div class="guest-theme relative min-h-screen bg-gradient-to-b from-slate-50 via-white to-slate-50 text-foreground"><div class="pointer-events-none fixed inset-0 overflow-hidden" aria-hidden="true"><div class="absolute -left-[15%] -top-[10%] h-[500px] w-[500px] rounded-full opacity-40" style="background:radial-gradient(circle, hsl(217 91% 60% / 0.15) 0%, transparent 70%)"></div><div class="absolute -right-[10%] top-[5%] h-[400px] w-[400px] rounded-full opacity-30" style="background:radial-gradient(circle, hsl(38 92% 50% / 0.12) 0%, transparent 70%)"></div><div class="absolute -bottom-[20%] left-[20%] h-[600px] w-[600px] rounded-full opacity-25" style="background:radial-gradient(circle, hsl(217 91% 60% / 0.12) 0%, transparent 70%)"></div><div class="absolute inset-0 opacity-[0.02]" style="background-image:url(&quot;data:image/svg+xml,%3Csvg width='60' height='60' viewBox='0 0 60 60' xmlns='http://www.w3.org/2000/svg'%3E%3Cg fill='none' fill-rule='evenodd'%3E%3Cg fill='%23000000' fill-opacity='1'%3E%3Cpath d='M36 34v-4h-2v4h-4v2h4v4h2v-4h4v-2h-4zm0-30V0h-2v4h-4v2h4v4h2V6h4V4h-4zM6 34v-4H4v4H0v2h4v4h2v-4h4v-2H6zM6 4V0H4v4H0v2h4v4h2V6h4V4H6z'/%3E%3C/g%3E%3C/g%3E%3C/svg%3E&quot;)"></div></div><div class="relative z-10 flex min-h-screen flex-col"><div class="sticky top-0 z-50 w-full backdrop-blur supports-[backdrop-filter]:saturate-150 border-b border-border/70 bg-white/90 text-foreground"><a href="#main-content" class="skip-to-content absolute left-4 top-4 -translate-y-full rounded-full bg-primary px-4 py-2 text-sm font-semibold text-primary-foreground shadow transition focus-visible:translate-y-0 focus-visible:outline-none">Skip to content</a><div class="mx-auto w-full max-w-6xl px-4 md:px-6"><div class="flex items-center justify-between gap-3 py-3 md:py-4"><a class="group flex items-center gap-3 rounded-full px-2 py-1 text-left transition hover:opacity-90 focus-visible:outline-none focus-visible:ring-2 focus-visible:ring-ring focus-visible:ring-offset-2 focus-visible:ring-offset-background" href="/"><span class="inline-flex h-10 w-10 items-center justify-center rounded-2xl bg-gradient-to-br from-primary/90 to-primary text-sm font-bold text-primary-foreground shadow-sm shadow-primary/25">SRX</span><span class="flex min-w-0 flex-col leading-tight"><span class="truncate text-sm font-semibold text-foreground">Nab a Table</span><span class="text-xs font-medium uppercase tracking-[0.08em] text-muted-foreground">Reserve faster</span></span></a><div class="hidden flex-1 items-center justify-end gap-4 md:flex"><nav aria-label="Primary navigation" class="hidden items-center gap-2 rounded-full px-1.5 py-1 shadow-sm backdrop-blur supports-[backdrop-filter]:saturate-150 md:flex border-border/60 bg-background/70 text-foreground"><a class="rounded-full px-3.5 py-2 text-sm font-semibold leading-5 transition focus-visible:outline-none focus-visible:ring-2 focus-visible:ring-ring focus-visible:ring-offset-2 focus-visible:ring-offset-background text-muted-foreground hover:bg-muted/70 hover:text-foreground" href="/restaurants">Restaurants</a></nav><div class="hidden items-center gap-3 md:flex"><a class="inline-flex items-center justify-center whitespace-nowrap text-sm font-medium transition-all disabled:pointer-events-none disabled:opacity-50 [&amp;_svg]:pointer-events-none [&amp;_svg:not([class*='size-'])]:size-4 shrink-0 [&amp;_svg]:shrink-0 outline-none focus-visible:border-ring focus-visible:ring-ring/50 focus-visible:ring-[3px] aria-invalid:ring-destructive/20 dark:aria-invalid:ring-destructive/40 aria-invalid:border-destructive border bg-background shadow-xs hover:bg-accent hover:text-accent-foreground dark:bg-input/30 dark:border-input dark:hover:bg-input/50 h-8 rounded-md gap-1.5 px-3 has-[&gt;svg]:px-2.5" href="/auth/signin">Sign in</a></div></div><div class="flex items-center gap-2 md:hidden"><button type="button" class="inline-flex h-11 w-11 items-center justify-center rounded-full border border-border/70 bg-background text-foreground shadow-sm transition hover:text-primary focus-visible:outline-none focus-visible:ring-2 focus-visible:ring-ring focus-visible:ring-offset-2 focus-visible:ring-offset-background touch-manipulation md:hidden" aria-label="Open navigation menu" aria-expanded="false" aria-controls="guest-navigation-drawer" aria-haspopup="dialog" data-state="closed" data-slot="sheet-trigger"><svg xmlns="http://www.w3.org/2000/svg" width="24" height="24" viewBox="0 0 24 24" fill="none" stroke="currentColor" stroke-width="2" stroke-linecap="round" stroke-linejoin="round" class="lucide lucide-menu h-5 w-5" aria-hidden="true"><path d="M4 5h16"></path><path d="M4 12h16"></path><path d="M4 19h16"></path></svg></button></div></div></div></div><main id="main-content" class="flex-1 flex items-center justify-center px-4 py-12"><div class="w-full max-w-md animate-fade-up"><div class="mb-8 text-center"><div class="relative mx-auto mb-5"><div class="absolute inset-0 -m-2 rounded-full bg-gradient-to-br from-blue-100 to-violet-100 blur-2xl opacity-50"></div><div class="relative mx-auto flex h-16 w-16 sm:h-20 sm:w-20 items-center justify-center rounded-xl bg-gradient-to-br from-slate-900 to-slate-800 shadow-xl shadow-slate-900/20"><svg xmlns="http://www.w3.org/2000/svg" width="24" height="24" viewBox="0 0 24 24" fill="none" stroke="currentColor" stroke-width="2" stroke-linecap="round" stroke-linejoin="round" class="lucide lucide-utensils-crossed h-8 w-8 sm:h-10 sm:w-10 text-white" aria-hidden="true"><path d="m16 2-2.3 2.3a3 3 0 0 0 0 4.2l1.8 1.8a3 3 0 0 0 4.2 0L22 8"></path><path d="M15 15 3.3 3.3a4.2 4.2 0 0 0 0 6l7.3 7.3c.7.7 2 .7 2.8 0L15 15Zm0 0 7 7"></path><path d="m2.1 21.8 6.4-6.3"></path><path d="m19 5-7 7"></path></svg></div><div class="absolute -right-1 -top-1 animate-bounce" style="animation-delay:0.2s;animation-duration:2s"><svg xmlns="http://www.w3.org/2000/svg" width="24" height="24" viewBox="0 0 24 24" fill="none" stroke="currentColor" stroke-width="2" stroke-linecap="round" stroke-linejoin="round" class="lucide lucide-sparkles h-4 w-4 sm:h-5 sm:w-5 text-amber-400" aria-hidden="true"><path d="M11.017 2.814a1 1 0 0 1 1.966 0l1.051 5.558a2 2 0 0 0 1.594 1.594l5.558 1.051a1 1 0 0 1 0 1.966l-5.558 1.051a2 2 0 0 0-1.594 1.594l-1.051 5.558a1 1 0 0 1-1.966 0l-1.051-5.558a2 2 0 0 0-1.594-1.594l-5.558-1.051a1 1 0 0 1 0-1.966l5.558-1.051a2 2 0 0 0 1.594-1.594z"></path><path d="M20 2v4"></path><path d="M22 4h-4"></path><circle cx="4" cy="20" r="2"></circle></svg></div></div><h1 class="text-2xl sm:text-3xl md:text-4xl font-bold tracking-tight text-slate-900">Welcome back</h1><p class="mt-2 text-sm sm:text-base text-slate-500">Sign in to manage your reservations</p></div><div class="overflow-hidden rounded-2xl border border-slate-100 bg-white/90 shadow-xl backdrop-blur-sm"><div id="guest-signin-form" class="p-6 sm:p-8"><div class="mb-6 text-center"><h2 class="text-2xl font-bold tracking-tight text-slate-900">Sign in as a guest</h2><p class="mt-2 text-slate-500">We'll send you a secure link — no password needed.</p></div><form class="space-y-5" novalidate=""><div class="space-y-2"><label data-slot="label" class="flex items-center gap-2 text-sm leading-none select-none group-data-[disabled=true]:pointer-events-none group-data-[disabled=true]:opacity-50 peer-disabled:cursor-not-allowed peer-disabled:opacity-50 text-slate-700 font-medium" for="_R_qav5tqbsnplb_-form-item">Email address</label><div class="relative" id="_R_qav5tqbsnplb_-form-item" aria-describedby="_R_qav5tqbsnplb_-form-item-description" aria-invalid="false"><svg xmlns="http://www.w3.org/2000/svg" width="24" height="24" viewBox="0 0 24 24" fill="none" stroke="currentColor" stroke-width="2" stroke-linecap="round" stroke-linejoin="round" class="lucide lucide-mail absolute left-4 top-1/2 h-5 w-5 -translate-y-1/2 text-slate-400" aria-hidden="true"><path d="m22 7-8.991 5.727a2 2 0 0 1-2.009 0L2 7"></path><rect x="2" y="4" width="20" height="16" rx="2"></rect></svg><input type="email" data-slot="input" class="file:text-foreground placeholder:text-muted-foreground selection:bg-primary selection:text-primary-foreground dark:bg-input/30 w-full min-w-0 border px-3 py-1 shadow-xs transition-[color,box-shadow] outline-none file:inline-flex file:h-7 file:border-0 file:bg-transparent file:text-sm file:font-medium disabled:pointer-events-none disabled:cursor-not-allowed disabled:opacity-50 md:text-sm focus-visible:border-ring focus-visible:ring-ring/50 focus-visible:ring-[3px] aria-invalid:ring-destructive/20 dark:aria-invalid:ring-destructive/40 aria-invalid:border-destructive h-12 pl-12 rounded-xl border-slate-200 bg-white text-base focus:border-slate-400 focus:ring-slate-400" inputmode="email" autocomplete="email" placeholder="you@example.com" name="email" value=""></div></div><button data-slot="button" class="inline-flex items-center justify-center gap-2 whitespace-nowrap disabled:pointer-events-none disabled:opacity-50 [&amp;_svg]:pointer-events-none [&amp;_svg:not([class*='size-'])]:size-4 shrink-0 [&amp;_svg]:shrink-0 outline-none focus-visible:border-ring focus-visible:ring-ring/50 focus-visible:ring-[3px] aria-invalid:ring-destructive/20 dark:aria-invalid:ring-destructive/40 aria-invalid:border-destructive text-primary-foreground h-10 px-6 has-[&gt;svg]:px-4 w-full rounded-xl bg-slate-900 text-base font-semibold hover:bg-slate-800 shadow-lg transition-all" type="submit"><span class="flex items-center justify-center gap-2"><svg xmlns="http://www.w3.org/2000/svg" width="24" height="24" viewBox="0 0 24 24" fill="none" stroke="currentColor" stroke-width="2" stroke-linecap="round" stroke-linejoin="round" class="lucide lucide-send h-5 w-5" aria-hidden="true"><path d="M14.536 21.686a.5.5 0 0 0 .937-.024l6.5-19a.496.496 0 0 0-.635-.635l-19 6.5a.5.5 0 0 0-.024.937l7.93 3.18a2 2 0 0 1 1.112 1.11z"></path><path d="m21.854 2.147-10.94 10.939"></path></svg>Send magic link</span></button></form></div></div><div class="mt-6 space-y-3 text-center"><div class="rounded-xl border border-slate-100 bg-white/70 px-5 py-3 backdrop-blur-sm shadow-sm"><p class="text-xs sm:text-sm text-slate-500">Are you a restaurant owner?</p><a class="mt-1 inline-flex items-center gap-1 text-sm font-semibold text-slate-900 hover:text-slate-700 transition-colors" href="/app/auth/signin">Sign in to operations<svg xmlns="http://www.w3.org/2000/svg" width="24" height="24" viewBox="0 0 24 24" fill="none" stroke="currentColor" stroke-width="2" stroke-linecap="round" stroke-linejoin="round" class="lucide lucide-chevron-left h-4 w-4 rotate-180" aria-hidden="true"><path d="m15 18-6-6 6-6"></path></svg></a></div><a class="inline-flex items-center gap-1.5 text-sm text-slate-500 hover:text-slate-900 transition-colors" href="/"><svg xmlns="http://www.w3.org/2000/svg" width="24" height="24" viewBox="0 0 24 24" fill="none" stroke="currentColor" stroke-width="2" stroke-linecap="round" stroke-linejoin="round" class="lucide lucide-chevron-left h-4 w-4" aria-hidden="true"><path d="m15 18-6-6 6-6"></path></svg>Back to home</a></div></div><!--$--><!--/$--></main><footer class="py-10 border-t border-white/10 bg-white/5 text-white backdrop-blur"><div class="mx-auto flex w-full max-w-6xl flex-col gap-6 px-4 text-center sm:flex-row sm:items-center sm:justify-between sm:text-left md:px-6 lg:px-8"><a class="group flex items-center gap-3 transition hover:opacity-100" href="/guest/dashboard"><span class="inline-flex h-10 w-10 items-center justify-center rounded-2xl bg-gradient-to-br from-primary/90 to-primary text-primary-foreground shadow-sm shadow-primary/25"><svg xmlns="http://www.w3.org/2000/svg" width="24" height="24" viewBox="0 0 24 24" fill="none" stroke="currentColor" stroke-width="2" stroke-linecap="round" stroke-linejoin="round" class="lucide lucide-utensils-crossed h-5 w-5" aria-hidden="true"><path d="m16 2-2.3 2.3a3 3 0 0 0 0 4.2l1.8 1.8a3 3 0 0 0 4.2 0L22 8"></path><path d="M15 15 3.3 3.3a4.2 4.2 0 0 0 0 6l7.3 7.3c.7.7 2 .7 2.8 0L15 15Zm0 0 7 7"></path><path d="m2.1 21.8 6.4-6.3"></path><path d="m19 5-7 7"></path></svg></span><span class="text-sm font-semibold tracking-tight">Nab a Table</span></a><div class="flex flex-col items-center gap-3 text-sm text-white/70"><span>© <!-- -->2025<!-- --> <!-- -->Nab a Table<!-- -->. All rights reserved.</span><nav aria-label="Footer navigation"><ul class="flex flex-wrap items-center justify-center gap-3 sm:justify-end"><li><a class="rounded-full px-3 py-1.5 text-sm font-semibold transition focus-visible:outline-none focus-visible:ring-2 text-white/80 hover:text-white focus-visible:ring-white/50 focus-visible:ring-offset-0" href="/restaurants">Restaurants</a></li><li><a class="rounded-full px-3 py-1.5 text-sm font-semibold transition focus-visible:outline-none focus-visible:ring-2 text-white/80 hover:text-white focus-visible:ring-white/50 focus-visible:ring-offset-0" href="/auth/signin">Sign in</a></li></ul></nav></div></div></footer></div></div><span id="toast-viewport-region-label" class="sr-only">Notification center</span><div role="region" aria-label="Notifications (F8)" tabindex="-1" style="pointer-events:none"><ol tabindex="-1" class="fixed right-0 top-0 z-[110] flex max-h-screen w-full flex-col-reverse gap-2 p-4 sm:bottom-0 sm:top-auto sm:flex-col md:max-w-[420px]" aria-labelledby="toast-viewport-region-label"></ol></div><script>requestAnimationFrame(function(){$RT=performance.now()});</script><script src="/_next/static/chunks/71d477500ac3b087.js" id="_R_" async=""></script><title>Sign in · Nab a Table</title><meta name="description" content="Access your Nab a Table guest account to manage bookings and settings."><meta name="application-name" content="Nab a Table"><meta name="keywords" content="Nab a Table"><meta property="og:title" content="Nab a Table"><meta property="og:description" content="Nab a Table — Lapen Inns' intelligent reservations and capacity management platform for hospitality teams."><meta property="og:url" content="https://nabatable.com"><meta property="og:site_name" content="Nab a Table"><meta property="og:locale" content="en_US"><meta property="og:type" content="website"><meta name="twitter:card" content="summary_large_image"><meta name="twitter:creator" content="@nabatable"><meta name="twitter:title" content="Nab a Table"><meta name="twitter:description" content="Nab a Table — Lapen Inns' intelligent reservations and capacity management platform for hospitality teams."><script>$RB=[];$RV=function(a){$RT=performance.now();for(var b=0;b<a.length;b+=2){var c=a[b],e=a[b+1];null!==e.parentNode&&e.parentNode.removeChild(e);var f=c.parentNode;if(f){var g=c.previousSibling,h=0;do{if(c&&8===c.nodeType){var d=c.data;if("/$"===d||"/&"===d)if(0===h)break;else h--;else"$"!==d&&"$?"!==d&&"$~"!==d&&"$!"!==d&&"&"!==d||h++}d=c.nextSibling;f.removeChild(c);c=d}while(c);for(;e.firstChild;)f.insertBefore(e.firstChild,c);g.data="$";g._reactRetry&&requestAnimationFrame(g._reactRetry)}}a.length=0};
$RC=function(a,b){if(b=document.getElementById(b))(a=document.getElementById(a))?(a.previousSibling.data="$~",$RB.push(a,b),2===$RB.length&&("number"!==typeof $RT?requestAnimationFrame($RV.bind(null,$RB)):(a=performance.now(),setTimeout($RV.bind(null,$RB),2300>a&&2E3<a?2300-a:$RT+300-a)))):b.parentNode.removeChild(b)};$RC("B:0","S:0")</script><script>$RC("B:1","S:1")</script><script>(self.__next_f=self.__next_f||[]).push([0])</script><script>self.__next_f.push([1,"1:\"$Sreact.fragment\"\n3:I[47749,[\"/_next/static/chunks/2ef80dfd4b9c5d90.js\",\"/_next/static/chunks/7b4ed4617d170fee.js\"],\"default\"]\n4:I[684732,[\"/_next/static/chunks/2ef80dfd4b9c5d90.js\",\"/_next/static/chunks/7b4ed4617d170fee.js\"],\"default\"]\nc:I[354263,[\"/_next/static/chunks/2ef80dfd4b9c5d90.js\",\"/_next/static/chunks/7b4ed4617d170fee.js\"],\"default\"]\nd:I[747033,[\"/_next/static/chunks/88c39bee05901998.js\",\"/_next/static/chunks/66231d519a3a670e.js\",\"/_next/static/chunks/8334d9313fe80e9b.js\",\"/_next/static/chunks/8cdc552343223f8f.js\",\"/_next/static/chunks/51b62c68e1f39110.js\",\"/_next/static/chunks/271beb3beda515a8.js\",\"/_next/static/chunks/78b477547c8a2579.js\",\"/_next/static/chunks/a3220a7f0b0b6fea.js\",\"/_next/static/chunks/32fd9f0ef8a2948a.js\",\"/_next/static/chunks/007991ad1b042614.js\",\"/_next/static/chunks/6a068054f79dbbe3.js\",\"/_next/static/chunks/d089379e77547853.js\",\"/_next/static/chunks/acf13509c0a63802.js\"],\"GuestNavbar\"]\ne:I[260213,[\"/_next/static/chunks/88c39bee05901998.js\",\"/_next/static/chunks/66231d519a3a670e.js\",\"/_next/static/chunks/8334d9313fe80e9b.js\",\"/_next/static/chunks/8cdc552343223f8f.js\",\"/_next/static/chunks/51b62c68e1f39110.js\",\"/_next/static/chunks/271beb3beda515a8.js\",\"/_next/static/chunks/78b477547c8a2579.js\",\"/_next/static/chunks/a3220a7f0b0b6fea.js\",\"/_next/static/chunks/32fd9f0ef8a2948a.js\",\"/_next/static/chunks/007991ad1b042614.js\",\"/_next/static/chunks/6a068054f79dbbe3.js\",\"/_next/static/chunks/d089379e77547853.js\",\"/_next/static/chunks/acf13509c0a63802.js\"],\"ImplicitAuthHandler\"]\nf:I[587392,[\"/_next/static/chunks/88c39bee05901998.js\",\"/_next/static/chunks/66231d519a3a670e.js\",\"/_next/static/chunks/8334d9313fe80e9b.js\",\"/_next/static/chunks/8cdc552343223f8f.js\",\"/_next/static/chunks/51b62c68e1f39110.js\",\"/_next/static/chunks/271beb3beda515a8.js\",\"/_next/static/chunks/78b477547c8a2579.js\",\"/_next/static/chunks/a3220a7f0b0b6fea.js\",\"/_next/static/chunks/32fd9f0ef8a2948a.js\",\"/_next/static/chunks/007991ad1b042614.js\",\"/_next/static/chunks/6a068054f79dbbe3.js\",\"/_next/static/chunks/d089379e77547853.js\",\"/_next/static/chunks/acf13509c0a63802.js\"],\"default\"]\n11:I[658176,[\"/_next/static/chunks/2ef80dfd4b9c5d90.js\",\"/_next/static/chunks/7b4ed4617d170fee.js\"],\"OutletBoundary\"]\n12:\"$Sreact.suspense\"\n14:I[658176,[\"/_next/static/chunks/2ef80dfd4b9c5d90.js\",\"/_next/static/chunks/7b4ed4617d170fee.js\"],\"ViewportBoundary\"]\n16:I[658176,[\"/_next/static/chunks/2ef80dfd4b9c5d90.js\",\"/_next/static/chunks/7b4ed4617d170fee.js\"],\"MetadataBoundary\"]\n18:I[391144,[\"/_next/static/chunks/88c39bee05901998.js\",\"/_next/static/chunks/66231d519a3a670e.js\",\"/_next/static/chunks/8334d9313fe80e9b.js\",\"/_next/static/chunks/8cdc552343223f8f.js\",\"/_next/static/chunks/51b62c68e1f39110.js\",\"/_next/static/chunks/271beb3beda515a8.js\",\"/_next/static/chunks/78b477547c8a2579.js\"],\"\"]\n19:I[544636,[\"/_next/static/chunks/88c39bee05901998.js\",\"/_next/static/chunks/66231d519a3a670e.js\",\"/_next/static/chunks/8334d9313fe80e9b.js\",\"/_next/static/chunks/8cdc552343223f8f.js\",\"/_next/static/chunks/51b62c68e1f39110.js\",\"/_next/static/chunks/271beb3beda515a8.js\",\"/_next/static/chunks/78b477547c8a2579.js\"],\"AppProviders\"]\n1a:I[972526,[\"/_next/static/chunks/88c39bee05901998.js\",\"/_next/static/chunks/66231d519a3a670e.js\",\"/_next/static/chunks/8334d9313fe80e9b.js\",\"/_next/static/chunks/8cdc552343223f8f.js\",\"/_next/static/chunks/51b62c68e1f39110.js\",\"/_next/static/chunks/271beb3beda515a8.js\",\"/_next/static/chunks/78b477547c8a2579.js\"],\"default\"]\n1b:I[758298,[\"/_next/static/chunks/88c39bee05901998.js\",\"/_next/static/chunks/66231d519a3a670e.js\",\"/_next/static/chunks/8334d9313fe80e9b.js\",\"/_next/static/chunks/8cdc552343223f8f.js\",\"/_next/static/chunks/51b62c68e1f39110.js\",\"/_next/static/chunks/271beb3beda515a8.js\",\"/_next/static/chunks/78b477547c8a2579.js\",\"/_next/static/chunks/e8f395cf8f7fa4a2.js\"],\"default\"]\n1c:I[894861,[\"/_next/static/chunks/88c39bee05901998.js\",\"/_next/static/chunks/66231d519a3a670e.js\",\"/_next/static/chunks/8334d9313fe80e9b.js\",\"/_next/static/chunks/8cdc552343223f8f.js\",\"/_next/static/chunks/51b62c68e1f39110.js\",\"/_next/static/chunks/271beb"])</script><script>self.__next_f.push([1,"3beda515a8.js\",\"/_next/static/chunks/78b477547c8a2579.js\",\"/_next/static/chunks/a3220a7f0b0b6fea.js\",\"/_next/static/chunks/32fd9f0ef8a2948a.js\",\"/_next/static/chunks/007991ad1b042614.js\",\"/_next/static/chunks/6a068054f79dbbe3.js\",\"/_next/static/chunks/d089379e77547853.js\",\"/_next/static/chunks/acf13509c0a63802.js\",\"/_next/static/chunks/bd6cc5878745ce13.js\",\"/_next/static/chunks/1d7b610d90bd9a2b.js\"],\"GuestSignInForm\"]\n1d:I[408611,[\"/_next/static/chunks/88c39bee05901998.js\",\"/_next/static/chunks/66231d519a3a670e.js\",\"/_next/static/chunks/8334d9313fe80e9b.js\",\"/_next/static/chunks/8cdc552343223f8f.js\",\"/_next/static/chunks/51b62c68e1f39110.js\",\"/_next/static/chunks/271beb3beda515a8.js\",\"/_next/static/chunks/78b477547c8a2579.js\",\"/_next/static/chunks/a3220a7f0b0b6fea.js\",\"/_next/static/chunks/32fd9f0ef8a2948a.js\",\"/_next/static/chunks/007991ad1b042614.js\",\"/_next/static/chunks/6a068054f79dbbe3.js\",\"/_next/static/chunks/d089379e77547853.js\",\"/_next/static/chunks/acf13509c0a63802.js\",\"/_next/static/chunks/bd6cc5878745ce13.js\",\"/_next/static/chunks/1d7b610d90bd9a2b.js\"],\"\"]\n:HL[\"/_next/static/chunks/c1c5e208f2c7ff5b.css\",\"style\"]\n"])</script><script>self.__next_f.push([1,"0:{\"P\":null,\"b\":\"WSSbMcCSZTKhnW0NnrHFd\",\"c\":[\"\",\"auth\",\"signin?redirectedFrom=%2Fguest%2Fprofile\"],\"q\":\"?redirectedFrom=%2Fguest%2Fprofile\",\"i\":false,\"f\":[[[\"\",{\"children\":[\"(public)\",{\"children\":[\"auth\",{\"children\":[\"signin\",{\"children\":[\"__PAGE__?{\\\"redirectedFrom\\\":\\\"/guest/profile\\\"}\",{}]}]}]}]},\"$undefined\",\"$undefined\",true],[[\"$\",\"$1\",\"c\",{\"children\":[[[\"$\",\"link\",\"0\",{\"rel\":\"stylesheet\",\"href\":\"/_next/static/chunks/c1c5e208f2c7ff5b.css\",\"precedence\":\"next\",\"crossOrigin\":\"$undefined\",\"nonce\":\"$undefined\"}],[\"$\",\"script\",\"script-0\",{\"src\":\"/_next/static/chunks/88c39bee05901998.js\",\"async\":true,\"nonce\":\"$undefined\"}],[\"$\",\"script\",\"script-1\",{\"src\":\"/_next/static/chunks/66231d519a3a670e.js\",\"async\":true,\"nonce\":\"$undefined\"}],[\"$\",\"script\",\"script-2\",{\"src\":\"/_next/static/chunks/8334d9313fe80e9b.js\",\"async\":true,\"nonce\":\"$undefined\"}],[\"$\",\"script\",\"script-3\",{\"src\":\"/_next/static/chunks/8cdc552343223f8f.js\",\"async\":true,\"nonce\":\"$undefined\"}],[\"$\",\"script\",\"script-4\",{\"src\":\"/_next/static/chunks/51b62c68e1f39110.js\",\"async\":true,\"nonce\":\"$undefined\"}],[\"$\",\"script\",\"script-5\",{\"src\":\"/_next/static/chunks/271beb3beda515a8.js\",\"async\":true,\"nonce\":\"$undefined\"}],[\"$\",\"script\",\"script-6\",{\"src\":\"/_next/static/chunks/78b477547c8a2579.js\",\"async\":true,\"nonce\":\"$undefined\"}]],\"$L2\"]}],{\"children\":[[\"$\",\"$1\",\"c\",{\"children\":[null,[\"$\",\"$L3\",null,{\"parallelRouterKey\":\"children\",\"error\":\"$undefined\",\"errorStyles\":\"$undefined\",\"errorScripts\":\"$undefined\",\"template\":[\"$\",\"$L4\",null,{}],\"templateStyles\":\"$undefined\",\"templateScripts\":\"$undefined\",\"notFound\":[[\"$\",\"main\",null,{\"className\":\"flex min-h-screen flex-col items-center justify-center bg-slate-50 px-6 py-24 text-center\",\"children\":[\"$\",\"div\",null,{\"className\":\"mx-auto max-w-md space-y-4\",\"children\":[[\"$\",\"h1\",null,{\"className\":\"text-3xl font-bold tracking-tight text-slate-800\",\"children\":\"Page not found\"}],[\"$\",\"p\",null,{\"className\":\"text-slate-600\",\"children\":\"The page you’re looking for doesn’t exist or has moved.\"}],[\"$\",\"a\",null,{\"href\":\"/guest/dashboard\",\"className\":\"inline-flex items-center justify-center rounded-md bg-slate-900 px-4 py-2 text-sm font-medium text-white transition hover:bg-slate-700\",\"children\":\"Go to Dashboard\"}]]}]}],[]],\"forbidden\":\"$undefined\",\"unauthorized\":\"$undefined\"}]]}],{\"children\":[[\"$\",\"$1\",\"c\",{\"children\":[[[\"$\",\"script\",\"script-0\",{\"src\":\"/_next/static/chunks/a3220a7f0b0b6fea.js\",\"async\":true,\"nonce\":\"$undefined\"}],[\"$\",\"script\",\"script-1\",{\"src\":\"/_next/static/chunks/32fd9f0ef8a2948a.js\",\"async\":true,\"nonce\":\"$undefined\"}],[\"$\",\"script\",\"script-2\",{\"src\":\"/_next/static/chunks/007991ad1b042614.js\",\"async\":true,\"nonce\":\"$undefined\"}],[\"$\",\"script\",\"script-3\",{\"src\":\"/_next/static/chunks/6a068054f79dbbe3.js\",\"async\":true,\"nonce\":\"$undefined\"}],[\"$\",\"script\",\"script-4\",{\"src\":\"/_next/static/chunks/d089379e77547853.js\",\"async\":true,\"nonce\":\"$undefined\"}],[\"$\",\"script\",\"script-5\",{\"src\":\"/_next/static/chunks/acf13509c0a63802.js\",\"async\":true,\"nonce\":\"$undefined\"}]],[\"$\",\"div\",null,{\"className\":\"guest-theme relative min-h-screen bg-gradient-to-b from-slate-50 via-white to-slate-50 text-foreground\",\"children\":[[\"$\",\"div\",null,{\"className\":\"pointer-events-none fixed inset-0 overflow-hidden\",\"aria-hidden\":true,\"children\":[[\"$\",\"div\",null,{\"className\":\"absolute -left-[15%] -top-[10%] h-[500px] w-[500px] rounded-full opacity-40\",\"style\":{\"background\":\"radial-gradient(circle, hsl(217 91% 60% / 0.15) 0%, transparent 70%)\"}}],[\"$\",\"div\",null,{\"className\":\"absolute -right-[10%] top-[5%] h-[400px] w-[400px] rounded-full opacity-30\",\"style\":{\"background\":\"radial-gradient(circle, hsl(38 92% 50% / 0.12) 0%, transparent 70%)\"}}],[\"$\",\"div\",null,{\"className\":\"absolute -bottom-[20%] left-[20%] h-[600px] w-[600px] rounded-full opacity-25\",\"style\":{\"background\":\"radial-gradient(circle, hsl(217 91% 60% / 0.12) 0%, transparent 70%)\"}}],[\"$\",\"div\",null,{\"className\":\"absolute inset-0 opacity-[0.02]\",\"style\":{\"backgroundImage\":\"url(\\\"data:image/svg+xml,%3Csvg width='60' height='60' viewBox='0 0 60 60' xmlns='http://www.w3.org/2000/svg'%3E%3Cg fill='none' fill-rule='evenodd'%3E%3Cg fill='%23000000' fill-opacity='1'%3E%3Cpath d='M36 34v-4h-2v4h-4v2h4v4h2v-4h4v-2h-4zm0-30V0h-2v4h-4v2h4v4h2V6h4V4h-4zM6 34v-4H4v4H0v2h4v4h2v-4h4v-2H6zM6 4V0H4v4H0v2h4v4h2V6h4V4H6z'/%3E%3C/g%3E%3C/g%3E%3C/svg%3E\\\")\"}}]]}],[\"$\",\"div\",null,{\"className\":\"relative z-10 flex min-h-screen flex-col\",\"children\":[\"$L5\",\"$L6\",\"$L7\",\"$L8\"]}]]}]]}],{\"children\":[\"$L9\",{\"children\":[\"$La\",{},null,false,false]},null,false,false]},null,false,false]},null,false,false]},null,false,false],\"$Lb\",false]],\"m\":\"$undefined\",\"G\":[\"$c\",[]],\"S\":false}\n"])</script><script>self.__next_f.push([1,"5:[\"$\",\"$Ld\",null,{}]\n6:[\"$\",\"$Le\",null,{\"defaultRedirect\":\"/guest/dashboard\"}]\n7:[\"$\",\"main\",null,{\"id\":\"main-content\",\"className\":\"flex-1 flex items-center justify-center px-4 py-12\",\"children\":[\"$\",\"$L3\",null,{\"parallelRouterKey\":\"children\",\"error\":\"$undefined\",\"errorStyles\":\"$undefined\",\"errorScripts\":\"$undefined\",\"template\":[\"$\",\"$L4\",null,{}],\"templateStyles\":\"$undefined\",\"templateScripts\":\"$undefined\",\"notFound\":\"$undefined\",\"forbidden\":\"$undefined\",\"unauthorized\":\"$undefined\"}]}]\n8:[\"$\",\"$Lf\",null,{\"variant\":\"auth\"}]\n9:[\"$\",\"$1\",\"c\",{\"children\":[null,[\"$\",\"$L3\",null,{\"parallelRouterKey\":\"children\",\"error\":\"$undefined\",\"errorStyles\":\"$undefined\",\"errorScripts\":\"$undefined\",\"template\":[\"$\",\"$L4\",null,{}],\"templateStyles\":\"$undefined\",\"templateScripts\":\"$undefined\",\"notFound\":\"$undefined\",\"forbidden\":\"$undefined\",\"unauthorized\":\"$undefined\"}]]}]\na:[\"$\",\"$1\",\"c\",{\"children\":[\"$L10\",[[\"$\",\"script\",\"script-0\",{\"src\":\"/_next/static/chunks/bd6cc5878745ce13.js\",\"async\":true,\"nonce\":\"$undefined\"}],[\"$\",\"script\",\"script-1\",{\"src\":\"/_next/static/chunks/1d7b610d90bd9a2b.js\",\"async\":true,\"nonce\":\"$undefined\"}]],[\"$\",\"$L11\",null,{\"children\":[\"$\",\"$12\",null,{\"name\":\"Next.MetadataOutlet\",\"children\":\"$@13\"}]}]]}]\nb:[\"$\",\"$1\",\"h\",{\"children\":[null,[\"$\",\"$L14\",null,{\"children\":\"$@15\"}],[\"$\",\"div\",null,{\"hidden\":true,\"children\":[\"$\",\"$L16\",null,{\"children\":[\"$\",\"$12\",null,{\"name\":\"Next.Metadata\",\"children\":\"$@17\"}]}]}],null]}]\n15:[[\"$\",\"meta\",\"0\",{\"charSet\":\"utf-8\"}],[\"$\",\"meta\",\"1\",{\"name\":\"viewport\",\"content\":\"width=device-width, initial-scale=1\"}],[\"$\",\"meta\",\"2\",{\"name\":\"theme-color\",\"content\":\"#570df8\"}]]\n"])</script><script>self.__next_f.push([1,"2:[\"$\",\"html\",null,{\"lang\":\"en-GB\",\"className\":\"antialiased font-sans\",\"style\":{\"transitionProperty\":\"none\",\"marginRight\":\"0px\"},\"children\":[[\"$\",\"head\",null,{\"children\":[[\"$\",\"$L18\",null,{\"async\":true,\"defer\":true,\"data-api\":\"$undefined\",\"data-domain\":\"nabatable.com\",\"data-exclude\":\"$undefined\",\"src\":\"https://plausible.io/js/script.js\",\"integrity\":\"$undefined\",\"crossOrigin\":\"$undefined\"}],[\"$\",\"$L18\",null,{\"id\":\"next-plausible-init\",\"dangerouslySetInnerHTML\":{\"__html\":\"window.plausible = window.plausible || function() { (window.plausible.q = window.plausible.q || []).push(arguments) }\"},\"nonce\":\"$undefined\"}],\"$undefined\"]}],[\"$\",\"body\",null,{\"className\":\"relative font-sans\",\"suppressHydrationWarning\":true,\"children\":[[\"$\",\"a\",null,{\"href\":\"#main-content\",\"className\":\"skip-link\",\"children\":\"Skip to content\"}],[\"$\",\"$L19\",null,{\"initialSession\":null,\"children\":[\"$\",\"$L1a\",null,{\"children\":[\"$\",\"$L3\",null,{\"parallelRouterKey\":\"children\",\"error\":\"$1b\",\"errorStyles\":[],\"errorScripts\":[[\"$\",\"script\",\"script-0\",{\"src\":\"/_next/static/chunks/e8f395cf8f7fa4a2.js\",\"async\":true}]],\"template\":[\"$\",\"$L4\",null,{}],\"templateStyles\":\"$undefined\",\"templateScripts\":\"$undefined\",\"notFound\":[[\"$\",\"main\",null,{\"className\":\"flex min-h-screen flex-col items-center justify-center bg-slate-50 px-6 py-24 text-center\",\"children\":[\"$\",\"div\",null,{\"className\":\"mx-auto max-w-md space-y-4\",\"children\":[[\"$\",\"h1\",null,{\"className\":\"text-3xl font-bold tracking-tight text-slate-800\",\"children\":\"Page not found\"}],[\"$\",\"p\",null,{\"className\":\"text-slate-600\",\"children\":\"The page you’re looking for doesn’t exist or has moved.\"}],[\"$\",\"a\",null,{\"href\":\"/guest/dashboard\",\"className\":\"inline-flex items-center justify-center rounded-md bg-slate-900 px-4 py-2 text-sm font-medium text-white transition hover:bg-slate-700\",\"children\":\"Go to Dashboard\"}]]}]}],[]],\"forbidden\":\"$undefined\",\"unauthorized\":\"$undefined\"}]}]}]]}]]}]\n"])</script><script>self.__next_f.push([1,"10:[\"$\",\"div\",null,{\"className\":\"w-full max-w-md animate-fade-up\",\"children\":[[\"$\",\"div\",null,{\"className\":\"mb-8 text-center\",\"children\":[[\"$\",\"div\",null,{\"className\":\"relative mx-auto mb-5\",\"children\":[[\"$\",\"div\",null,{\"className\":\"absolute inset-0 -m-2 rounded-full bg-gradient-to-br from-blue-100 to-violet-100 blur-2xl opacity-50\"}],[\"$\",\"div\",null,{\"className\":\"relative mx-auto flex h-16 w-16 sm:h-20 sm:w-20 items-center justify-center rounded-xl bg-gradient-to-br from-slate-900 to-slate-800 shadow-xl shadow-slate-900/20\",\"children\":[\"$\",\"svg\",null,{\"ref\":\"$undefined\",\"xmlns\":\"http://www.w3.org/2000/svg\",\"width\":24,\"height\":24,\"viewBox\":\"0 0 24 24\",\"fill\":\"none\",\"stroke\":\"currentColor\",\"strokeWidth\":2,\"strokeLinecap\":\"round\",\"strokeLinejoin\":\"round\",\"className\":\"lucide lucide-utensils-crossed h-8 w-8 sm:h-10 sm:w-10 text-white\",\"aria-hidden\":\"true\",\"children\":[[\"$\",\"path\",\"n7qcjb\",{\"d\":\"m16 2-2.3 2.3a3 3 0 0 0 0 4.2l1.8 1.8a3 3 0 0 0 4.2 0L22 8\"}],[\"$\",\"path\",\"d0u48b\",{\"d\":\"M15 15 3.3 3.3a4.2 4.2 0 0 0 0 6l7.3 7.3c.7.7 2 .7 2.8 0L15 15Zm0 0 7 7\"}],[\"$\",\"path\",\"yn04lh\",{\"d\":\"m2.1 21.8 6.4-6.3\"}],[\"$\",\"path\",\"194lzd\",{\"d\":\"m19 5-7 7\"}],\"$undefined\"]}]}],[\"$\",\"div\",null,{\"className\":\"absolute -right-1 -top-1 animate-bounce\",\"style\":{\"animationDelay\":\"0.2s\",\"animationDuration\":\"2s\"},\"children\":[\"$\",\"svg\",null,{\"ref\":\"$undefined\",\"xmlns\":\"http://www.w3.org/2000/svg\",\"width\":24,\"height\":24,\"viewBox\":\"0 0 24 24\",\"fill\":\"none\",\"stroke\":\"currentColor\",\"strokeWidth\":2,\"strokeLinecap\":\"round\",\"strokeLinejoin\":\"round\",\"className\":\"lucide lucide-sparkles h-4 w-4 sm:h-5 sm:w-5 text-amber-400\",\"aria-hidden\":\"true\",\"children\":[[\"$\",\"path\",\"1s2grr\",{\"d\":\"M11.017 2.814a1 1 0 0 1 1.966 0l1.051 5.558a2 2 0 0 0 1.594 1.594l5.558 1.051a1 1 0 0 1 0 1.966l-5.558 1.051a2 2 0 0 0-1.594 1.594l-1.051 5.558a1 1 0 0 1-1.966 0l-1.051-5.558a2 2 0 0 0-1.594-1.594l-5.558-1.051a1 1 0 0 1 0-1.966l5.558-1.051a2 2 0 0 0 1.594-1.594z\"}],[\"$\",\"path\",\"1rf3ol\",{\"d\":\"M20 2v4\"}],[\"$\",\"path\",\"gwowj6\",{\"d\":\"M22 4h-4\"}],[\"$\",\"circle\",\"6kqj1y\",{\"cx\":\"4\",\"cy\":\"20\",\"r\":\"2\"}],\"$undefined\"]}]}]]}],[\"$\",\"h1\",null,{\"className\":\"text-2xl sm:text-3xl md:text-4xl font-bold tracking-tight text-slate-900\",\"children\":\"Welcome back\"}],[\"$\",\"p\",null,{\"className\":\"mt-2 text-sm sm:text-base text-slate-500\",\"children\":\"Sign in to manage your reservations\"}]]}],[\"$\",\"div\",null,{\"className\":\"overflow-hidden rounded-2xl border border-slate-100 bg-white/90 shadow-xl backdrop-blur-sm\",\"children\":[\"$\",\"$L1c\",null,{\"redirectedFrom\":\"/guest/profile\"}]}],[\"$\",\"div\",null,{\"className\":\"mt-6 space-y-3 text-center\",\"children\":[[\"$\",\"div\",null,{\"className\":\"rounded-xl border border-slate-100 bg-white/70 px-5 py-3 backdrop-blur-sm shadow-sm\",\"children\":[[\"$\",\"p\",null,{\"className\":\"text-xs sm:text-sm text-slate-500\",\"children\":\"Are you a restaurant owner?\"}],[\"$\",\"$L1d\",null,{\"href\":\"/app/auth/signin\",\"className\":\"mt-1 inline-flex items-center gap-1 text-sm font-semibold text-slate-900 hover:text-slate-700 transition-colors\",\"children\":[\"Sign in to operations\",[\"$\",\"svg\",null,{\"ref\":\"$undefined\",\"xmlns\":\"http://www.w3.org/2000/svg\",\"width\":24,\"height\":24,\"viewBox\":\"0 0 24 24\",\"fill\":\"none\",\"stroke\":\"currentColor\",\"strokeWidth\":2,\"strokeLinecap\":\"round\",\"strokeLinejoin\":\"round\",\"className\":\"lucide lucide-chevron-left h-4 w-4 rotate-180\",\"aria-hidden\":\"true\",\"children\":[[\"$\",\"path\",\"1wnfg3\",{\"d\":\"m15 18-6-6 6-6\"}],\"$undefined\"]}]]}]]}],[\"$\",\"$L1d\",null,{\"href\":\"/\",\"className\":\"inline-flex items-center gap-1.5 text-sm text-slate-500 hover:text-slate-900 transition-colors\",\"children\":[[\"$\",\"svg\",null,{\"ref\":\"$undefined\",\"xmlns\":\"http://www.w3.org/2000/svg\",\"width\":24,\"height\":24,\"viewBox\":\"0 0 24 24\",\"fill\":\"none\",\"stroke\":\"currentColor\",\"strokeWidth\":2,\"strokeLinecap\":\"round\",\"strokeLinejoin\":\"round\",\"className\":\"lucide lucide-chevron-left h-4 w-4\",\"aria-hidden\":\"true\",\"children\":[[\"$\",\"path\",\"1wnfg3\",{\"d\":\"m15 18-6-6 6-6\"}],\"$undefined\"]}],\"Back to home\"]}]]}]]}]\n"])</script><script src="https://plausible.io/js/script.js" async="" defer="" data-domain="nabatable.com" data-nscript="afterInteractive"></script><script id="next-plausible-init" data-nscript="afterInteractive">window.plausible = window.plausible || function() { (window.plausible.q = window.plausible.q || []).push(arguments) }</script><next-route-announcer style="position: absolute;"></next-route-announcer><script>self.__next_f.push([1,"17:[[\"$\",\"title\",\"0\",{\"children\":\"Sign in · Nab a Table\"}],[\"$\",\"meta\",\"1\",{\"name\":\"description\",\"content\":\"Access your Nab a Table guest account to manage bookings and settings.\"}],[\"$\",\"meta\",\"2\",{\"name\":\"application-name\",\"content\":\"Nab a Table\"}],[\"$\",\"meta\",\"3\",{\"name\":\"keywords\",\"content\":\"Nab a Table\"}],[\"$\",\"meta\",\"4\",{\"property\":\"og:title\",\"content\":\"Nab a Table\"}],[\"$\",\"meta\",\"5\",{\"property\":\"og:description\",\"content\":\"Nab a Table — Lapen Inns' intelligent reservations and capacity management platform for hospitality teams.\"}],[\"$\",\"meta\",\"6\",{\"property\":\"og:url\",\"content\":\"https://nabatable.com\"}],[\"$\",\"meta\",\"7\",{\"property\":\"og:site_name\",\"content\":\"Nab a Table\"}],[\"$\",\"meta\",\"8\",{\"property\":\"og:locale\",\"content\":\"en_US\"}],[\"$\",\"meta\",\"9\",{\"property\":\"og:type\",\"content\":\"website\"}],[\"$\",\"meta\",\"10\",{\"name\":\"twitter:card\",\"content\":\"summary_large_image\"}],[\"$\",\"meta\",\"11\",{\"name\":\"twitter:creator\",\"content\":\"@nabatable\"}],[\"$\",\"meta\",\"12\",{\"name\":\"twitter:title\",\"content\":\"Nab a Table\"}],[\"$\",\"meta\",\"13\",{\"name\":\"twitter:description\",\"content\":\"Nab a Table — Lapen Inns' intelligent reservations and capacity management platform for hospitality teams.\"}]]\n13:null\n"])</script></body></html>
  ✘  3 [chromium] › tests/e2e/guest/profile-crud.spec.ts:25:13 › Guest Profile › Profile Management › should manage profile details (7.1s)
  ✘  4 [chromium] › tests/e2e/guest/profile-crud.spec.ts:130:9 › Profile Accessibility › should have accessible form labels (10.9s)
  ✘  2 [chromium] › tests/e2e/guest/booking-crud.spec.ts:27:13 › Guest Booking CRUD › Full Booking Lifecycle › should complete full booking CRUD lifecycle (11.9s)
  ✘  1 [chromium] › tests/e2e/guest/booking-crud.spec.ts:276:9 › Booking Validation › should prevent booking without required fields (16.5s)

🎭 Playwright Global Teardown Starting...
📊 Test reports available at: /Users/amankumarshrestha/Downloads/SajiloReserveX/playwright-report
🎭 Global Teardown Complete


  1) [chromium] › tests/e2e/guest/booking-crud.spec.ts:27:13 › Guest Booking CRUD › Full Booking Lifecycle › should complete full booking CRUD lifecycle › CREATE: should create a new booking via wizard 

    Error: [2mexpect([22m[31mlocator[39m[2m).[22mtoBeVisible[2m([22m[2m)[22m failed

    Locator: getByRole('button', { name: /book|reserve/i }).first()
    Expected: visible
    Timeout: 10000ms
    Error: element(s) not found

    Call log:
    [2m  - Expect "toBeVisible" with timeout 10000ms[22m
    [2m  - waiting for getByRole('button', { name: /book|reserve/i }).first()[22m


      36 |                 // Click "Book Now" or similar CTA
      37 |                 const bookButton = page.getByRole('button', { name: /book|reserve/i }).first();
    > 38 |                 await expect(bookButton).toBeVisible({ timeout: 10_000 });
         |                                          ^
      39 |                 await bookButton.click();
      40 |
      41 |                 // Wait for booking wizard to open
        at /Users/amankumarshrestha/Downloads/SajiloReserveX/tests/e2e/guest/booking-crud.spec.ts:38:42
        at /Users/amankumarshrestha/Downloads/SajiloReserveX/tests/e2e/guest/booking-crud.spec.ts:29:13

    attachment #1: screenshot (image/png) ──────────────────────────────────────────────────────────
    test-results/guest-booking-crud-Guest-B-743ac-full-booking-CRUD-lifecycle-chromium/test-failed-1.png
    ────────────────────────────────────────────────────────────────────────────────────────────────

  2) [chromium] › tests/e2e/guest/booking-crud.spec.ts:276:9 › Booking Validation › should prevent booking without required fields 

    TimeoutError: locator.isDisabled: Timeout 15000ms exceeded.
    Call log:
    [2m  - waiting for getByRole('button', { name: /confirm|complete|book|continue/i })[22m


      295 |             /required|please select|invalid|choose/i
      296 |         );
    > 297 |         const isDisabled = await submitButton.isDisabled();
          |                                               ^
      298 |
      299 |         // Either validation message shown or button is disabled
      300 |         expect(
        at /Users/amankumarshrestha/Downloads/SajiloReserveX/tests/e2e/guest/booking-crud.spec.ts:297:47

    attachment #1: screenshot (image/png) ──────────────────────────────────────────────────────────
    test-results/guest-booking-crud-Booking-e402f-ing-without-required-fields-chromium/test-failed-1.png
    ────────────────────────────────────────────────────────────────────────────────────────────────

    attachment #2: video (video/webm) ──────────────────────────────────────────────────────────────
    test-results/guest-booking-crud-Booking-e402f-ing-without-required-fields-chromium/video.webm
    ────────────────────────────────────────────────────────────────────────────────────────────────

    Error Context: test-results/guest-booking-crud-Booking-e402f-ing-without-required-fields-chromium/error-context.md

  3) [chromium] › tests/e2e/guest/profile-crud.spec.ts:25:13 › Guest Profile › Profile Management › should manage profile details › READ: should display user profile information 

    Error: [2mexpect([22m[31mlocator[39m[2m).[22mtoBeVisible[2m([22m[2m)[22m failed

    Locator: getByRole('heading', { name: /profile/i }).first()
    Expected: visible
    Timeout: 5000ms
    Error: element(s) not found

    Call log:
    [2m  - Expect "toBeVisible" with timeout 5000ms[22m
    [2m  - waiting for getByRole('heading', { name: /profile/i }).first()[22m


      39 |                     const heading = page.getByRole('heading', { name: /profile/i }).first();
      40 |
    > 41 |                     await expect(heading).toBeVisible();
         |                                           ^
      42 |                     await expect(emailInput).toHaveValue(TEST_EMAIL);
      43 |                 } catch (e) {
      44 |                     console.log('❌ TEST FAILED. PAGE CONTENT DUMP:');
        at /Users/amankumarshrestha/Downloads/SajiloReserveX/tests/e2e/guest/profile-crud.spec.ts:41:43
        at /Users/amankumarshrestha/Downloads/SajiloReserveX/tests/e2e/guest/profile-crud.spec.ts:27:13

    attachment #1: screenshot (image/png) ──────────────────────────────────────────────────────────
    test-results/guest-profile-crud-Guest-P-fca03-ould-manage-profile-details-chromium/test-failed-1.png
    ────────────────────────────────────────────────────────────────────────────────────────────────

  4) [chromium] › tests/e2e/guest/profile-crud.spec.ts:130:9 › Profile Accessibility › should have accessible form labels 

    Error: [2mexpect([22m[31mlocator[39m[2m).[22mtoBeVisible[2m([22m[2m)[22m failed

    Locator: getByLabel('Display Name')
    Expected: visible
    Timeout: 5000ms
    Error: element(s) not found

    Call log:
    [2m  - Expect "toBeVisible" with timeout 5000ms[22m
    [2m  - waiting for getByLabel('Display Name')[22m


      137 |         const emailInput = page.getByLabel('Email Address');
      138 |
    > 139 |         await expect(nameInput).toBeVisible();
          |                                 ^
      140 |         await expect(emailInput).toBeVisible();
      141 |
      142 |         // Verify accessible names match
        at /Users/amankumarshrestha/Downloads/SajiloReserveX/tests/e2e/guest/profile-crud.spec.ts:139:33

    attachment #1: screenshot (image/png) ──────────────────────────────────────────────────────────
    test-results/guest-profile-crud-Profile-2beba-have-accessible-form-labels-chromium/test-failed-1.png
    ────────────────────────────────────────────────────────────────────────────────────────────────

  4 failed
    [chromium] › tests/e2e/guest/booking-crud.spec.ts:27:13 › Guest Booking CRUD › Full Booking Lifecycle › should complete full booking CRUD lifecycle 
    [chromium] › tests/e2e/guest/booking-crud.spec.ts:276:9 › Booking Validation › should prevent booking without required fields 
    [chromium] › tests/e2e/guest/profile-crud.spec.ts:25:13 › Guest Profile › Profile Management › should manage profile details 
    [chromium] › tests/e2e/guest/profile-crud.spec.ts:130:9 › Profile Accessibility › should have accessible form labels 
  1 passed (17.5s)

To open last HTML report run:
[36m[39m
[36m  pnpm exec playwright show-report[39m
[36m[39m
 ELIFECYCLE  Command failed with exit code 1.
