[   16209ms] [INFO] %cDownload the React DevTools for a better development experience: https://react.dev/link/react-devtools font-weight:bold @ webpack-internal:///(app-pages-browser)/./node_modules/.pnpm/next@16.1.6_@babel+core@7.28.5_@opentelemetry+api@1.9.0_@playwright+test@1.58.1_react-d_055f00bf67930ba8ce2f2cfa28ccf179/node_modules/next/dist/next-devtools/shared/forward-logs-shared.js:27
[   16298ms] [LOG] [HMR] connected @ webpack-internal:///(app-pages-browser)/./node_modules/.pnpm/next@16.1.6_@babel+core@7.28.5_@opentelemetry+api@1.9.0_@playwright+test@1.58.1_react-d_055f00bf67930ba8ce2f2cfa28ccf179/node_modules/next/dist/next-devtools/shared/forward-logs-shared.js:27
[   16324ms] [LOG] [Fast Refresh] rebuilding @ webpack-internal:///(app-pages-browser)/./node_modules/.pnpm/next@16.1.6_@babel+core@7.28.5_@opentelemetry+api@1.9.0_@playwright+test@1.58.1_react-d_055f00bf67930ba8ce2f2cfa28ccf179/node_modules/next/dist/next-devtools/shared/forward-logs-shared.js:27
[   16824ms] [LOG] [Fast Refresh] rebuilding @ webpack-internal:///(app-pages-browser)/./node_modules/.pnpm/next@16.1.6_@babel+core@7.28.5_@opentelemetry+api@1.9.0_@playwright+test@1.58.1_react-d_055f00bf67930ba8ce2f2cfa28ccf179/node_modules/next/dist/next-devtools/shared/forward-logs-shared.js:27
[   16853ms] [LOG] [Fast Refresh] done in 29ms @ webpack-internal:///(app-pages-browser)/./node_modules/.pnpm/next@16.1.6_@babel+core@7.28.5_@opentelemetry+api@1.9.0_@playwright+test@1.58.1_react-d_055f00bf67930ba8ce2f2cfa28ccf179/node_modules/next/dist/next-devtools/shared/forward-logs-shared.js:27
[   17351ms] [LOG] [Fast Refresh] rebuilding @ webpack-internal:///(app-pages-browser)/./node_modules/.pnpm/next@16.1.6_@babel+core@7.28.5_@opentelemetry+api@1.9.0_@playwright+test@1.58.1_react-d_055f00bf67930ba8ce2f2cfa28ccf179/node_modules/next/dist/next-devtools/shared/forward-logs-shared.js:27
[   17378ms] [LOG] [Fast Refresh] done in 27ms @ webpack-internal:///(app-pages-browser)/./node_modules/.pnpm/next@16.1.6_@babel+core@7.28.5_@opentelemetry+api@1.9.0_@playwright+test@1.58.1_react-d_055f00bf67930ba8ce2f2cfa28ccf179/node_modules/next/dist/next-devtools/shared/forward-logs-shared.js:27
[   18064ms] [LOG] [Fast Refresh] rebuilding @ webpack-internal:///(app-pages-browser)/./node_modules/.pnpm/next@16.1.6_@babel+core@7.28.5_@opentelemetry+api@1.9.0_@playwright+test@1.58.1_react-d_055f00bf67930ba8ce2f2cfa28ccf179/node_modules/next/dist/next-devtools/shared/forward-logs-shared.js:27
[   18108ms] [LOG] [Fast Refresh] done in 45ms @ webpack-internal:///(app-pages-browser)/./node_modules/.pnpm/next@16.1.6_@babel+core@7.28.5_@opentelemetry+api@1.9.0_@playwright+test@1.58.1_react-d_055f00bf67930ba8ce2f2cfa28ccf179/node_modules/next/dist/next-devtools/shared/forward-logs-shared.js:27
[   18919ms] [LOG] [Fast Refresh] rebuilding @ webpack-internal:///(app-pages-browser)/./node_modules/.pnpm/next@16.1.6_@babel+core@7.28.5_@opentelemetry+api@1.9.0_@playwright+test@1.58.1_react-d_055f00bf67930ba8ce2f2cfa28ccf179/node_modules/next/dist/next-devtools/shared/forward-logs-shared.js:27
[   18999ms] [LOG] [Fast Refresh] done in 79ms @ webpack-internal:///(app-pages-browser)/./node_modules/.pnpm/next@16.1.6_@babel+core@7.28.5_@opentelemetry+api@1.9.0_@playwright+test@1.58.1_react-d_055f00bf67930ba8ce2f2cfa28ccf179/node_modules/next/dist/next-devtools/shared/forward-logs-shared.js:27
[   20420ms] [LOG] [Fast Refresh] rebuilding @ webpack-internal:///(app-pages-browser)/./node_modules/.pnpm/next@16.1.6_@babel+core@7.28.5_@opentelemetry+api@1.9.0_@playwright+test@1.58.1_react-d_055f00bf67930ba8ce2f2cfa28ccf179/node_modules/next/dist/next-devtools/shared/forward-logs-shared.js:27
[   20993ms] [LOG] [Fast Refresh] done in 573ms @ webpack-internal:///(app-pages-browser)/./node_modules/.pnpm/next@16.1.6_@babel+core@7.28.5_@opentelemetry+api@1.9.0_@playwright+test@1.58.1_react-d_055f00bf67930ba8ce2f2cfa28ccf179/node_modules/next/dist/next-devtools/shared/forward-logs-shared.js:27
[   21802ms] [LOG] [Fast Refresh] rebuilding @ webpack-internal:///(app-pages-browser)/./node_modules/.pnpm/next@16.1.6_@babel+core@7.28.5_@opentelemetry+api@1.9.0_@playwright+test@1.58.1_react-d_055f00bf67930ba8ce2f2cfa28ccf179/node_modules/next/dist/next-devtools/shared/forward-logs-shared.js:27
[   21874ms] [LOG] [Fast Refresh] done in 71ms @ webpack-internal:///(app-pages-browser)/./node_modules/.pnpm/next@16.1.6_@babel+core@7.28.5_@opentelemetry+api@1.9.0_@playwright+test@1.58.1_react-d_055f00bf67930ba8ce2f2cfa28ccf179/node_modules/next/dist/next-devtools/shared/forward-logs-shared.js:27
[   22463ms] [LOG] [Fast Refresh] rebuilding @ webpack-internal:///(app-pages-browser)/./node_modules/.pnpm/next@16.1.6_@babel+core@7.28.5_@opentelemetry+api@1.9.0_@playwright+test@1.58.1_react-d_055f00bf67930ba8ce2f2cfa28ccf179/node_modules/next/dist/next-devtools/shared/forward-logs-shared.js:27
[   22518ms] [LOG] [Fast Refresh] done in 55ms @ webpack-internal:///(app-pages-browser)/./node_modules/.pnpm/next@16.1.6_@babel+core@7.28.5_@opentelemetry+api@1.9.0_@playwright+test@1.58.1_react-d_055f00bf67930ba8ce2f2cfa28ccf179/node_modules/next/dist/next-devtools/shared/forward-logs-shared.js:27
[   23125ms] [LOG] [Fast Refresh] rebuilding @ webpack-internal:///(app-pages-browser)/./node_modules/.pnpm/next@16.1.6_@babel+core@7.28.5_@opentelemetry+api@1.9.0_@playwright+test@1.58.1_react-d_055f00bf67930ba8ce2f2cfa28ccf179/node_modules/next/dist/next-devtools/shared/forward-logs-shared.js:27
[   23164ms] [LOG] [Fast Refresh] done in 39ms @ webpack-internal:///(app-pages-browser)/./node_modules/.pnpm/next@16.1.6_@babel+core@7.28.5_@opentelemetry+api@1.9.0_@playwright+test@1.58.1_react-d_055f00bf67930ba8ce2f2cfa28ccf179/node_modules/next/dist/next-devtools/shared/forward-logs-shared.js:27
[   26623ms] Invalid or unexpected token
