SET
SET
SET
SET
SET
SET
SET
 set_config 
------------
 
(1 row)

SET
SET
SET
SET
COPY 0
COPY 192
COPY 0
COPY 10
COPY 254
COPY 1226
COPY 0
COPY 115
COPY 202
COPY 5
COPY 2
COPY 300
COPY 639
COPY 146
COPY 0
COPY 239
COPY 1072
COPY 209
COPY 227
COPY 0
COPY 0
COPY 0
COPY 0
COPY 0
COPY 0
COPY 0
COPY 0
COPY 5150
COPY 0
COPY 5
COPY 0
COPY 0
COPY 7
COPY 24
COPY 61
COPY 3
COPY 0
COPY 0
COPY 238
COPY 6
COPY 6
COPY 4
COPY 64
COPY 0
COPY 0
COPY 1
COPY 0
COPY 11
 setval 
--------
      1
(1 row)

 setval 
--------
  39780
(1 row)

SET
