BEGIN
NOTICE:  truncate cascades to table "booking_table_assignments"
NOTICE:  truncate cascades to table "allocations"
NOTICE:  truncate cascades to table "analytics_events"
NOTICE:  truncate cascades to table "booking_confirmation_results"
NOTICE:  truncate cascades to table "booking_slots"
NOTICE:  truncate cascades to table "booking_versions"
NOTICE:  truncate cascades to table "bookings"
NOTICE:  truncate cascades to table "customers"
NOTICE:  truncate cascades to table "demand_profiles"
NOTICE:  truncate cascades to table "email_delivery_log"
NOTICE:  truncate cascades to table "loyalty_point_events"
NOTICE:  truncate cascades to table "loyalty_points"
NOTICE:  truncate cascades to table "loyalty_programs"
NOTICE:  truncate cascades to table "manual_assignment_sessions"
NOTICE:  truncate cascades to table "restaurant_invites"
NOTICE:  truncate cascades to table "restaurant_memberships"
NOTICE:  truncate cascades to table "table_hold_members"
NOTICE:  truncate cascades to table "table_hold_windows"
NOTICE:  truncate cascades to table "table_holds"
NOTICE:  truncate cascades to table "table_scarcity_metrics"
NOTICE:  truncate cascades to table "waiting_list"
NOTICE:  truncate cascades to table "booking_assignment_attempts"
NOTICE:  truncate cascades to table "booking_assignment_idempotency"
NOTICE:  truncate cascades to table "booking_state_history"
NOTICE:  truncate cascades to table "customer_profiles"
TRUNCATE TABLE
COMMIT
