pg_restore: connecting to database for restore
pg_restore: executing SELECT pg_catalog.set_config('search_path', '', false);
pg_restore: disabling triggers for booking_occasions
pg_restore: while PROCESSING TOC:
pg_restore: from TOC entry 4498; 0 60462 TABLE DATA booking_occasions postgres
pg_restore: error: could not execute query: ERROR:  permission denied: "RI_ConstraintTrigger_a_18620" is a system trigger
Command was: ALTER TABLE public.booking_occasions DISABLE TRIGGER ALL;

pg_restore: processing data for table "public.booking_occasions"
pg_restore: enabling triggers for booking_occasions
pg_restore: error: could not execute query: ERROR:  permission denied: "RI_ConstraintTrigger_a_18620" is a system trigger
Command was: ALTER TABLE public.booking_occasions ENABLE TRIGGER ALL;

pg_restore: disabling triggers for merge_rules
pg_restore: processing data for table "public.merge_rules"
pg_restore: enabling triggers for merge_rules
pg_restore: disabling triggers for restaurants
pg_restore: from TOC entry 4502; 0 60712 TABLE DATA restaurants postgres
pg_restore: error: could not execute query: ERROR:  permission denied: "RI_ConstraintTrigger_a_18505" is a system trigger
Command was: ALTER TABLE public.restaurants DISABLE TRIGGER ALL;

pg_restore: processing data for table "public.restaurants"
pg_restore: enabling triggers for restaurants
pg_restore: error: could not execute query: ERROR:  permission denied: "RI_ConstraintTrigger_a_18505" is a system trigger
Command was: ALTER TABLE public.restaurants ENABLE TRIGGER ALL;

pg_restore: disabling triggers for restaurant_service_periods
pg_restore: from TOC entry 4501; 0 60702 TABLE DATA restaurant_service_periods postgres
pg_restore: error: could not execute query: ERROR:  permission denied: "RI_ConstraintTrigger_a_18560" is a system trigger
Command was: ALTER TABLE public.restaurant_service_periods DISABLE TRIGGER ALL;

pg_restore: processing data for table "public.restaurant_service_periods"
pg_restore: enabling triggers for restaurant_service_periods
pg_restore: error: could not execute query: ERROR:  permission denied: "RI_ConstraintTrigger_a_18560" is a system trigger
Command was: ALTER TABLE public.restaurant_service_periods ENABLE TRIGGER ALL;

pg_restore: disabling triggers for restaurant_capacity_rules
pg_restore: from TOC entry 4509; 0 94377 TABLE DATA restaurant_capacity_rules postgres
pg_restore: error: could not execute query: ERROR:  permission denied: "RI_ConstraintTrigger_c_18727" is a system trigger
Command was: ALTER TABLE public.restaurant_capacity_rules DISABLE TRIGGER ALL;

pg_restore: processing data for table "public.restaurant_capacity_rules"
pg_restore: enabling triggers for restaurant_capacity_rules
pg_restore: error: could not execute query: ERROR:  permission denied: "RI_ConstraintTrigger_c_18727" is a system trigger
Command was: ALTER TABLE public.restaurant_capacity_rules ENABLE TRIGGER ALL;

pg_restore: disabling triggers for restaurant_operating_hours
pg_restore: from TOC entry 4500; 0 60691 TABLE DATA restaurant_operating_hours postgres
pg_restore: error: could not execute query: ERROR:  permission denied: "RI_ConstraintTrigger_c_18752" is a system trigger
Command was: ALTER TABLE public.restaurant_operating_hours DISABLE TRIGGER ALL;

pg_restore: processing data for table "public.restaurant_operating_hours"
pg_restore: enabling triggers for restaurant_operating_hours
pg_restore: error: could not execute query: ERROR:  permission denied: "RI_ConstraintTrigger_c_18752" is a system trigger
Command was: ALTER TABLE public.restaurant_operating_hours ENABLE TRIGGER ALL;

pg_restore: disabling triggers for restaurant_turn_bands
pg_restore: from TOC entry 4510; 0 112032 TABLE DATA restaurant_turn_bands postgres
pg_restore: error: could not execute query: ERROR:  permission denied: "RI_ConstraintTrigger_c_18767" is a system trigger
Command was: ALTER TABLE public.restaurant_turn_bands DISABLE TRIGGER ALL;

pg_restore: processing data for table "public.restaurant_turn_bands"
pg_restore: enabling triggers for restaurant_turn_bands
pg_restore: error: could not execute query: ERROR:  permission denied: "RI_ConstraintTrigger_c_18767" is a system trigger
Command was: ALTER TABLE public.restaurant_turn_bands ENABLE TRIGGER ALL;

pg_restore: disabling triggers for service_policy
pg_restore: processing data for table "public.service_policy"
pg_restore: enabling triggers for service_policy
pg_restore: disabling triggers for strategic_configs
pg_restore: from TOC entry 4504; 0 60746 TABLE DATA strategic_configs postgres
pg_restore: error: could not execute query: ERROR:  permission denied: "RI_ConstraintTrigger_c_18777" is a system trigger
Command was: ALTER TABLE public.strategic_configs DISABLE TRIGGER ALL;

pg_restore: processing data for table "public.strategic_configs"
pg_restore: enabling triggers for strategic_configs
pg_restore: error: could not execute query: ERROR:  permission denied: "RI_ConstraintTrigger_c_18777" is a system trigger
Command was: ALTER TABLE public.strategic_configs ENABLE TRIGGER ALL;

pg_restore: disabling triggers for zones
pg_restore: from TOC entry 4508; 0 60833 TABLE DATA zones postgres
pg_restore: error: could not execute query: ERROR:  permission denied: "RI_ConstraintTrigger_a_18615" is a system trigger
Command was: ALTER TABLE public.zones DISABLE TRIGGER ALL;

pg_restore: processing data for table "public.zones"
pg_restore: enabling triggers for zones
pg_restore: error: could not execute query: ERROR:  permission denied: "RI_ConstraintTrigger_a_18615" is a system trigger
Command was: ALTER TABLE public.zones ENABLE TRIGGER ALL;

pg_restore: disabling triggers for table_inventory
pg_restore: from TOC entry 4506; 0 60781 TABLE DATA table_inventory postgres
pg_restore: error: could not execute query: ERROR:  permission denied: "RI_ConstraintTrigger_a_18600" is a system trigger
Command was: ALTER TABLE public.table_inventory DISABLE TRIGGER ALL;

pg_restore: processing data for table "public.table_inventory"
pg_restore: error: COPY failed for table "table_inventory": ERROR:  insert or update on table "table_inventory" violates foreign key constraint "table_inventory_allowed_capacity_fkey"
DETAIL:  Key (restaurant_id, capacity)=(a050d1ad-1ee0-4ea0-abc2-22c3778aa52c, 4) is not present in table "allowed_capacities".
pg_restore: enabling triggers for table_inventory
pg_restore: error: could not execute query: ERROR:  permission denied: "RI_ConstraintTrigger_a_18600" is a system trigger
Command was: ALTER TABLE public.table_inventory ENABLE TRIGGER ALL;

pg_restore: disabling triggers for table_adjacencies
pg_restore: from TOC entry 4505; 0 60753 TABLE DATA table_adjacencies postgres
pg_restore: error: could not execute query: ERROR:  permission denied: "RI_ConstraintTrigger_c_18787" is a system trigger
Command was: ALTER TABLE public.table_adjacencies DISABLE TRIGGER ALL;

pg_restore: processing data for table "public.table_adjacencies"
pg_restore: error: COPY failed for table "table_adjacencies": ERROR:  Tables must belong to zones before adjacency can be created
CONTEXT:  PL/pgSQL function validate_table_adjacency() line 10 at RAISE
COPY table_adjacencies, line 1: "0c6a69df-c0d3-4c5f-ab6f-0e79f0dc7050	b5a39c61-2790-46d4-a826-5a1979c25301	2025-11-26 22:07:14.762394..."
pg_restore: enabling triggers for table_adjacencies
pg_restore: error: could not execute query: ERROR:  permission denied: "RI_ConstraintTrigger_c_18787" is a system trigger
Command was: ALTER TABLE public.table_adjacencies ENABLE TRIGGER ALL;

pg_restore: disabling triggers for table_merge_graph
pg_restore: processing data for table "public.table_merge_graph"
pg_restore: enabling triggers for table_merge_graph
pg_restore: warning: errors ignored on restore: 22
