
[2mRunning [22m5[2m tests using [22m1[2m worker[22m

[1A[2K(node:72129) Warning: The 'NO_COLOR' env is ignored due to the 'FORCE_COLOR' env being set.
(Use `node --trace-warnings ...` to show where the warning was created)


[1A[2K(node:72129) Warning: The 'NO_COLOR' env is ignored due to the 'FORCE_COLOR' env being set.
(Use `node --trace-warnings ...` to show where the warning was created)


[1A[2K[1/5] …n, and outcome recovery @p1 @browser @contract @external-mock @local-only
[1A[2K[2/5] …and unconfigured states @p1 @browser @contract @external-mock @local-only
[1A[2K[3/5] …ithout publish controls @p1 @browser @contract @external-mock @local-only
[1A[2K[4/5] …n picker before linking @p1 @browser @contract @external-mock @local-only
[1A[2K[31m  1) tests/e2e/ops-gbp-dual-sync.spec.ts:845:7 › ops GBP dual-sync shipped route › google business profile route shows the location picker before linking @p1 @browser @contract @external-mock @local-only [39m

    Error: [2mexpect([22m[31mlocator[39m[2m).[22mtoBeVisible[2m([22m[2m)[22m failed

    Locator: locator('main').getByText('Available locations')
    Expected: visible
    Timeout: 10000ms
    Error: element(s) not found

    Call log:
    [2m  - Expect "toBeVisible" with timeout 10000ms[22m
    [2m  - waiting for locator('main').getByText('Available locations')[22m


      869 |       page.getByTestId('gbp-overview-card').getByText('Choose location', { exact: true }).first(),
      870 |     ).toBeVisible();
    > 871 |     await expect(page.locator('main').getByText('Available locations')).toBeVisible();
          |                                                                         ^
      872 |     await expect(
      873 |       page.locator('main').getByText('QA GBP Restaurant - Cambridge').first(),
      874 |     ).toBeVisible();
    [2m    at /Users/amankumarshrestha/LapenInns Project/nabatableLP/tests/e2e/ops-gbp-dual-sync.spec.ts:871:73[22m

[2m    attachment #1: [1mscreenshot[2m (image/png) [2m──────────────────────────────────────[2m[22m
[2m    test-results/qa/gbp-wave3-production/ops-gbp-dual-sync-ops-GBP--fd12e-ct-external-mock-local-only/test-failed-1.png[22m
[2m    [2m────────────────────────────────────────────────────────────────────────────[2m[22m

[2m    attachment #2: [1mvideo[2m (video/webm) [2m──────────────────────────────────────────[2m[22m
[2m    test-results/qa/gbp-wave3-production/ops-gbp-dual-sync-ops-GBP--fd12e-ct-external-mock-local-only/video.webm[22m
[2m    [2m────────────────────────────────────────────────────────────────────────────[2m[22m

[2m    Error Context: test-results/qa/gbp-wave3-production/ops-gbp-dual-sync-ops-GBP--fd12e-ct-external-mock-local-only/error-context.md[22m

[2m    attachment #4: [1mtrace[2m (application/zip) [2m─────────────────────────────────────[2m[22m
[2m    test-results/qa/gbp-wave3-production/ops-gbp-dual-sync-ops-GBP--fd12e-ct-external-mock-local-only/trace.zip[22m
[2m    Usage:[22m

[2m        npx playwright show-trace test-results/qa/gbp-wave3-production/ops-gbp-dual-sync-ops-GBP--fd12e-ct-external-mock-local-only/trace.zip[22m

[2m    [2m────────────────────────────────────────────────────────────────────────────[2m[22m


[1A[2K(node:73891) Warning: The 'NO_COLOR' env is ignored due to the 'FORCE_COLOR' env being set.
(Use `node --trace-warnings ...` to show where the warning was created)


[1A[2K(node:73891) Warning: The 'NO_COLOR' env is ignored due to the 'FORCE_COLOR' env being set.
(Use `node --trace-warnings ...` to show where the warning was created)


[1A[2K[5/5] …rd on the shipped route @p1 @browser @contract @external-mock @local-only
[1A[2K[31m  1 failed[39m
[31m    tests/e2e/ops-gbp-dual-sync.spec.ts:845:7 › ops GBP dual-sync shipped route › google business profile route shows the location picker before linking @p1 @browser @contract @external-mock @local-only [39m
[32m  4 passed[39m[2m (42.0s)[22m
