  % Total    % Received % Xferd  Average Speed   Time    Time     Time  Current
                                 Dload  Upload   Total   Spent    Left  Speed
  0     0    0     0    0     0      0      0 --:--:-- --:--:-- --:--:--     0  0     0    0     0    0     0      0      0 --:--:--  0:00:01 --:--:--     0  0     0    0     0    0     0      0      0 --:--:--  0:00:02 --:--:--     0100    24    0    24    0     0      9      0 --:--:--  0:00:02 --:--:--     9
HTTP/1.1 401 Unauthorized
content-security-policy: base-uri 'self'; frame-ancestors 'none'; object-src 'none'; form-action 'self'
referrer-policy: strict-origin-when-cross-origin
server-timing: proxy;dur=0.197
set-cookie: sr-csrf-token=81ab5bdd7e114db9b76ae21687494d55; Path=/; Expires=Thu, 13 Aug 2026 00:04:08 GMT; Max-Age=259200; SameSite=lax
traceparent: 00-f2314eaa91e1444ebdff07c8bc812760-71d95ca76b81446a-01
x-content-type-options: nosniff
x-frame-options: DENY
x-request-id: 057df8f9-0c04-4919-9ba4-cafea5768c1d
vary: rsc, next-router-state-tree, next-router-prefetch, next-router-segment-prefetch
vary: Cookie, Authorization
cache-control: private, no-store, max-age=0
cdn-cache-control: no-store
content-type: application/json
Date: Mon, 10 Aug 2026 00:04:11 GMT
Connection: keep-alive
Keep-Alive: timeout=5
Transfer-Encoding: chunked

{"error":"Unauthorized"}