
 RUN  v4.1.0 /Users/amankumarshrestha/LapenInns Project/nabatableLP

 ❯ tests/config/vercel-crons.test.ts (5 tests | 1 failed) 5ms
     × schedules dual-sync notifications exactly once every fifteen minutes 3ms

⎯⎯⎯⎯⎯⎯⎯ Failed Tests 1 ⎯⎯⎯⎯⎯⎯⎯

 FAIL  tests/config/vercel-crons.test.ts > vercel cron configuration > schedules dual-sync notifications exactly once every fifteen minutes
AssertionError: expected [] to deeply equal [ { …(2) } ]

- Expected
+ Received

- [
-   {
-     "path": "/api/cron/dual-sync/notifications",
-     "schedule": "*/15 * * * *",
-   },
- ]
+ []

 ❯ tests/config/vercel-crons.test.ts:80:31
     78|     );
     79|
     80|     expect(notificationCrons).toEqual([
       |                               ^
     81|       {
     82|         path: '/api/cron/dual-sync/notifications',

⎯⎯⎯⎯⎯⎯⎯⎯⎯⎯⎯⎯⎯⎯⎯⎯⎯⎯⎯⎯⎯⎯⎯⎯[1/1]⎯


 Test Files  1 failed (1)
      Tests  1 failed | 4 passed (5)
   Start at  18:41:23
   Duration  370ms (transform 22ms, setup 46ms, import 7ms, tests 5ms, environment 233ms)

