^D[?25l
 RUN  v4.1.0 /Users/amankumarshrestha/LapenInns Project/nabatableLP

 ❯ tests/components/features/restaurant-settings/RestaurantSettingsChromeHeader.test.tsx (5 tests | 1 failed) 98ms
     × @contract keeps the title usable at 375px and defers the restaurant badge to sm 8ms

⎯⎯⎯⎯⎯⎯⎯ Failed Tests 1 ⎯⎯⎯⎯⎯⎯⎯

 FAIL  tests/components/features/restaurant-settings/RestaurantSettingsChromeHeader.test.tsx > RestaurantSettingsChromeHeader > @contract keeps the title usable at 375px and defers the restaurant badge to sm
Error: expect(element).toHaveClass("flex-1 min-w-0 overflow-hidden")

Expected the element to have class:
  flex-1 min-w-0 overflow-hidden
Received:
  min-w-0 border-l border-border/60 pl-3
 ❯ tests/components/features/restaurant-settings/RestaurantSettingsChromeHeader.test.tsx:94:33
     92|
     93|     const title = screen.getByRole('heading', { name: 'Google Business…
     94|     expect(title.parentElement).toHaveClass('flex-1', 'min-w-0', 'over…
       |                                 ^
     95|     expect(title.parentElement?.parentElement).toHaveClass('flex-1', '…
     96|     expect(screen.getByText('QA App Host Restaurant')).toHaveClass('hi…

⎯⎯⎯⎯⎯⎯⎯⎯⎯⎯⎯⎯⎯⎯⎯⎯⎯⎯⎯⎯⎯⎯⎯⎯[1/1]⎯


 Test Files  1 failed (1)
      Tests  1 failed | 4 passed (5)
   Start at  22:00:29
   Duration  819ms (transform 188ms, setup 31ms, import 436ms, tests 98ms, environment 192ms)

[?25h