=== booking-short-links build ===

 ⛅️ wrangler 4.111.0
────────────────────
[31m✘ [41;31m[[41;97mERROR[41;31m][0m [1mFailed to write to log file Error: EPERM: operation not permitted, open '/Users/amankumarshrestha/.wrangler/logs/wrangler-2026-08-10_02-14-46_475.log'[0m

      at async open (node:internal/fs/promises:639:25)
      at async writeFile (node:internal/fs/promises:1222:14)
      at async /Users/amankumarshrestha/LapenInns Project/nabatableLP/node_modules/.pnpm/wrangler@4.111.0_@cloudflare+workers-types@5.20260715.1/node_modules/wrangler/wrangler-dist/cli.js:48582:7
      at async Mutex.runWith (/Users/amankumarshrestha/LapenInns Project/nabatableLP/node_modules/.pnpm/miniflare@4.20260710.0/node_modules/miniflare/dist/src/index.js:60897:48)
      at async appendToDebugLogFile (/Users/amankumarshrestha/LapenInns Project/nabatableLP/node_modules/.pnpm/wrangler@4.111.0_@cloudflare+workers-types@5.20260715.1/node_modules/wrangler/wrangler-dist/cli.js:48579:3) {
    errno: -1,
    code: 'EPERM',
    syscall: 'open',
    path: '/Users/amankumarshrestha/.wrangler/logs/wrangler-2026-08-10_02-14-46_475.log'
  }


[31m✘ [41;31m[[41;97mERROR[41;31m][0m [1mWould have written: [0m

  --- 2026-08-10T02:14:46.566Z debug
  🪵  Writing logs to "/Users/amankumarshrestha/.wrangler/logs/wrangler-2026-08-10_02-14-46_475.log"
  ---
  


Total Upload: 27.51 KiB / gzip: 7.36 KiB
Your Worker has access to the following bindings:
Binding                                                                                Resource                     
env.BOOKING_SHORT_LINKS_CACHE (e5ca786cf59c426c9f745f15a96529c8)                       KV Namespace                 
env.BOOKING_SHORT_LINKS_DB (nabatable-booking-short-links)                             D1 Database                  
env.CF_VERSION_METADATA                                                                Worker Version Metadata      
env.SHORT_LINKS_PUBLIC_BASE_URL ("https://go.nabatable.com")                           Environment Variable         
env.BOOKING_SITE_URL ("https://nabatable.com")                                         Environment Variable         
env.ALLOWED_DESTINATION_HOSTS ("nabatable.com,www.nabatable.com,app.n...")             Environment Variable         
env.ALLOWED_REVIEW_DESTINATION_HOSTS ("g.page,maps.app.goo.gl,google.com,goo...")      Environment Variable         
env.POSTHOG_HOST ("https://eu.i.posthog.com")                                          Environment Variable         
env.ERROR_INSIGHT_WEBHOOK_URL ("https://app.nabatable.com/api/webhook...")             Environment Variable         

--dry-run: exiting now.
🪵  Logs were written to "/Users/amankumarshrestha/.wrangler/logs/wrangler-2026-08-10_02-14-46_475.log"
=== email-queue-gateway build ===

 ⛅️ wrangler 4.111.0
────────────────────
[31m✘ [41;31m[[41;97mERROR[41;31m][0m [1mFailed to write to log file Error: EPERM: operation not permitted, open '/Users/amankumarshrestha/.wrangler/logs/wrangler-2026-08-10_02-14-46_936.log'[0m

      at async open (node:internal/fs/promises:639:25)
      at async writeFile (node:internal/fs/promises:1222:14)
      at async /Users/amankumarshrestha/LapenInns Project/nabatableLP/node_modules/.pnpm/wrangler@4.111.0_@cloudflare+workers-types@5.20260715.1/node_modules/wrangler/wrangler-dist/cli.js:48582:7
      at async Mutex.runWith (/Users/amankumarshrestha/LapenInns Project/nabatableLP/node_modules/.pnpm/miniflare@4.20260710.0/node_modules/miniflare/dist/src/index.js:60897:48)
      at async appendToDebugLogFile (/Users/amankumarshrestha/LapenInns Project/nabatableLP/node_modules/.pnpm/wrangler@4.111.0_@cloudflare+workers-types@5.20260715.1/node_modules/wrangler/wrangler-dist/cli.js:48579:3) {
    errno: -1,
    code: 'EPERM',
    syscall: 'open',
    path: '/Users/amankumarshrestha/.wrangler/logs/wrangler-2026-08-10_02-14-46_936.log'
  }


[31m✘ [41;31m[[41;97mERROR[41;31m][0m [1mWould have written: [0m

  --- 2026-08-10T02:14:47.025Z debug
  🪵  Writing logs to "/Users/amankumarshrestha/.wrangler/logs/wrangler-2026-08-10_02-14-46_936.log"
  ---
  


Total Upload: 31.93 KiB / gzip: 8.11 KiB
Your Worker has access to the following bindings:
Binding                                                                         Resource                     
env.EMAIL_QUEUE_STATE (EmailQueueState)                                         Durable Object               
env.RATE_LIMIT_STATE (RateLimitState)                                           Durable Object               
env.CAPACITY_VERSION_STATE (CapacityVersionState)                               Durable Object               
env.CF_VERSION_METADATA                                                         Worker Version Metadata      
env.POSTHOG_HOST ("https://eu.i.posthog.com")                                   Environment Variable         
env.ERROR_INSIGHT_WEBHOOK_URL ("https://app.nabatable.com/api/webhook...")      Environment Variable         

--dry-run: exiting now.
🪵  Logs were written to "/Users/amankumarshrestha/.wrangler/logs/wrangler-2026-08-10_02-14-46_936.log"
=== sms-summary-gateway build ===

 ⛅️ wrangler 4.111.0
────────────────────
[31m✘ [41;31m[[41;97mERROR[41;31m][0m [1mFailed to write to log file Error: EPERM: operation not permitted, open '/Users/amankumarshrestha/.wrangler/logs/wrangler-2026-08-10_02-14-47_355.log'[0m

      at async open (node:internal/fs/promises:639:25)
      at async writeFile (node:internal/fs/promises:1222:14)
      at async /Users/amankumarshrestha/LapenInns Project/nabatableLP/node_modules/.pnpm/wrangler@4.111.0_@cloudflare+workers-types@5.20260715.1/node_modules/wrangler/wrangler-dist/cli.js:48582:7
      at async Mutex.runWith (/Users/amankumarshrestha/LapenInns Project/nabatableLP/node_modules/.pnpm/miniflare@4.20260710.0/node_modules/miniflare/dist/src/index.js:60897:48)
      at async appendToDebugLogFile (/Users/amankumarshrestha/LapenInns Project/nabatableLP/node_modules/.pnpm/wrangler@4.111.0_@cloudflare+workers-types@5.20260715.1/node_modules/wrangler/wrangler-dist/cli.js:48579:3) {
    errno: -1,
    code: 'EPERM',
    syscall: 'open',
    path: '/Users/amankumarshrestha/.wrangler/logs/wrangler-2026-08-10_02-14-47_355.log'
  }


[31m✘ [41;31m[[41;97mERROR[41;31m][0m [1mWould have written: [0m

  --- 2026-08-10T02:14:47.449Z debug
  🪵  Writing logs to "/Users/amankumarshrestha/.wrangler/logs/wrangler-2026-08-10_02-14-47_355.log"
  ---
  


Total Upload: 758.12 KiB / gzip: 151.50 KiB
Your Worker has access to the following bindings:
Binding                                                                              Resource                     
env.DAILY_BOOKING_SUMMARY_STATE (DailyBookingSummaryState)                           Durable Object               
env.DAILY_BOOKING_SUMMARY_QUEUE (nabatable-sms-daily-summary)                        Queue                        
env.CF_VERSION_METADATA                                                              Worker Version Metadata      
env.POSTHOG_HOST ("https://eu.i.posthog.com")                                        Environment Variable         
env.ERROR_INSIGHT_WEBHOOK_URL ("https://app.nabatable.com/api/webhook...")           Environment Variable         
env.SMS_SUMMARY_GATEWAY_PUBLIC_URL ("https://nabatable-sms-summary-gateway...")      Environment Variable         

--dry-run: exiting now.
🪵  Logs were written to "/Users/amankumarshrestha/.wrangler/logs/wrangler-2026-08-10_02-14-47_355.log"
exit=
