^D[?25l
 RUN  v4.1.0 /Users/amankumarshrestha/LapenInns Project/nabatableLP

 ❯ tests/components/features/restaurant-settings/dual-sync/GbpExactPublishResultDialog.test.tsx (1 test | 1 failed) 92ms
     × shows both fresh-preview and operational-delivery recovery for outcome_unknown 91ms
 ❯ tests/components/features/restaurant-settings/dual-sync/GbpExactPublishDialog.test.tsx (3 tests | 1 failed) 193ms
     × shows exact listing, versions, fingerprint, expiry, method, masks, values and warnings 102ms
 ❯ tests/components/features/restaurant-settings/google-business-profile/sections/GbpWorkflowFrame.test.tsx (3 tests | 1 failed) 156ms
     × @contract adds the review rail item only when the sync workspace exists 27ms

⎯⎯⎯⎯⎯⎯⎯ Failed Tests 3 ⎯⎯⎯⎯⎯⎯⎯

 FAIL  tests/components/features/restaurant-settings/dual-sync/GbpExactPublishDialog.test.tsx > GbpExactPublishDialog > shows exact listing, versions, fingerprint, expiry, method, masks, values and warnings
Error: expect(element).toHaveAttribute("tabindex", "-1") // element.getAttribute("tabindex") === "-1"

Expected the element to have attribute:
  tabindex="-1"
Received:
  null
 ❯ tests/components/features/restaurant-settings/dual-sync/GbpExactPublishDialog.test.tsx:86:83
     84|     expect(screen.getByText('{"sections":1}')).toBeInTheDocument();
     85|     expect(screen.getByText(/replaces the full google foodmenus resour…
     86|     expect(screen.getByRole('heading', { name: 'Confirm exact Google p…
       |                                                                                   ^
     87|       'tabindex',
     88|       '-1',

⎯⎯⎯⎯⎯⎯⎯⎯⎯⎯⎯⎯⎯⎯⎯⎯⎯⎯⎯⎯⎯⎯⎯⎯[1/3]⎯

 FAIL  tests/components/features/restaurant-settings/dual-sync/GbpExactPublishResultDialog.test.tsx > GbpExactPublishResultDialog > shows both fresh-preview and operational-delivery recovery for outcome_unknown
Error: expect(element).toHaveClass("pr-12 sm:pr-0")

Expected the element to have class:
  pr-12 sm:pr-0
Received:
  flex flex-col gap-1.5 text-center sm:text-left
 ❯ tests/components/features/restaurant-settings/dual-sync/GbpExactPublishResultDialog.test.tsx:29:71
     27|     expect(screen.getByText(/create a new preview/i)).toBeInTheDocumen…
     28|     expect(screen.getByText(/verify the operational notification chann…
     29|     expect(screen.getByText(/queued is not complete/i).parentElement).…
       |                                                                       ^
     30|       'pr-12',
     31|       'sm:pr-0',

⎯⎯⎯⎯⎯⎯⎯⎯⎯⎯⎯⎯⎯⎯⎯⎯⎯⎯⎯⎯⎯⎯⎯⎯[2/3]⎯

 FAIL  tests/components/features/restaurant-settings/google-business-profile/sections/GbpWorkflowFrame.test.tsx > GbpWorkflowFrame > @contract adds the review rail item only when the sync workspace exists
Error: expect(element).toHaveClass("max-sm:[&_[role=list]]:flex-wrap max-sm:[&_[role=list]]:overflow-visible")

Expected the element to have class:
  max-sm:[&_[role=list]]:flex-wrap max-sm:[&_[role=list]]:overflow-visible
Received:
  sticky top-0 z-10 mb-4 border-b border-border/60 bg-background/95 backdrop-blur supports-[backdrop-filter]:bg-background/90
 ❯ tests/components/features/restaurant-settings/google-business-profile/sections/GbpWorkflowFrame.test.tsx:66:73
     64|     expect(onSelectAnchor).toHaveBeenCalledWith('gbp-sync-review');
     65|     expect(screen.queryByText('Google integration is 100% optional')).…
     66|     expect(screen.getByRole('navigation', { name: 'Google workflow' })…
       |                                                                         ^
     67|       'max-sm:[&_[role=list]]:flex-wrap',
     68|       'max-sm:[&_[role=list]]:overflow-visible',

⎯⎯⎯⎯⎯⎯⎯⎯⎯⎯⎯⎯⎯⎯⎯⎯⎯⎯⎯⎯⎯⎯⎯⎯[3/3]⎯


 Test Files  3 failed (3)
      Tests  3 failed | 4 passed (7)
   Start at  22:29:49
   Duration  865ms (transform 188ms, setup 119ms, import 614ms, tests 441ms, environment 738ms)

[?25h