[WARN] The "pnpm" field in package.json is no longer read by pnpm. The following keys were ignored: "pnpm.overrides", "pnpm.onlyBuiltDependencies". See https://pnpm.io/settings for the new home of each setting.

> nabatable-platform@0.1.0 build:turbo /Users/amankumarshrestha/LapenInns Project/nabatableLP
> next build

▲ Next.js 16.2.10 (Turbopack)
- Environments: .env.local

  Creating an optimized production build ...
Turbopack build encountered 3 warnings:
./server/capacity/strategic-config.ts:67:10
The file pattern ('/ROOT/' <dynamic> | '/ROOT' <dynamic>) matches 17894 files in [project]/
  [90m65 |[0m     [36mreturn[0m rawPath;
  [90m66 |[0m   }
[31m[1m>[0m [90m67 |[0m   [36mreturn[0m path.join(process.cwd(), rawPath);
  [90m   |[0m          [31m[1m^^^^^^^^^^^^^^^^^^^^^^^^^^^^^^^^^[0m
  [90m68 |[0m }
  [90m69 |[0m
  [90m70 |[0m [36mfunction[0m computeCacheKey(restaurantId: string | [36mnull[0m): string {

Overly broad patterns can lead to build performance issues and over bundling.

Import trace:
  App Route:
    ./server/capacity/strategic-config.ts
    ./server/capacity/policy.ts
    ./src/app/api/ops/restaurants/[id]/turn-bands/route.ts


./next.config.js
Encountered unexpected file in NFT list
A file was traced that indicates that the whole project was traced unintentionally. Somewhere in the import trace below, there are:
- filesystem operations (like path.join, path.resolve or fs.readFile), or
- very dynamic requires (like require('./' + foo)).
To resolve this, you can
- remove them if possible, or
- only use them in development, or
- make sure they are statically scoped to some subfolder: path.join(process.cwd(), 'data', bar), or
- add ignore comments: path.join(/*turbopackIgnore: true*/ process.cwd(), bar)

Import trace:
  App Route:
    ./next.config.js
    ./server/capacity/strategic-config.ts
    ./server/capacity/policy.ts
    ./src/app/api/ops/restaurants/[id]/turn-bands/route.ts


./next.config.js
Encountered unexpected file in NFT list
A file was traced that indicates that the whole project was traced unintentionally. Somewhere in the import trace below, there are:
- filesystem operations (like path.join, path.resolve or fs.readFile), or
- very dynamic requires (like require('./' + foo)).
To resolve this, you can
- remove them if possible, or
- only use them in development, or
- make sure they are statically scoped to some subfolder: path.join(process.cwd(), 'data', bar), or
- add ignore comments: path.join(/*turbopackIgnore: true*/ process.cwd(), bar)

Output asset trace:
  [output]/.next/server/app/api/ops/bookings/[id]/dialog/route.js
  [output]/.next/server/chunks/_1oolctl._.js

Import trace:
  App Route:
    ./next.config.js
    ./server/capacity/strategic-config.ts
    ./server/capacity/policy.ts
    ./src/app/api/ops/restaurants/[id]/turn-bands/route.ts



> Build error occurred
Error: Turbopack build failed with 5 errors:
./src/app/api/ops/message-delivery/route.ts:1:15
Next.js can't recognize the exported `dynamic` field in route. It mustn't be reexported.
[31m[1m>[0m [90m1 |[0m [36mexport[0m { [33mGET[0m, dynamic, runtime } [36mfrom[0m [32m'../sms-delivery/route'[0m;
  [90m  |[0m               [31m[1m^^^^^^^[0m
  [90m2 |[0m

The exported configuration object in a source file needs to have a very specific format from which some properties can be statically parsed at compiled-time.

Import trace:
  App Route:
    ./src/app/api/ops/message-delivery/route.ts
    ./server/capacity/strategic-config.ts
    ./server/capacity/policy.ts
    ./src/app/api/ops/restaurants/[id]/turn-bands/route.ts

https://nextjs.org/docs/app/api-reference/file-conventions/route-segment-config


./src/app/api/ops/message-delivery/route.ts:1:24
Next.js can't recognize the exported `runtime` field in route. It mustn't be reexported.
[31m[1m>[0m [90m1 |[0m [36mexport[0m { [33mGET[0m, dynamic, runtime } [36mfrom[0m [32m'../sms-delivery/route'[0m;
  [90m  |[0m                        [31m[1m^^^^^^^[0m
  [90m2 |[0m

The exported configuration object in a source file needs to have a very specific format from which some properties can be statically parsed at compiled-time.

Import trace:
  App Route:
    ./src/app/api/ops/message-delivery/route.ts
    ./server/capacity/strategic-config.ts
    ./server/capacity/policy.ts
    ./src/app/api/ops/restaurants/[id]/turn-bands/route.ts

https://nextjs.org/docs/app/api-reference/file-conventions/route-segment-config


./
Module not found: Can't resolve './Users/amankumarshrestha/LapenInns Project/nabatableLP/hooks'
server relative imports are not implemented yet. Please try an import relative to the file you are importing from.


https://nextjs.org/docs/messages/module-not-found


./src/app/app/(app)/new-bookings/_components/OpsGuestBookingWizard.tsx:13:1
Module not found: Can't resolve '@/hooks'
  [90m11 |[0m [36mimport[0m { [33mText[0m } [36mfrom[0m [32m'@/components/ui/typography'[0m;
  [90m12 |[0m [36mimport[0m { useOpsActiveMembership, useOpsSession } [36mfrom[0m [32m'@/contexts/ops-session'[0m;
[31m[1m>[0m [90m13 |[0m [36mimport[0m { useOpsRestaurantDetails } [36mfrom[0m [32m'@/hooks'[0m;
  [90m   |[0m [31m[1m^^^^^^^^^^^^^^^^^^^^^^^^^^^^^^^^^^^^^^^^^^^^^^^^^^[0m
  [90m14 |[0m [36mimport[0m { opsHref } [36mfrom[0m [32m'@/lib/url/opsHref'[0m;
  [90m15 |[0m [36mimport[0m { [33mReservationWizard[0m } [36mfrom[0m [32m'@features/reservations/wizard/ops'[0m;
  [90m16 |[0m [36mimport[0m { inferBookingOption } [36mfrom[0m [32m'@reserve/shared/time'[0m;

Import map: aliased to server relative '/Users/amankumarshrestha/LapenInns Project/nabatableLP/hooks' inside of [project]/


Import traces:
  Server Component:
    ./src/app/app/(app)/new-bookings/_components/OpsGuestBookingWizard.tsx
    ./src/app/app/(app)/new-bookings/page.tsx

  App Route:
    ./src/app/app/(app)/new-bookings/_components/OpsGuestBookingWizard.tsx
    ./server/capacity/strategic-config.ts
    ./server/capacity/policy.ts
    ./src/app/api/ops/restaurants/[id]/turn-bands/route.ts

https://nextjs.org/docs/messages/module-not-found


./src/app/app/(app)/new-bookings/_components/WalkInWizardClient.tsx:15:1
Module not found: Can't resolve '@/hooks'
  [90m13 |[0m [36mimport[0m { [33mText[0m } [36mfrom[0m [32m"@/components/ui/typography"[0m;
  [90m14 |[0m [36mimport[0m { useOpsActiveMembership, useOpsSession } [36mfrom[0m [32m"@/contexts/ops-session"[0m;
[31m[1m>[0m [90m15 |[0m [36mimport[0m { useOpsRestaurantDetails } [36mfrom[0m [32m"@/hooks"[0m;
  [90m   |[0m [31m[1m^^^^^^^^^^^^^^^^^^^^^^^^^^^^^^^^^^^^^^^^^^^^^^^^^^[0m
  [90m16 |[0m [36mimport[0m { [33mPlanStepSkeleton[0m } [36mfrom[0m [32m"@features/reservations/wizard/ui/WizardSkeletons"[0m;
  [90m17 |[0m [36mimport[0m { [33mDEFAULT_VENUE[0m } [36mfrom[0m [32m"@shared/config/venue"[0m;
  [90m18 |[0m

Import map: aliased to server relative '/Users/amankumarshrestha/LapenInns Project/nabatableLP/hooks' inside of [project]/


Import traces:
  App Route:
    ./src/app/app/(app)/new-bookings/_components/WalkInWizardClient.tsx
    ./server/capacity/strategic-config.ts
    ./server/capacity/policy.ts
    ./src/app/api/ops/restaurants/[id]/turn-bands/route.ts

  Client Component Browser:
    ./src/app/app/(app)/new-bookings/_components/WalkInWizardClient.tsx [Client Component Browser]
    ./src/app/(public)/dev/ops-new-booking/ui/OpsNewBookingDevHarness.tsx [Client Component Browser]
    ./src/app/(public)/dev/ops-new-booking/ui/OpsNewBookingDevHarness.tsx [Server Component]
    ./src/app/(public)/dev/ops-new-booking/page.tsx [Server Component]

  Client Component SSR:
    ./src/app/app/(app)/new-bookings/_components/WalkInWizardClient.tsx [Client Component SSR]
    ./src/app/(public)/dev/ops-new-booking/ui/OpsNewBookingDevHarness.tsx [Client Component SSR]
    ./src/app/(public)/dev/ops-new-booking/ui/OpsNewBookingDevHarness.tsx [Server Component]
    ./src/app/(public)/dev/ops-new-booking/page.tsx [Server Component]

https://nextjs.org/docs/messages/module-not-found


    at <unknown> (./src/app/api/ops/message-delivery/route.ts:1:15)
    at <unknown> (https://nextjs.org/docs/app/api-reference/file-conventions/route-segment-config)
    at <unknown> (./src/app/api/ops/message-delivery/route.ts:1:24)
    at <unknown> (https://nextjs.org/docs/app/api-reference/file-conventions/route-segment-config)
    at <unknown> (https://nextjs.org/docs/messages/module-not-found)
    at <unknown> (./src/app/app/(app)/new-bookings/_components/OpsGuestBookingWizard.tsx:13:1)
    at <unknown> (https://nextjs.org/docs/messages/module-not-found)
    at <unknown> (./src/app/app/(app)/new-bookings/_components/WalkInWizardClient.tsx:15:1)
    at <unknown> (https://nextjs.org/docs/messages/module-not-found)
 ELIFECYCLE  Command failed with exit code 1.
