=== booking-short-links coverage ===

 RUN  v4.1.0 /Users/amankumarshrestha/LapenInns Project/nabatableLP/cloudflare/booking-short-links
      Coverage enabled with v8


 Test Files  7 passed (7)
      Tests  33 passed (33)
   Start at  03:14:39
   Duration  224ms (transform 254ms, setup 0ms, import 316ms, tests 39ms, environment 0ms)

 % Coverage report from v8

=============================== Coverage summary ===============================
Statements   : 84.54% ( 175/207 )
Branches     : 77.38% ( 130/168 )
Functions    : 90% ( 36/40 )
Lines        : 85% ( 170/200 )
================================================================================
=== email-queue-gateway coverage ===

 RUN  v4.1.0 /Users/amankumarshrestha/LapenInns Project/nabatableLP/cloudflare/email-queue-gateway
      Coverage enabled with v8


 Test Files  3 passed (3)
      Tests  7 passed (7)
   Start at  03:14:40
   Duration  187ms (transform 70ms, setup 0ms, import 88ms, tests 29ms, environment 0ms)

 % Coverage report from v8

=============================== Coverage summary ===============================
Statements   : 17.03% ( 46/270 )
Branches     : 14.39% ( 39/271 )
Functions    : 22.44% ( 11/49 )
Lines        : 17.24% ( 45/261 )
================================================================================
=== sms-summary-gateway coverage ===

 RUN  v4.1.0 /Users/amankumarshrestha/LapenInns Project/nabatableLP/cloudflare/sms-summary-gateway
      Coverage enabled with v8


 Test Files  7 passed (7)
      Tests  22 passed (22)
   Start at  03:14:40
   Duration  249ms (transform 274ms, setup 0ms, import 377ms, tests 79ms, environment 0ms)

 % Coverage report from v8

=============================== Coverage summary ===============================
Statements   : 51.54% ( 184/357 )
Branches     : 44.05% ( 137/311 )
Functions    : 43.83% ( 32/73 )
Lines        : 52.27% ( 184/352 )
================================================================================
exit=
