
 RUN  v4.1.0 /Users/amankumarshrestha/LapenInns Project/nabatableLP

 ✓ tests/lib/env.test.ts > env app URL resolution > resolves Vercel URL templates before validating public app URL 3ms
 ✓ tests/lib/env.test.ts > env app URL resolution > drops unresolved Vercel URL templates and falls back to the site URL 1ms
 ✓ tests/lib/env.test.ts > env app URL resolution > does not resolve public app URL from a placeholder Vercel URL value 0ms
 ✓ tests/lib/env.test.ts > env app URL resolution > resolves Vercel URL templates before validating base URL 0ms
 ✓ tests/lib/env.test.ts > env app URL resolution > drops unresolved base URL templates and falls back to a canonical URL 0ms
 ✓ tests/lib/env.test.ts > WhatsApp five-event configuration > stays disabled until the review Content SID completes the lifecycle set @contract 1ms
 ✓ tests/lib/env.test.ts > Google Business Profile environment aliases > prefers explicit canonical credentials over legacy profile aliases 1ms
 ✓ tests/lib/env.test.ts > Google Business Profile environment aliases > uses fail-closed defaults for dual-sync runtime controls 2ms
 ✓ tests/lib/env.test.ts > Google Business Profile environment aliases > rejects malformed GBP_IMPORT_ENABLED input 1ms
 ✓ tests/lib/env.test.ts > Google Business Profile environment aliases > rejects malformed GBP_PUBSUB_INGEST_ENABLED input 0ms
 ✓ tests/lib/env.test.ts > Google Business Profile environment aliases > rejects malformed GBP_WRITE_ROLLOUT_MODE input 1ms
 ✓ tests/lib/env.test.ts > Google Business Profile environment aliases > rejects canary rollout without a canary restaurant identifier 0ms
 ✓ tests/lib/env.test.ts > Google Business Profile environment aliases > preserves legacy single-key configuration when no keyring is present 0ms
 ✓ tests/lib/env.test.ts > Google Business Profile environment aliases > normalizes a valid credential keyring without exposing mutable key storage 1ms
 ✓ tests/lib/env.test.ts > Google Business Profile environment aliases > rejects a partial keyring when only GOOGLE_BUSINESS_TOKEN_ENCRYPTION_ACTIVE_KEY_ID is present 0ms
 ✓ tests/lib/env.test.ts > Google Business Profile environment aliases > rejects a partial keyring when only GOOGLE_BUSINESS_TOKEN_ENCRYPTION_KEYS is present 0ms
 ✓ tests/lib/env.test.ts > Google Business Profile environment aliases > rejects malformed JSON without echoing key material 0ms
 ✓ tests/lib/env.test.ts > Google Business Profile environment aliases > rejects an empty keyring without echoing key material 0ms
 ✓ tests/lib/env.test.ts > Google Business Profile environment aliases > rejects a short decoded key without echoing key material 0ms
 ✓ tests/lib/env.test.ts > Google Business Profile environment aliases > rejects an active key identifier that is absent from the keyring 0ms
 ✓ tests/lib/env.test.ts > Google Business Profile environment aliases > requires complete Pub/Sub verification metadata when ingestion is enabled 0ms
 ✓ tests/lib/env.test.ts > Google Business Profile environment aliases > normalizes valid Pub/Sub ingress configuration 0ms
 ✓ tests/lib/env.test.ts > Google Business Profile environment aliases > rejects malformed optional Pub/Sub setting GBP_PUBSUB_EXPECTED_AUDIENCE 0ms
 ✓ tests/lib/env.test.ts > Google Business Profile environment aliases > rejects malformed optional Pub/Sub setting GBP_PUBSUB_PUSH_SERVICE_ACCOUNT_EMAIL 0ms
 ✓ tests/lib/env.test.ts > Google Business Profile environment aliases > rejects malformed optional Pub/Sub setting GBP_PUBSUB_SUBSCRIPTION 0ms
 ✓ tests/lib/env.test.ts > Google Business Profile environment aliases > rejects malformed optional Pub/Sub setting GBP_PUBSUB_TOPIC 1ms

 Test Files  1 passed (1)
      Tests  26 passed (26)
   Start at  10:59:46
   Duration  641ms (transform 73ms, setup 65ms, import 102ms, tests 17ms, environment 362ms)

