src/components/features/restaurant-settings/google-business-profile/googleBusinessProfileVerificationComparators.ts:47:  } catch {
src/app/api/ops/restaurants/[id]/google-business-profile/notifications/route.ts:73:  } catch {
src/components/features/restaurant-settings/google-business-profile/useGoogleBusinessProfileSectionState.ts:94:    void connectionQuery.refetch();
src/components/features/restaurant-settings/google-business-profile/useGoogleBusinessProfileSectionState.ts:96:      void locationsQuery.refetch();
server/dual-sync/notifications/console.ts:51:      } catch {
server/dual-sync/notifications/index.ts:73:          } catch {
server/dual-sync/notifications/index.ts:115:      void console_.emit({
src/components/features/restaurant-settings/google-business-profile/components/GbpOperatorControls.tsx:112:              onClick={() => void runProtected('write')}
src/components/features/restaurant-settings/google-business-profile/components/GbpOperatorControls.tsx:120:              onClick={() => void runProtected('notifications')}
server/dual-sync/notifications/terminal.ts:169:    } catch {
server/google-business-profile/oauth-state-cookie.ts:107:  } catch {
server/google-business-profile/oauth-state-cookie.ts:121:  } catch {
server/dual-sync/notifications/webhook.ts:49:        } catch {
src/components/features/restaurant-settings/google-business-profile/GoogleBusinessProfileSection.tsx:53:            <ErrorGbpSection error={error} onRetry={() => void state.connectionQuery.refetch()} />
src/components/features/restaurant-settings/google-business-profile/GoogleBusinessProfileSection.tsx:81:                    onRetryLocations={() => void state.locationsQuery.refetch()}
src/app/api/ops/restaurants/[id]/google-business-profile/locations/route.ts:45:  } catch {
src/app/api/ops/restaurants/[id]/google-business-profile/route.ts:73:  } catch {
src/app/api/ops/restaurants/[id]/google-business-profile/details/route.ts:38:  } catch {
server/google-business-profile/core-sync-profile.ts:71:  } catch {
server/google-business-profile/workflowPreflightContext.ts:126:  } catch {
server/dual-sync/publish/exact-consent/execution.ts:40:    } catch {
server/google-business-profile/clientLocationProfile.ts:223:      } catch {
server/dual-sync/publish/exact-consent/workflow.ts:87:    } catch {
server/google-business-profile/serviceConnectionStateRuntime.ts:65:  } catch {
server/dual-sync/publish/exact-consent/repository.ts:202:        } catch {
server/dual-sync/pubsub/parser.ts:71:  } catch {
server/dual-sync/pubsub/parser.ts:95:  } catch {
server/google-business-profile/writePermit.ts:186:  } catch {
server/dual-sync/registry/normalizers.ts:84:  } catch {
