
 RUN  v4.1.0 /Users/amankumarshrestha/LapenInns Project/nabatableLP

·············stdout | tests/server/cron-routes-auth.test.ts > cron route authentication > accepts a rotated previous secret
[cron][lock] acquired {
  jobName: 'process-emails',
  runId: 'd3891b47-b446-42fe-a4e9-febf579e2397'
}

stdout | tests/server/cron-routes-auth.test.ts > cron route authentication > accepts a rotated previous secret
[cron][lock] released {
  jobName: 'process-emails',
  runId: 'd3891b47-b446-42fe-a4e9-febf579e2397'
}

stdout | tests/server/cron-routes-auth.test.ts > cron route authentication > caps large email drain limits
[cron][lock] acquired {
  jobName: 'process-emails',
  runId: 'affba164-217b-48dc-b7d0-cae39e445b08'
}

stdout | tests/server/cron-routes-auth.test.ts > cron route authentication > caps large email drain limits
[cron][lock] released {
  jobName: 'process-emails',
  runId: 'affba164-217b-48dc-b7d0-cae39e445b08'
}

stdout | tests/server/cron-routes-auth.test.ts > cron route authentication > reports mobile review failure without hiding the completed email drain @contract
[cron][lock] acquired {
  jobName: 'process-emails',
  runId: '0eecccbc-1498-4cb2-b3c1-d1cac2e16935'
}

stdout | tests/server/cron-routes-auth.test.ts > cron route authentication > reports mobile review failure without hiding the completed email drain @contract
[cron][lock] released {
  jobName: 'process-emails',
  runId: '0eecccbc-1498-4cb2-b3c1-d1cac2e16935'
}

stdout | tests/server/cron-routes-auth.test.ts > cron route authentication > drains mobile reviews even when the email queue is disabled @contract
[cron][lock] acquired {
  jobName: 'process-emails',
  runId: 'bf31056f-c633-4c76-b293-a8306502150e'
}

stdout | tests/server/cron-routes-auth.test.ts > cron route authentication > drains mobile reviews even when the email queue is disabled @contract
[cron][lock] released {
  jobName: 'process-emails',
  runId: 'bf31056f-c633-4c76-b293-a8306502150e'
}

stdout | tests/server/cron-routes-auth.test.ts > cron route authentication > keeps dryRun behind auth and caps auto-complete limits
[cron][lock] acquired {
  jobName: 'auto-complete-bookings',
  runId: '4307cfb0-3610-468f-b0b5-e761da610dee'
}

stdout | tests/server/cron-routes-auth.test.ts > cron route authentication > keeps dryRun behind auth and caps auto-complete limits
[cron][lock] released {
  jobName: 'auto-complete-bookings',
  runId: '4307cfb0-3610-468f-b0b5-e761da610dee'
}

stdout | tests/server/cron-routes-auth.test.ts > cron route authentication > caps scheduled dual-sync provider fan-out limits
[cron][lock] acquired {
  jobName: 'dual-sync.refresh',
  runId: 'b56e1977-5072-4e7c-95d6-bf4dc8b7cdae'
}

stdout | tests/server/cron-routes-auth.test.ts > cron route authentication > caps scheduled dual-sync provider fan-out limits
[cron][lock] released {
  jobName: 'dual-sync.refresh',
  runId: 'b56e1977-5072-4e7c-95d6-bf4dc8b7cdae'
}

stdout | tests/server/cron-routes-auth.test.ts > cron route authentication > caps scheduled dual-sync provider fan-out limits
[cron][lock] acquired {
  jobName: 'dual-sync.auto-export',
  runId: 'b8954dca-dc52-460c-ada4-ce9d69a96e15'
}

stdout | tests/server/cron-routes-auth.test.ts > cron route authentication > caps scheduled dual-sync provider fan-out limits
[cron][lock] released {
  jobName: 'dual-sync.auto-export',
  runId: 'b8954dca-dc52-460c-ada4-ce9d69a96e15'
}

stdout | tests/server/cron-routes-auth.test.ts > cron route authentication > caps scheduled dual-sync provider fan-out limits
[cron][lock] acquired {
  jobName: 'dual-sync.health',
  runId: '705e9bad-f0cd-4964-90ea-423d865dfede'
}

stdout | tests/server/cron-routes-auth.test.ts > cron route authentication > caps scheduled dual-sync provider fan-out limits
[cron][lock] released {
  jobName: 'dual-sync.health',
  runId: '705e9bad-f0cd-4964-90ea-423d865dfede'
}

stdout | tests/server/cron-routes-auth.test.ts > cron route authentication > lets runtime controls disable scheduled refresh and auto-candidate export crons
[cron][lock] acquired {
  jobName: 'dual-sync.refresh',
  runId: '273b7b08-be68-4871-a6e9-e61eac8b3c60'
}

stdout | tests/server/cron-routes-auth.test.ts > cron route authentication > lets runtime controls disable scheduled refresh and auto-candidate export crons
[cron][lock] released {
  jobName: 'dual-sync.refresh',
  runId: '273b7b08-be68-4871-a6e9-e61eac8b3c60'
}

stdout | tests/server/cron-routes-auth.test.ts > cron route authentication > lets runtime controls disable scheduled refresh and auto-candidate export crons
[cron][lock] acquired {
  jobName: 'dual-sync.auto-export',
  runId: '2b04e824-718b-4fa0-b665-13e8dbf2270b'
}

stdout | tests/server/cron-routes-auth.test.ts > cron route authentication > lets runtime controls disable scheduled refresh and auto-candidate export crons
[cron][lock] released {
  jobName: 'dual-sync.auto-export',
  runId: '2b04e824-718b-4fa0-b665-13e8dbf2270b'
}

stdout | tests/server/cron-routes-auth.test.ts > cron route authentication > records dual-sync health sweep observability and returns the sweep summary
[cron][lock] acquired {
  jobName: 'dual-sync.health',
  runId: '2627a4b5-e37c-46a0-8290-19c441c50e41'
}

stdout | tests/server/cron-routes-auth.test.ts > cron route authentication > records dual-sync health sweep observability and returns the sweep summary
[cron][lock] released {
  jobName: 'dual-sync.health',
  runId: '2627a4b5-e37c-46a0-8290-19c441c50e41'
}

stdout | tests/server/cron-routes-auth.test.ts > cron route authentication > caps dual-sync queue worker drain limits and stops on idle
[cron][lock] acquired {
  jobName: 'dual-sync.queue',
  runId: '30f9f429-9ae2-4195-92b0-83cf32d0335f'
}

stdout | tests/server/cron-routes-auth.test.ts > cron route authentication > caps dual-sync queue worker drain limits and stops on idle
[cron][lock] released {
  jobName: 'dual-sync.queue',
  runId: '30f9f429-9ae2-4195-92b0-83cf32d0335f'
}

stdout | tests/server/cron-routes-auth.test.ts > cron route authentication > keeps dual-sync queue dryRun behind auth without claiming jobs
[cron][lock] acquired {
  jobName: 'dual-sync.queue',
  runId: '831fe505-b005-4811-983f-907360b461d8'
}

stdout | tests/server/cron-routes-auth.test.ts > cron route authentication > keeps dual-sync queue dryRun behind auth without claiming jobs
[cron][lock] released {
  jobName: 'dual-sync.queue',
  runId: '831fe505-b005-4811-983f-907360b461d8'
}

stdout | tests/server/cron-routes-auth.test.ts > cron route authentication > caps request-log retention limits and records count-only observability
[cron][lock] acquired {
  jobName: 'dual-sync.request-log-retention',
  runId: '31aa6d81-5049-4df8-b114-4f62398ff81e'
}

stdout | tests/server/cron-routes-auth.test.ts > cron route authentication > caps request-log retention limits and records count-only observability
[cron][lock] released {
  jobName: 'dual-sync.request-log-retention',
  runId: '31aa6d81-5049-4df8-b114-4f62398ff81e'
}

stdout | tests/server/cron-routes-auth.test.ts > cron route authentication > keeps request-log retention dryRun behind auth without deleting rows
[cron][lock] acquired {
  jobName: 'dual-sync.request-log-retention',
  runId: 'afb29f80-1b43-46cc-9841-eff09231b609'
}

stdout | tests/server/cron-routes-auth.test.ts > cron route authentication > keeps request-log retention dryRun behind auth without deleting rows
[cron][lock] released {
  jobName: 'dual-sync.request-log-retention',
  runId: 'afb29f80-1b43-46cc-9841-eff09231b609'
}

stdout | tests/server/cron-routes-auth.test.ts > cron route authentication > rejects overlapping executions for the same job
[cron][lock] acquired {
  jobName: 'auto-complete-bookings',
  runId: 'adb6ee1e-e0fb-4fa6-bd3a-4c2f5922b51f'
}

stdout | tests/server/cron-routes-auth.test.ts > cron route authentication > rejects overlapping executions for the same job
[cron][lock] released {
  jobName: 'auto-complete-bookings',
  runId: 'adb6ee1e-e0fb-4fa6-bd3a-4c2f5922b51f'
}

······························

 Test Files  3 passed (3)
      Tests  43 passed (43)
   Start at  18:38:56
   Duration  962ms (transform 368ms, setup 131ms, import 652ms, tests 45ms, environment 767ms)

