[1A[2K[2m[WebServer] [22m(node:30306) Warning: The 'NO_COLOR' env is ignored due to the 'FORCE_COLOR' env being set.
[2m[WebServer] [22m(Use `node --trace-warnings ...` to show where the warning was created)

[1A[2K[2m[WebServer] [22mnode:net:1919
[2m[WebServer] [22m      const error = new UVExceptionWithHostPort(rval, 'listen', address, port);
[2m[WebServer] [22m                    ^
[2m[WebServer] [22m
[2m[WebServer] [22mError: listen EPERM: operation not permitted /var/folders/t4/b7qzq59j6y95v59m5_32snvw0000gn/T/tsx-501/30306.pipe
[2m[WebServer] [22m[90m    at Server.setupListenHandle [as _listen2] (node:net:1919:21)[39m
[2m[WebServer] [22m[90m    at listenInCluster (node:net:1998:12)[39m
[2m[WebServer] [22m[90m    at Server.listen (node:net:2120:5)[39m
[2m[WebServer] [22m    at [90mfile:///Users/amankumarshrestha/LapenInns%20Project/nabatableLP/[39mnode_modules/[4m.pnpm[24m/tsx@4.21.0/node_modules/[4mtsx[24m/dist/cli.mjs:53:31537
[2m[WebServer] [22m    at new Promise (<anonymous>)
[2m[WebServer] [22m    at createIpcServer [90m(file:///Users/amankumarshrestha/LapenInns%20Project/nabatableLP/[39mnode_modules/[4m.pnpm[24m/tsx@4.21.0/node_modules/[4mtsx[24m/dist/cli.mjs:53:31515[90m)[39m
[2m[WebServer] [22m    at async [90mfile:///Users/amankumarshrestha/LapenInns%20Project/nabatableLP/[39mnode_modules/[4m.pnpm[24m/tsx@4.21.0/node_modules/[4mtsx[24m/dist/cli.mjs:55:459 {
[2m[WebServer] [22m  code: [32m'EPERM'[39m,
[2m[WebServer] [22m  errno: [33m-1[39m,
[2m[WebServer] [22m  syscall: [32m'listen'[39m,
[2m[WebServer] [22m  address: [32m'/var/folders/t4/b7qzq59j6y95v59m5_32snvw0000gn/T/tsx-501/30306.pipe'[39m,
[2m[WebServer] [22m  port: [33m-1[39m
[2m[WebServer] [22m}
[2m[WebServer] [22m
[2m[WebServer] [22mNode.js v22.23.1

Error: Process from config.webServer was not able to start. Exit code: 1

[1A[2K