
 RUN  v4.1.0 /Users/amankumarshrestha/LapenInns Project/nabatableLP

 ✓ tests/hooks/opsIntegrationQueries.test.ts > opsIntegrationQueries > @contract invalidates both Google Business Profile caches 1ms
 ✓ tests/hooks/opsIntegrationQueries.test.ts > opsIntegrationQueries > @contract invalidates every dual-sync workspace cache plus the restaurant detail 0ms
 ✓ tests/hooks/opsIntegrationQueries.test.ts > opsIntegrationQueries > @contract invalidates the full integration surface in one call 1ms
 ✓ tests/hooks/opsIntegrationQueries.test.ts > opsIntegrationQueries > @contract scopes dual-sync keys per restaurant 0ms
 × tests/hooks/opsIntegrationQueries.test.ts > opsIntegrationQueries > @contract removes volatile GBP operator state instead of retaining it 1ms
   → removeGbpOperatorQueries is not a function

⎯⎯⎯⎯⎯⎯ Failed Suites 1 ⎯⎯⎯⎯⎯⎯⎯

 FAIL  tests/components/features/restaurant-settings/google-business-profile/GbpOperatorControls.test.tsx [ tests/components/features/restaurant-settings/google-business-profile/GbpOperatorControls.test.tsx ]
Error: Failed to resolve import "@/components/features/restaurant-settings/google-business-profile/components/GbpOperatorControls" from "tests/components/features/restaurant-settings/google-business-profile/GbpOperatorControls.test.tsx". Does the file exist?
  Plugin: vite:import-analysis
  File: /Users/amankumarshrestha/LapenInns Project/nabatableLP/tests/components/features/restaurant-settings/google-business-profile/GbpOperatorControls.test.tsx:5:0
  8  |  const __vi_import_1__ = await import("@testing-library/react");
  9  |  const __vi_import_2__ = await import("@testing-library/user-event");
  10 |  const __vi_import_3__ = await import("@/components/features/restaurant-settings/google-business-profile/components/Gb...
     |                                       ^
  11 |  
  12 |  
 ❯ TransformPluginContext._formatLog ../../LapenInns%20Project/nabatableLP/node_modules/.pnpm/vite@7.3.5_@types+node@24.10.1_jiti@2.7.0_lightningcss@1.33.0_terser@5.46.0_tsx@4.21.0_yaml@2.9.0/node_modules/vite/dist/node/chunks/config.js:29079:43
 ❯ TransformPluginContext.error ../../LapenInns%20Project/nabatableLP/node_modules/.pnpm/vite@7.3.5_@types+node@24.10.1_jiti@2.7.0_lightningcss@1.33.0_terser@5.46.0_tsx@4.21.0_yaml@2.9.0/node_modules/vite/dist/node/chunks/config.js:29076:14
 ❯ normalizeUrl ../../LapenInns%20Project/nabatableLP/node_modules/.pnpm/vite@7.3.5_@types+node@24.10.1_jiti@2.7.0_lightningcss@1.33.0_terser@5.46.0_tsx@4.21.0_yaml@2.9.0/node_modules/vite/dist/node/chunks/config.js:27199:18
 ❯ ../../LapenInns%20Project/nabatableLP/node_modules/.pnpm/vite@7.3.5_@types+node@24.10.1_jiti@2.7.0_lightningcss@1.33.0_terser@5.46.0_tsx@4.21.0_yaml@2.9.0/node_modules/vite/dist/node/chunks/config.js:27257:32
 ❯ TransformPluginContext.transform ../../LapenInns%20Project/nabatableLP/node_modules/.pnpm/vite@7.3.5_@types+node@24.10.1_jiti@2.7.0_lightningcss@1.33.0_terser@5.46.0_tsx@4.21.0_yaml@2.9.0/node_modules/vite/dist/node/chunks/config.js:27225:4
 ❯ EnvironmentPluginContainer.transform ../../LapenInns%20Project/nabatableLP/node_modules/.pnpm/vite@7.3.5_@types+node@24.10.1_jiti@2.7.0_lightningcss@1.33.0_terser@5.46.0_tsx@4.21.0_yaml@2.9.0/node_modules/vite/dist/node/chunks/config.js:28877:14
 ❯ loadAndTransform ../../LapenInns%20Project/nabatableLP/node_modules/.pnpm/vite@7.3.5_@types+node@24.10.1_jiti@2.7.0_lightningcss@1.33.0_terser@5.46.0_tsx@4.21.0_yaml@2.9.0/node_modules/vite/dist/node/chunks/config.js:22746:26

⎯⎯⎯⎯⎯⎯⎯⎯⎯⎯⎯⎯⎯⎯⎯⎯⎯⎯⎯⎯⎯⎯⎯⎯[1/2]⎯


⎯⎯⎯⎯⎯⎯⎯ Failed Tests 1 ⎯⎯⎯⎯⎯⎯⎯

 FAIL  tests/hooks/opsIntegrationQueries.test.ts > opsIntegrationQueries > @contract removes volatile GBP operator state instead of retaining it
TypeError: removeGbpOperatorQueries is not a function
 ❯ tests/hooks/opsIntegrationQueries.test.ts:81:5
     79|     const removeSpy = vi.spyOn(queryClient, 'removeQueries');
     80|
     81|     removeGbpOperatorQueries(queryClient, restaurantId);
       |     ^
     82|
     83|     expect(removeSpy).toHaveBeenCalledWith({ queryKey: gbpOperatorQuer…

⎯⎯⎯⎯⎯⎯⎯⎯⎯⎯⎯⎯⎯⎯⎯⎯⎯⎯⎯⎯⎯⎯⎯⎯[2/2]⎯


 Test Files  2 failed (2)
      Tests  1 failed | 4 passed (5)
   Start at  20:16:47
   Duration  410ms (transform 49ms, setup 81ms, import 52ms, tests 4ms, environment 473ms)

