BEFORE EXACT CHECK
hash=bbf027392bec8687e83006987b3e4395086f42cba99dd98f270110363e07e2fc exit=1
Checking formatting...
[warn] tests/server/gbp-wave1a-schema.test.ts
[warn] Code style issues found in the above file. Run Prettier with --write to fix.
EXACT WRITE
exit=0 hash=f64bdf0faa3af7844931c54875a4f714ebbdf24caf16824c5af8fd307f679130
tests/server/gbp-wave1a-schema.test.ts 52ms
AFTER EXACT CHECK
exit=0
Checking formatting...
All matched files use Prettier code style!
FINAL GATES
vitest=0 tsc=0 eslint=0 prettier=0 diff=0

 RUN  v4.1.0 /Users/amankumarshrestha/LapenInns Project/nabatableLP

 ✓ tests/server/gbp-wave1a-schema.test.ts > GBP Wave 1A write-safety schema > defines tenant-fenced connection state and lifecycle fencing 1ms
 ✓ tests/server/gbp-wave1a-schema.test.ts > GBP Wave 1A write-safety schema > stores exact short-lived hash-only grants and immutable consent events 1ms
 ✓ tests/server/gbp-wave1a-schema.test.ts > GBP Wave 1A write-safety schema > claims complete bundles atomically with deterministic locks and rollout enforcement 0ms
 ✓ tests/server/gbp-wave1a-schema.test.ts > GBP Wave 1A write-safety schema > persists dispatch before terminal outcomes and never reuses dispatched grants 0ms
 ✓ tests/server/gbp-wave1a-schema.test.ts > GBP Wave 1A write-safety schema > issues and enqueues exact bundles atomically through RPC-only grant writes 0ms
 ✓ tests/server/gbp-wave1a-schema.test.ts > GBP Wave 1A write-safety schema > dispatches and finalizes grants in strict bundle order 0ms
 ✓ tests/server/gbp-wave1a-schema.test.ts > GBP Wave 1A write-safety schema > makes mutation jobs single-attempt and immutable without affecting refresh jobs 0ms
 ✓ tests/server/gbp-wave1a-schema.test.ts > GBP Wave 1A write-safety schema > supports account-shared notifications without clobbering unrelated event types 0ms
 ✓ tests/server/gbp-wave1a-schema.test.ts > GBP Wave 1A write-safety schema > constrains provider expiry and policy approval while decommissioning content archives 0ms
 ✓ tests/server/gbp-wave1a-schema.test.ts > GBP Wave 1A write-safety schema > creates a hash-only trigger outbox for every canonical GBP table 0ms
 ✓ tests/server/gbp-wave1a-schema.test.ts > GBP Wave 1A write-safety schema > leases Core outbox work with bounded retry, dead-letter, census, and repair RPCs 0ms
 ✓ tests/server/gbp-wave1a-schema.test.ts > GBP Wave 1A write-safety schema > hardens every new table and RPC to service role only 0ms
 ✓ tests/server/gbp-wave1a-schema.test.ts > GBP Wave 1A write-safety schema > uses composite tenant fences and one-attempt publish jobs 0ms
 ✓ tests/server/gbp-wave1a-schema.test.ts > GBP Wave 1A write-safety schema > stores and consumes hash-only OAuth attempts with current connection fencing 0ms
 ✓ tests/server/gbp-wave1a-schema.test.ts > GBP Wave 1A write-safety schema > atomically completes OAuth identity, profile, and encrypted credential persistence 0ms
 ✓ tests/server/gbp-wave1a-schema.test.ts > GBP Wave 1A write-safety schema > publishes generated table, altered-column, relationship, and RPC contracts 2ms

 Test Files  1 passed (1)
      Tests  16 passed (16)
   Start at  14:30:46
   Duration  425ms (transform 26ms, setup 35ms, import 18ms, tests 8ms, environment 216ms)

Checking formatting...
All matched files use Prettier code style!
