
 RUN  v4.1.0 /Users/amankumarshrestha/LapenInns Project/nabatableLP

 ✓ tests/hooks/opsIntegrationQueries.test.ts > opsIntegrationQueries > @contract invalidates both Google Business Profile caches 2ms
 ✓ tests/hooks/opsIntegrationQueries.test.ts > opsIntegrationQueries > @contract invalidates every dual-sync workspace cache plus the restaurant detail 1ms
 ✓ tests/hooks/opsIntegrationQueries.test.ts > opsIntegrationQueries > @contract invalidates the full integration surface in one call 1ms
 ✓ tests/hooks/opsIntegrationQueries.test.ts > opsIntegrationQueries > @contract scopes dual-sync keys per restaurant 0ms
 ✓ tests/hooks/opsIntegrationQueries.test.ts > opsIntegrationQueries > @contract removes volatile GBP operator state instead of retaining it 1ms
 × tests/components/useDualSyncShellController.test.tsx > useDualSyncShellController > passes workspace args through and wires shell actions from derived view state 10ms
   → Cannot read properties of undefined (reading 'isPending')
 × tests/components/useDualSyncShellController.test.tsx > useDualSyncShellController > derives active submit state and toggles drift-only visibility 2ms
   → Cannot read properties of undefined (reading 'isPending')
 ✓ tests/components/features/restaurant-settings/google-business-profile/components/StatusBadge.test.tsx > StatusBadge > @smoke renders the label for a tone 27ms
 ✓ tests/components/features/restaurant-settings/google-business-profile/components/StatusBadge.test.tsx > StatusBadge > @contract maps connection statuses to tones and labels 1ms
 ✓ tests/components/features/restaurant-settings/google-business-profile/components/StatusBadge.test.tsx > StatusBadge > @contract can hide the tone icon 5ms
 ✓ tests/hooks/useOpsDualSync.test.tsx > useOpsDualSync > invalidates cached restaurant profile details after dual-sync publish 19ms
 ✓ tests/hooks/useOpsDualSync.test.tsx > useOpsDualSync > invalidates cached restaurant profile details after dual-sync refresh 10ms
 ✓ tests/hooks/useOpsDualSync.test.tsx > useOpsDualSync > invalidates cached restaurant profile details after dual-sync auto-export 5ms
 ✓ tests/hooks/useOpsDualSync.test.tsx > useOpsDualSync > lazily fetches durable queue jobs when requested 5ms
 ✓ tests/hooks/useOpsDualSync.test.tsx > useOpsDualSync > lazily fetches outbound candidates when requested 3ms
 ✓ tests/hooks/useOpsDualSync.test.tsx > useOpsDualSync > lazily fetches operational metrics when requested 4ms
 ✓ tests/hooks/useOpsDualSync.test.tsx > useOpsDualSync > retries a durable queue job and invalidates dual-sync workspace caches 2ms
 ✓ tests/hooks/useOpsDualSync.test.tsx > useOpsDualSync > cancels an outbound candidate and invalidates dual-sync workspace caches 2ms
 ✓ tests/hooks/useOpsDualSync.test.tsx > useOpsDualSync > updates restaurant dual-sync control and invalidates workspace caches 4ms
 ✓ tests/hooks/useOpsDualSync.test.tsx > useOpsDualSync > previews a dual-sync publish plan without invalidating workspace caches 2ms
 ✓ tests/components/features/restaurant-settings/google-business-profile/sections/PersistentGbpErrorAlert.test.tsx > PersistentGbpErrorAlert > @smoke renders the error title and message 21ms
 ✓ tests/components/features/restaurant-settings/google-business-profile/sections/GbpStateSections.test.tsx > GbpStateSections > @smoke prompts for a restaurant in the no-restaurant state 17ms
 ✓ tests/components/features/restaurant-settings/google-business-profile/sections/GbpLocationPickerSection.test.tsx > GbpLocationPickerSection > @smoke anchors the location picker card for in-page navigation 52ms
 ✓ tests/components/features/restaurant-settings/google-business-profile/GbpOperatorControls.test.tsx > GbpOperatorControls > shows the exact connection, rollout, refresh, pending-mask, and notification state 59ms
 ✓ tests/components/features/restaurant-settings/google-business-profile/sections/PersistentGbpErrorAlert.test.tsx > PersistentGbpErrorAlert > @contract fires the recovery action and shows its pending label 158ms
 ✓ tests/components/features/restaurant-settings/google-business-profile/sections/GbpSyncSummarySection.test.tsx > GbpSyncSummarySection > @contract surfaces the last sync failure 23ms
 ✓ tests/components/features/restaurant-settings/google-business-profile/sections/GbpSyncSummarySection.test.tsx > GbpSyncSummarySection > @contract points at the sync workspace when it is available 4ms
 ✓ tests/components/features/restaurant-settings/google-business-profile/sections/GbpStateSections.test.tsx > GbpStateSections > @smoke @a11y announces the loading state as busy status 84ms
 ✓ tests/components/features/restaurant-settings/google-business-profile/sections/GbpStateSections.test.tsx > GbpStateSections > @contract renders the load error with a working retry 67ms
 ✓ tests/components/features/restaurant-settings/google-business-profile/sections/GbpStateSections.test.tsx > GbpStateSections > @smoke renders the empty connection copy 2ms
 ✓ tests/components/features/restaurant-settings/google-business-profile/sections/GoogleBusinessProfileOverviewPanel.test.tsx > GoogleBusinessProfileOverviewPanel > @smoke renders the overview card without an error banner by default 27ms
 ✓ tests/components/features/restaurant-settings/google-business-profile/sections/GbpSyncSummarySection.test.tsx > GbpSyncSummarySection > @contract offers quick compare through a linked drift context 152ms
 ✓ tests/components/features/restaurant-settings/google-business-profile/sections/GoogleBusinessProfileOverviewPanel.test.tsx > GoogleBusinessProfileOverviewPanel > @contract stacks the persistent error with its recovery action above the card 131ms
 ✓ tests/components/features/restaurant-settings/google-business-profile/components/GbpOverviewCard.test.tsx > GbpOverviewCard > @contract offers Connect Google for an unlinked profile 139ms
 ✓ tests/components/features/restaurant-settings/google-business-profile/components/GbpOverviewCard.test.tsx > GbpOverviewCard > @contract shows linked-state actions and routes them 58ms
 ✓ tests/components/features/restaurant-settings/google-business-profile/components/GbpOverviewCard.test.tsx > GbpOverviewCard > @contract disables the connect action while connecting 10ms
 ✓ tests/components/features/restaurant-settings/google-business-profile/components/GbpOverviewCard.test.tsx > GbpOverviewCard > @contract offers the location picker in the authorized stage 18ms
 ✓ tests/components/features/restaurant-settings/google-business-profile/GbpOperatorControls.test.tsx > GbpOperatorControls > requires password confirmation before disabling write eligibility 174ms
 ✓ tests/components/features/restaurant-settings/google-business-profile/GbpOperatorControls.test.tsx > GbpOperatorControls > fails closed when Google reports unknown pending paths 12ms
 ✓ tests/components/features/restaurant-settings/google-business-profile/GbpOperatorControls.test.tsx > GbpOperatorControls > renders provider and operational outcome-unknown recovery instructions 6ms
 ✓ tests/components/features/restaurant-settings/google-business-profile/sections/GoogleBusinessProfileDisconnectDialog.test.tsx > GoogleBusinessProfileDisconnectDialog > @contract @a11y requires a password before the destructive action arms 263ms
 ✓ tests/components/features/restaurant-settings/google-business-profile/sections/GbpConnectionSection.test.tsx > GbpConnectionSection > @contract wraps the connect card and routes the connect action 114ms
 ✓ tests/components/features/restaurant-settings/google-business-profile/sections/GoogleBusinessProfileDisconnectDialog.test.tsx > GoogleBusinessProfileDisconnectDialog > @contract locks the form while the disconnect is pending 20ms
 ✓ tests/components/features/restaurant-settings/google-business-profile/sections/GoogleBusinessProfileDisconnectDialog.test.tsx > GoogleBusinessProfileDisconnectDialog > @contract closes through onOpenChange from cancel 25ms
 ✓ tests/components/features/restaurant-settings/google-business-profile/components/LocationPickerCard.test.tsx > LocationPickerCard > @contract shows the authorized account with the selected location details 166ms
 ✓ tests/components/features/restaurant-settings/google-business-profile/components/LocationPickerCard.test.tsx > LocationPickerCard > @contract links the selected location 45ms
 ✓ tests/components/features/restaurant-settings/google-business-profile/components/LocationPickerCard.test.tsx > LocationPickerCard > @contract offers reconnect when reauth is required 25ms
 ✓ tests/components/features/restaurant-settings/google-business-profile/components/LocationPickerCard.test.tsx > LocationPickerCard > @contract retries a failed locations refresh 21ms
 ✓ tests/components/features/restaurant-settings/google-business-profile/components/LocationPickerCard.test.tsx > LocationPickerCard > @contract explains when the account exposes no locations 1ms
 × tests/components/features/restaurant-settings/dual-sync/GbpExactPublishDialog.test.tsx > GbpExactPublishDialog > shows exact listing, versions, fingerprint, expiry, method, masks, values and warnings 167ms
   → Unable to find an element with the text: /"sections": 1/i. This could be because the text is broken up by multiple elements. In this case, you can provide a function for your text matcher to make your matcher more flexible.

Ignored nodes: comments, script, style
[36m<body[39m
  [33mdata-scroll-locked[39m=[32m"1"[39m
  [33mstyle[39m=[32m"pointer-events: none;"[39m
[36m>[39m
  [36m<span[39m
    [33maria-hidden[39m=[32m"true"[39m
    [33mdata-aria-hidden[39m=[32m"true"[39m
    [33mdata-radix-focus-guard[39m=[32m""[39m
    [33mstyle[39m=[32m"outline: none; opacity: 0; position: fixed; pointer-events: none;"[39m
    [33mtabindex[39m=[32m"0"[39m
  [36m/>[39m
  [36m<div[39m
    [33maria-hidden[39m=[32m"true"[39m
    [33mdata-aria-hidden[39m=[32m"true"[39m
  [36m/>[39m
  [36m<div[39m
    [33maria-hidden[39m=[32m"true"[39m
    [33mclass[39m=[32m"fixed inset-0 z-50 bg-overlay/80 data-[state=open]:animate-in data-[state=closed]:animate-out data-[state=closed]:fade-out-0 data-[state=open]:fade-in-0"[39m
    [33mdata-aria-hidden[39m=[32m"true"[39m
    [33mdata-state[39m=[32m"open"[39m
    [33mstyle[39m=[32m"pointer-events: auto;"[39m
  [36m/>[39m
  [36m<div[39m
    [33maria-describedby[39m=[32m"radix-_r_2_"[39m
    [33maria-labelledby[39m=[32m"radix-_r_1_"[39m
    [33mclass[39m=[32m"fixed left-[50%] top-[50%] z-50 grid w-[calc(100%-2rem)] translate-x-[-50%] translate-y-[-50%] gap-4 rounded-lg border bg-background p-6 shadow-lg duration-200 data-[state=open]:animate-in data-[state=closed]:animate-out data-[state=closed]:fade-out-0 data-[state=open]:fade-in-0 data-[state=closed]:zoom-out-95 data-[state=open]:zoom-in-95 data-[state=closed]:slide-out-to-left-1/2 data-[state=closed]:slide-out-to-top-[48%] data-[state=open]:slide-in-from-left-1/2 data-[state=open]:slide-in-from-top-[48%] max-h-[88vh] max-w-4xl overflow-y-auto"[39m
    [33mdata-state[39m=[32m"open"[39m
    [33mid[39m=[32m"radix-_r_0_"[39m
    [33mrole[39m=[32m"dialog"[39m
    [33mstyle[39m=[32m"pointer-events: auto;"[39m
    [33mtabindex[39m=[32m"-1"[39m
  [36m>[39m
    [36m<div[39m
      [33mclass[39m=[32m"flex flex-col gap-1.5 text-center sm:text-left"[39m
    [36m>[39m
      [36m<h2[39m
        [33mclass[39m=[32m"text-lg font-semibold leading-none tracking-tight"[39m
        [33mid[39m=[32m"radix-_r_1_"[39m
      [36m>[39m
        [0mConfirm exact Google publish[0m
      [36m</h2>[39m
      [36m<p[39m
        [33mclass[39m=[32m"text-sm text-muted-foreground"[39m
        [33mid[39m=[32m"radix-_r_2_"[39m
      [36m>[39m
        [0mVerify the listing, safe before-and-after values, update masks, and expiry. This exact plan cannot be reused after it expires.[0m
      [36m</p>[39m
    [36m</div>[39m
    [36m<div[39m
      [33mclass[39m=[32m"flex flex-col gap-4"[39m
    [36m>[39m
      [36m<dl[39m
        [33mclass[39m=[32m"grid gap-3 text-sm sm:grid-cols-2"[39m
      [36m>[39m
        [36m<div>[39m
          [36m<dt[39m
            [33mclass[39m=[32m"text-muted-foreground"[39m
          [36m>[39m
            [0mListing location[0m
          [36m</dt>[39m
          [36m<dd[39m
            [33mclass[39m=[32m"font-mono"[39m
          [36m>[39m
            [0mlocation-1[0m
          [36m</dd>[39m
        [36m</div>[39m
        [36m<div>[39m
          [36m<dt[39m
            [33mclass[39m=[32m"text-muted-foreground"[39m
          [36m>[39m
            [0mAccount / profile[0m
          [36m</dt>[39m
          [36m<dd[39m
            [33mclass[39m=[32m"font-mono"[39m
          [36m>[39m
            [0maccount-1[0m
            [0m / [0m
            [0mprofile-1[0m
          [36m</dd>[39m
        [36m</div>[39m
        [36m<div>[39m
          [36m<dt[39m
            [33mclass[39m=[32m"text-muted-foreground"[39m
          [36m>[39m
            [0mConnection / consent[0m
          [36m</dt>[39m
          [36m<dd>[39m
            [0mGeneration [0m
            [0m7[0m
            [0m · epoch[0m
            [0m [0m
            [0m4[0m
          [36m</dd>[39m
        [36m</div>[39m
        [36m<div>[39m
          [36m<dt[39m
            [33mclass[39m=[32m"text-muted-foreground"[39m
          [36m>[39m
            [0mVersions[0m
          [36m</dt>[39m
          [36m<dd[39m
            [33mclass[39m=[32m"flex flex-col font-mono"[39m
          [36m>[39m
            [36m<span>[39m
              [0mgbp-exact-consent-v1[0m
            [36m</span>[39m
            [36m<span>[39m
              [0mgbp-write-policy-v1[0m
            [36m</span>[39m
            [36m<span>[39m
              [0mgbp-renderer-v1[0m
            [36m</span>[39m
          [36m</dd>[39m
        [36m</div>[39m
        [36m<div[39m
          [33mclass[39m=[32m"sm:col-span-2"[39m
        [36m>[39m
          [36m<dt[39m
            [33mclass[39m=[32m"text-muted-foreground"[39m
          [36m>[39m
            [0mPlan fingerprint[0m
          [36m</dt>[39m
          [36m<dd[39m
            [33mclass[39m=[32m"break-all font-mono text-xs"[39m
          [36m>[39m
            [0maaaaaaaaaaaaaaaaaaaaaaaaaaaaaaaaaaaaaaaaaaaaaaaaaaaaaaaaaaaaaaaa[0m
          [36m</dd>[39m
        [36m</div>[39m
        [36m<div>[39m
          [36m<dt[39m
            [33mclass[39m=[32m"text-muted-foreground"[39m
          [36m>[39m
            [0mIssued[0m
          [36m</dt>[39m
          [36m<dd>[39m
            [0m2026-08-09T10:00:00.000Z[0m
          [36m</dd>[39m
        [36m</div>[39m
        [36m<div>[39m
          [36m<dt[39m
            [33mclass[39m=[32m"text-muted-foreground"[39m
          [36m>[39m
            [0mExpires[0m
          [36m</dt>[39m
          [36m<dd>[39m
            [0m2026-08-09T10:15:00.000Z[0m
            [0m · valid for at most 15 minutes[0m
          [36m</dd>[39m
        [36m</div>[39m
      [36m</dl>[39m
      [36m<div[39m
        [33mclass[39m=[32m"bg-border shrink-0 data-[orientation=horizontal]:h-px data-[orientation=horizontal]:w-full data-[orientation=vertical]:h-full data-[orientation=vertical]:w-px"[39m
        [33mdata-orientation[39m=[32m"horizontal"[39m
        [33mdata-slot[39m=[32m"separator"[39m
        [33mrole[39m=[32m"none"[39m
      [36m/>[39m
      [36m<section[39m
        [33mclass[39m=[32m"flex flex-col gap-3 rounded-md border p-3"[39m
      [36m>[39m
        [36m<div[39m
          [33mclass[39m=[32m"flex flex-wrap items-center gap-2"[39m
        [36m>[39m
          [36m<div[39m
            [33mclass[39m=[32m"inline-flex items-center rounded-md border px-2.5 py-0.5 text-xs font-semibold transition-colors text-foreground"[39m
          [36m>[39m
            [0mPOST[0m
          [36m</div>[39m
          [36m<div[39m
            [33mclass[39m=[32m"inline-flex items-center rounded-md border px-2.5 py-0.5 text-xs font-semibold transition-colors border-transparent bg-destructive text-destructive-foreground shadow hover:bg-destructive/80"[39m
          [36m>[39m
            [0mcritica...
 ✓ tests/components/features/restaurant-settings/dual-sync/GbpExactPublishDialog.test.tsx > GbpExactPublishDialog > requires both external-write and destructive full-replacement acknowledgements 86ms
 ✓ tests/components/features/restaurant-settings/google-business-profile/sections/GbpWorkflowFrame.test.tsx > GbpWorkflowFrame > @smoke renders the command center with overview slot and children 44ms
 ✓ tests/components/features/restaurant-settings/dual-sync/GbpExactPublishDialog.test.tsx > GbpExactPublishDialog > stops an expired plan and offers refresh plus a new preview 22ms
 ✓ tests/components/features/restaurant-settings/google-business-profile/sections/GbpWorkflowFrame.test.tsx > GbpWorkflowFrame > @contract navigates workflow steps through the rail 104ms
 ✓ tests/components/features/restaurant-settings/google-business-profile/sections/GbpWorkflowFrame.test.tsx > GbpWorkflowFrame > @contract adds the review rail item only when the sync workspace exists 34ms
 × tests/components/DualSyncShellPublishFlow.test.tsx > DualSyncShell publish flow > previews selected decisions, publishes accepted plan fields, and opens the result dialog 10ms
   → Cannot read properties of undefined (reading 'isPending')
 × tests/components/DualSyncShellPublishFlow.test.tsx > DualSyncShell publish flow > disables write-affecting actions when the restaurant is paused 2ms
   → Cannot read properties of undefined (reading 'isPending')
 × tests/components/DualSyncShellPublishFlow.test.tsx > DualSyncShell publish flow > counts only fields that need an operator choice for section bulk actions 2ms
   → Cannot read properties of undefined (reading 'isPending')
 × tests/components/DualSyncShellPublishFlow.test.tsx > DualSyncShell publish flow > lazy-loads the pending changes panel when expanded 1ms
   → Cannot read properties of undefined (reading 'isPending')

⎯⎯⎯⎯⎯⎯⎯ Failed Tests 7 ⎯⎯⎯⎯⎯⎯⎯

 FAIL  tests/components/DualSyncShellPublishFlow.test.tsx > DualSyncShell publish flow > previews selected decisions, publishes accepted plan fields, and opens the result dialog
 FAIL  tests/components/DualSyncShellPublishFlow.test.tsx > DualSyncShell publish flow > disables write-affecting actions when the restaurant is paused
 FAIL  tests/components/DualSyncShellPublishFlow.test.tsx > DualSyncShell publish flow > counts only fields that need an operator choice for section bulk actions
 FAIL  tests/components/DualSyncShellPublishFlow.test.tsx > DualSyncShell publish flow > lazy-loads the pending changes panel when expanded
TypeError: Cannot read properties of undefined (reading 'isPending')
 ❯ useDualSyncShellController src/components/features/restaurant-settings/dual-sync/hooks/useDualSyncShellController.ts:37:45
     35|     [
     36|       workspace.decisionCount,
     37|       workspace.exactPreviewPublishMutation.isPending,
       |                                             ^
     38|       workspace.exactPublishMutation.isPending,
     39|       workspace.stateQuery.data,
 ❯ DualSyncShell src/components/features/restaurant-settings/dual-sync/DualSyncShell.tsx:47:5
 ❯ Object.react_stack_bottom_frame node_modules/.pnpm/react-dom@19.2.1_react@19.2.1/node_modules/react-dom/cjs/react-dom-client.development.js:25904:20
 ❯ renderWithHooks node_modules/.pnpm/react-dom@19.2.1_react@19.2.1/node_modules/react-dom/cjs/react-dom-client.development.js:7662:22
 ❯ updateFunctionComponent node_modules/.pnpm/react-dom@19.2.1_react@19.2.1/node_modules/react-dom/cjs/react-dom-client.development.js:10166:19
 ❯ beginWork node_modules/.pnpm/react-dom@19.2.1_react@19.2.1/node_modules/react-dom/cjs/react-dom-client.development.js:11778:18
 ❯ runWithFiberInDEV node_modules/.pnpm/react-dom@19.2.1_react@19.2.1/node_modules/react-dom/cjs/react-dom-client.development.js:874:13
 ❯ performUnitOfWork node_modules/.pnpm/react-dom@19.2.1_react@19.2.1/node_modules/react-dom/cjs/react-dom-client.development.js:17641:22
 ❯ workLoopSync node_modules/.pnpm/react-dom@19.2.1_react@19.2.1/node_modules/react-dom/cjs/react-dom-client.development.js:17469:41
 ❯ renderRootSync node_modules/.pnpm/react-dom@19.2.1_react@19.2.1/node_modules/react-dom/cjs/react-dom-client.development.js:17450:11

⎯⎯⎯⎯⎯⎯⎯⎯⎯⎯⎯⎯⎯⎯⎯⎯⎯⎯⎯⎯⎯⎯⎯⎯[1/7]⎯

 FAIL  tests/components/useDualSyncShellController.test.tsx > useDualSyncShellController > passes workspace args through and wires shell actions from derived view state
TypeError: Cannot read properties of undefined (reading 'isPending')
 ❯ Module.useDualSyncShellController src/components/features/restaurant-settings/dual-sync/hooks/useDualSyncShellController.ts:37:45
     35|     [
     36|       workspace.decisionCount,
     37|       workspace.exactPreviewPublishMutation.isPending,
       |                                             ^
     38|       workspace.exactPublishMutation.isPending,
     39|       workspace.stateQuery.data,
 ❯ tests/components/useDualSyncShellController.test.tsx:84:7
 ❯ TestComponent node_modules/.pnpm/@testing-library+react@16.3.2_@testing-library+dom@10.4.0_@types+react-dom@19.2.3_@type_46e5e6f57a8710f7f1ce00c1fc5bbf01/node_modules/@testing-library/react/dist/pure.js:330:27
 ❯ Object.react_stack_bottom_frame node_modules/.pnpm/react-dom@19.2.1_react@19.2.1/node_modules/react-dom/cjs/react-dom-client.development.js:25904:20
 ❯ renderWithHooks node_modules/.pnpm/react-dom@19.2.1_react@19.2.1/node_modules/react-dom/cjs/react-dom-client.development.js:7662:22
 ❯ updateFunctionComponent node_modules/.pnpm/react-dom@19.2.1_react@19.2.1/node_modules/react-dom/cjs/react-dom-client.development.js:10166:19
 ❯ beginWork node_modules/.pnpm/react-dom@19.2.1_react@19.2.1/node_modules/react-dom/cjs/react-dom-client.development.js:11778:18
 ❯ runWithFiberInDEV node_modules/.pnpm/react-dom@19.2.1_react@19.2.1/node_modules/react-dom/cjs/react-dom-client.development.js:874:13
 ❯ performUnitOfWork node_modules/.pnpm/react-dom@19.2.1_react@19.2.1/node_modules/react-dom/cjs/react-dom-client.development.js:17641:22
 ❯ workLoopSync node_modules/.pnpm/react-dom@19.2.1_react@19.2.1/node_modules/react-dom/cjs/react-dom-client.development.js:17469:41

⎯⎯⎯⎯⎯⎯⎯⎯⎯⎯⎯⎯⎯⎯⎯⎯⎯⎯⎯⎯⎯⎯⎯⎯[2/7]⎯

 FAIL  tests/components/useDualSyncShellController.test.tsx > useDualSyncShellController > derives active submit state and toggles drift-only visibility
TypeError: Cannot read properties of undefined (reading 'isPending')
 ❯ Module.useDualSyncShellController src/components/features/restaurant-settings/dual-sync/hooks/useDualSyncShellController.ts:37:45
     35|     [
     36|       workspace.decisionCount,
     37|       workspace.exactPreviewPublishMutation.isPending,
       |                                             ^
     38|       workspace.exactPublishMutation.isPending,
     39|       workspace.stateQuery.data,
 ❯ tests/components/useDualSyncShellController.test.tsx:113:7
 ❯ TestComponent node_modules/.pnpm/@testing-library+react@16.3.2_@testing-library+dom@10.4.0_@types+react-dom@19.2.3_@type_46e5e6f57a8710f7f1ce00c1fc5bbf01/node_modules/@testing-library/react/dist/pure.js:330:27
 ❯ Object.react_stack_bottom_frame node_modules/.pnpm/react-dom@19.2.1_react@19.2.1/node_modules/react-dom/cjs/react-dom-client.development.js:25904:20
 ❯ renderWithHooks node_modules/.pnpm/react-dom@19.2.1_react@19.2.1/node_modules/react-dom/cjs/react-dom-client.development.js:7662:22
 ❯ updateFunctionComponent node_modules/.pnpm/react-dom@19.2.1_react@19.2.1/node_modules/react-dom/cjs/react-dom-client.development.js:10166:19
 ❯ beginWork node_modules/.pnpm/react-dom@19.2.1_react@19.2.1/node_modules/react-dom/cjs/react-dom-client.development.js:11778:18
 ❯ runWithFiberInDEV node_modules/.pnpm/react-dom@19.2.1_react@19.2.1/node_modules/react-dom/cjs/react-dom-client.development.js:874:13
 ❯ performUnitOfWork node_modules/.pnpm/react-dom@19.2.1_react@19.2.1/node_modules/react-dom/cjs/react-dom-client.development.js:17641:22
 ❯ workLoopSync node_modules/.pnpm/react-dom@19.2.1_react@19.2.1/node_modules/react-dom/cjs/react-dom-client.development.js:17469:41

⎯⎯⎯⎯⎯⎯⎯⎯⎯⎯⎯⎯⎯⎯⎯⎯⎯⎯⎯⎯⎯⎯⎯⎯[3/7]⎯

 FAIL  tests/components/features/restaurant-settings/dual-sync/GbpExactPublishDialog.test.tsx > GbpExactPublishDialog > shows exact listing, versions, fingerprint, expiry, method, masks, values and warnings
TestingLibraryElementError: Unable to find an element with the text: /"sections": 1/i. This could be because the text is broken up by multiple elements. In this case, you can provide a function for your text matcher to make your matcher more flexible.

Ignored nodes: comments, script, style
[36m<body[39m
  [33mdata-scroll-locked[39m=[32m"1"[39m
  [33mstyle[39m=[32m"pointer-events: none;"[39m
[36m>[39m
  [36m<span[39m
    [33maria-hidden[39m=[32m"true"[39m
    [33mdata-aria-hidden[39m=[32m"true"[39m
    [33mdata-radix-focus-guard[39m=[32m""[39m
    [33mstyle[39m=[32m"outline: none; opacity: 0; position: fixed; pointer-events: none;"[39m
    [33mtabindex[39m=[32m"0"[39m
  [36m/>[39m
  [36m<div[39m
    [33maria-hidden[39m=[32m"true"[39m
    [33mdata-aria-hidden[39m=[32m"true"[39m
  [36m/>[39m
  [36m<div[39m
    [33maria-hidden[39m=[32m"true"[39m
    [33mclass[39m=[32m"fixed inset-0 z-50 bg-overlay/80 data-[state=open]:animate-in data-[state=closed]:animate-out data-[state=closed]:fade-out-0 data-[state=open]:fade-in-0"[39m
    [33mdata-aria-hidden[39m=[32m"true"[39m
    [33mdata-state[39m=[32m"open"[39m
    [33mstyle[39m=[32m"pointer-events: auto;"[39m
  [36m/>[39m
  [36m<div[39m
    [33maria-describedby[39m=[32m"radix-_r_2_"[39m
    [33maria-labelledby[39m=[32m"radix-_r_1_"[39m
    [33mclass[39m=[32m"fixed left-[50%] top-[50%] z-50 grid w-[calc(100%-2rem)] translate-x-[-50%] translate-y-[-50%] gap-4 rounded-lg border bg-background p-6 shadow-lg duration-200 data-[state=open]:animate-in data-[state=closed]:animate-out data-[state=closed]:fade-out-0 data-[state=open]:fade-in-0 data-[state=closed]:zoom-out-95 data-[state=open]:zoom-in-95 data-[state=closed]:slide-out-to-left-1/2 data-[state=closed]:slide-out-to-top-[48%] data-[state=open]:slide-in-from-left-1/2 data-[state=open]:slide-in-from-top-[48%] max-h-[88vh] max-w-4xl overflow-y-auto"[39m
    [33mdata-state[39m=[32m"open"[39m
    [33mid[39m=[32m"radix-_r_0_"[39m
    [33mrole[39m=[32m"dialog"[39m
    [33mstyle[39m=[32m"pointer-events: auto;"[39m
    [33mtabindex[39m=[32m"-1"[39m
  [36m>[39m
    [36m<div[39m
      [33mclass[39m=[32m"flex flex-col gap-1.5 text-center sm:text-left"[39m
    [36m>[39m
      [36m<h2[39m
        [33mclass[39m=[32m"text-lg font-semibold leading-none tracking-tight"[39m
        [33mid[39m=[32m"radix-_r_1_"[39m
      [36m>[39m
        [0mConfirm exact Google publish[0m
      [36m</h2>[39m
      [36m<p[39m
        [33mclass[39m=[32m"text-sm text-muted-foreground"[39m
        [33mid[39m=[32m"radix-_r_2_"[39m
      [36m>[39m
        [0mVerify the listing, safe before-and-after values, update masks, and expiry. This exact plan cannot be reused after it expires.[0m
      [36m</p>[39m
    [36m</div>[39m
    [36m<div[39m
      [33mclass[39m=[32m"flex flex-col gap-4"[39m
    [36m>[39m
      [36m<dl[39m
        [33mclass[39m=[32m"grid gap-3 text-sm sm:grid-cols-2"[39m
      [36m>[39m
        [36m<div>[39m
          [36m<dt[39m
            [33mclass[39m=[32m"text-muted-foreground"[39m
          [36m>[39m
            [0mListing location[0m
          [36m</dt>[39m
          [36m<dd[39m
            [33mclass[39m=[32m"font-mono"[39m
          [36m>[39m
            [0mlocation-1[0m
          [36m</dd>[39m
        [36m</div>[39m
        [36m<div>[39m
          [36m<dt[39m
            [33mclass[39m=[32m"text-muted-foreground"[39m
          [36m>[39m
            [0mAccount / profile[0m
          [36m</dt>[39m
          [36m<dd[39m
            [33mclass[39m=[32m"font-mono"[39m
          [36m>[39m
            [0maccount-1[0m
            [0m / [0m
            [0mprofile-1[0m
          [36m</dd>[39m
        [36m</div>[39m
        [36m<div>[39m
          [36m<dt[39m
            [33mclass[39m=[32m"text-muted-foreground"[39m
          [36m>[39m
            [0mConnection / consent[0m
          [36m</dt>[39m
          [36m<dd>[39m
            [0mGeneration [0m
            [0m7[0m
            [0m · epoch[0m
            [0m [0m
            [0m4[0m
          [36m</dd>[39m
        [36m</div>[39m
        [36m<div>[39m
          [36m<dt[39m
            [33mclass[39m=[32m"text-muted-foreground"[39m
          [36m>[39m
            [0mVersions[0m
          [36m</dt>[39m
          [36m<dd[39m
            [33mclass[39m=[32m"flex flex-col font-mono"[39m
          [36m>[39m
            [36m<span>[39m
              [0mgbp-exact-consent-v1[0m
            [36m</span>[39m
            [36m<span>[39m
              [0mgbp-write-policy-v1[0m
            [36m</span>[39m
            [36m<span>[39m
              [0mgbp-renderer-v1[0m
            [36m</span>[39m
          [36m</dd>[39m
        [36m</div>[39m
        [36m<div[39m
          [33mclass[39m=[32m"sm:col-span-2"[39m
        [36m>[39m
          [36m<dt[39m
            [33mclass[39m=[32m"text-muted-foreground"[39m
          [36m>[39m
            [0mPlan fingerprint[0m
          [36m</dt>[39m
          [36m<dd[39m
            [33mclass[39m=[32m"break-all font-mono text-xs"[39m
          [36m>[39m
            [0maaaaaaaaaaaaaaaaaaaaaaaaaaaaaaaaaaaaaaaaaaaaaaaaaaaaaaaaaaaaaaaa[0m
          [36m</dd>[39m
        [36m</div>[39m
        [36m<div>[39m
          [36m<dt[39m
            [33mclass[39m=[32m"text-muted-foreground"[39m
          [36m>[39m
            [0mIssued[0m
          [36m</dt>[39m
          [36m<dd>[39m
            [0m2026-08-09T10:00:00.000Z[0m
          [36m</dd>[39m
        [36m</div>[39m
        [36m<div>[39m
          [36m<dt[39m
            [33mclass[39m=[32m"text-muted-foreground"[39m
          [36m>[39m
            [0mExpires[0m
          [36m</dt>[39m
          [36m<dd>[39m
            [0m2026-08-09T10:15:00.000Z[0m
            [0m · valid for at most 15 minutes[0m
          [36m</dd>[39m
        [36m</div>[39m
      [36m</dl>[39m
      [36m<div[39m
        [33mclass[39m=[32m"bg-border shrink-0 data-[orientation=horizontal]:h-px data-[orientation=horizontal]:w-full data-[orientation=vertical]:h-full data-[orientation=vertical]:w-px"[39m
        [33mdata-orientation[39m=[32m"horizontal"[39m
        [33mdata-slot[39m=[32m"separator"[39m
        [33mrole[39m=[32m"none"[39m
      [36m/>[39m
      [36m<section[39m
        [33mclass[39m=[32m"flex flex-col gap-3 rounded-md border p-3"[39m
      [36m>[39m
        [36m<div[39m
          [33mclass[39m=[32m"flex flex-wrap items-center gap-2"[39m
        [36m>[39m
          [36m<div[39m
            [33mclass[39m=[32m"inline-flex items-center rounded-md border px-2.5 py-0.5 text-xs font-semibold transition-colors text-foreground"[39m
          [36m>[39m
            [0mPOST[0m
          [36m</div>[39m
          [36m<div[39m
            [33mclass[39m=[32m"inline-flex items-center rounded-md border px-2.5 py-0.5 text-xs font-semibold transition-colors border-transparent bg-destructive text-destructive-foreground shadow hover:bg-destructive/80"[39m
          [36m>[39m
            [0mcritica...
 ❯ Object.getElementError node_modules/.pnpm/@testing-library+dom@10.4.0/node_modules/@testing-library/dom/dist/config.js:37:19
 ❯ node_modules/.pnpm/@testing-library+dom@10.4.0/node_modules/@testing-library/dom/dist/query-helpers.js:76:38
 ❯ node_modules/.pnpm/@testing-library+dom@10.4.0/node_modules/@testing-library/dom/dist/query-helpers.js:52:17
 ❯ node_modules/.pnpm/@testing-library+dom@10.4.0/node_modules/@testing-library/dom/dist/query-helpers.js:95:19
 ❯ tests/components/features/restaurant-settings/dual-sync/GbpExactPublishDialog.test.tsx:84:19
     82|     expect(screen.getByText('POST')).toBeInTheDocument();
     83|     expect(screen.getByText('menus')).toBeInTheDocument();
     84|     expect(screen.getByText(/"sections": 1/i)).toBeInTheDocument();
       |                   ^
     85|     expect(screen.getByText(/replaces the full google foodmenus resour…
     86|   });

⎯⎯⎯⎯⎯⎯⎯⎯⎯⎯⎯⎯⎯⎯⎯⎯⎯⎯⎯⎯⎯⎯⎯⎯[4/7]⎯


 Test Files  3 failed | 14 passed (17)
      Tests  7 failed | 52 passed (59)
   Start at  20:22:17
   Duration  1.93s (transform 2.65s, setup 1.61s, import 7.50s, tests 2.50s, environment 11.86s)

