$ QA_APP_PORT=5180 ./node_modules/.bin/playwright test tests/e2e/ops-gbp-dual-sync.spec.ts --config=playwright.app.config.ts --reporter=line
Running 5 tests using 1 worker
2 failed
  tests/e2e/ops-gbp-dual-sync.spec.ts:774:7 ... disconnected and unconfigured states
    Error: expect(locator).toBeVisible failed: "Google Business Profile credentials are not configured" not found
  tests/e2e/ops-gbp-dual-sync.spec.ts:845:7 ... location picker before linking
    Error: expect(locator).toBeVisible failed: "Available locations" not found
3 passed (38.6s)

$ QA_APP_PORT=5180 ./node_modules/.bin/playwright test tests/e2e/ops-gbp-dual-sync.spec.ts -g 'loads operator review, exact confirmation, and outcome recovery' --config=playwright.app.config.ts --reporter=line
1 passed (10.1s)

$ QA_APP_PORT=5180 ./node_modules/.bin/playwright test tests/e2e/ops-gbp-dual-sync.spec.ts -g 'disconnected and unconfigured states' --config=playwright.app.config.ts --reporter=line
1 passed (3.2s)

$ QA_APP_PORT=5180 ./node_modules/.bin/playwright test tests/e2e/ops-gbp-dual-sync.spec.ts -g 'loads operator review, exact confirmation, and outcome recovery|disconnected and unconfigured states' --config=playwright.app.config.ts --reporter=line
2 passed (21.0s)

$ Playwright cookie/redirect probe
redir 308 http://app.localhost:5180/settings/restaurant/google-business-profile http://app.localhost:5180/settings/restaurant/google-business-profile (repeated)
ERR page.goto: net::ERR_TOO_MANY_REDIRECTS

$ curl -I --resolve app.localhost:5180:127.0.0.1 -H 'Cookie: __nabatable_qa_ops_auth=enabled' http://app.localhost:5180/dashboard (webpack launcher)
HTTP/1.1 308 Permanent Redirect
x-middleware-rewrite: http://localhost:5180/app/dashboard
location: http://app.localhost:5180/dashboard
