
 RUN  v4.1.0 /Users/amankumarshrestha/LapenInns Project/nabatableLP

 ↓ tests/lib/env.test.ts > env app URL resolution > resolves Vercel URL templates before validating public app URL
 ↓ tests/lib/env.test.ts > env app URL resolution > drops unresolved Vercel URL templates and falls back to the site URL
 ↓ tests/lib/env.test.ts > env app URL resolution > does not resolve public app URL from a placeholder Vercel URL value
 ↓ tests/lib/env.test.ts > env app URL resolution > resolves Vercel URL templates before validating base URL
 ↓ tests/lib/env.test.ts > env app URL resolution > drops unresolved base URL templates and falls back to a canonical URL
 ↓ tests/lib/env.test.ts > WhatsApp five-event configuration > stays disabled until the review Content SID completes the lifecycle set @contract
 ↓ tests/lib/env.test.ts > Google Business Profile environment aliases > prefers explicit canonical credentials over legacy profile aliases
 ↓ tests/lib/env.test.ts > Google Business Profile environment aliases > uses fail-closed defaults for dual-sync runtime controls
 ↓ tests/lib/env.test.ts > Google Business Profile environment aliases > rejects malformed GBP_IMPORT_ENABLED input
 ↓ tests/lib/env.test.ts > Google Business Profile environment aliases > rejects malformed GBP_PUBSUB_INGEST_ENABLED input
 ↓ tests/lib/env.test.ts > Google Business Profile environment aliases > rejects malformed GBP_WRITE_ROLLOUT_MODE input
 ↓ tests/lib/env.test.ts > Google Business Profile environment aliases > rejects canary rollout without a canary restaurant identifier
 ↓ tests/lib/env.test.ts > Google Business Profile environment aliases > preserves legacy single-key configuration when no keyring is present
 ↓ tests/lib/env.test.ts > Google Business Profile environment aliases > normalizes a valid credential keyring without exposing mutable key storage
 ↓ tests/lib/env.test.ts > Google Business Profile environment aliases > rejects a partial keyring when only GOOGLE_BUSINESS_TOKEN_ENCRYPTION_ACTIVE_KEY_ID is present
 ↓ tests/lib/env.test.ts > Google Business Profile environment aliases > rejects a partial keyring when only GOOGLE_BUSINESS_TOKEN_ENCRYPTION_KEYS is present
 ↓ tests/lib/env.test.ts > Google Business Profile environment aliases > rejects malformed JSON without echoing key material
 ↓ tests/lib/env.test.ts > Google Business Profile environment aliases > rejects an empty keyring without echoing key material
 ↓ tests/lib/env.test.ts > Google Business Profile environment aliases > rejects a short decoded key without echoing key material
 ↓ tests/lib/env.test.ts > Google Business Profile environment aliases > rejects non-canonical base64url key material without echoing key material
 ↓ tests/lib/env.test.ts > Google Business Profile environment aliases > rejects an active key identifier that is absent from the keyring
 ↓ tests/lib/env.test.ts > Google Business Profile environment aliases > rejects duplicate key identifiers before JSON normalization can discard one
 ↓ tests/lib/env.test.ts > Google Business Profile environment aliases > rejects key identifiers outside the bounded identifier format
 ↓ tests/lib/env.test.ts > Google Business Profile environment aliases > requires complete Pub/Sub verification metadata when ingestion is enabled
 ↓ tests/lib/env.test.ts > Google Business Profile environment aliases > normalizes valid Pub/Sub ingress configuration
 ✓ tests/lib/env.test.ts > Google Business Profile environment aliases > rejects malformed optional Pub/Sub setting GBP_PUBSUB_EXPECTED_AUDIENCE 3ms
 ✓ tests/lib/env.test.ts > Google Business Profile environment aliases > rejects malformed optional Pub/Sub setting GBP_PUBSUB_PUSH_SERVICE_ACCOUNT_EMAIL 0ms
 ✓ tests/lib/env.test.ts > Google Business Profile environment aliases > rejects malformed optional Pub/Sub setting GBP_PUBSUB_SUBSCRIPTION 0ms
 × tests/lib/env.test.ts > Google Business Profile environment aliases > rejects malformed optional Pub/Sub setting GBP_PUBSUB_SUBSCRIPTION 2ms
   → Expected environment parsing to fail.
 ✓ tests/lib/env.test.ts > Google Business Profile environment aliases > rejects malformed optional Pub/Sub setting GBP_PUBSUB_TOPIC 0ms
 × tests/lib/env.test.ts > Google Business Profile environment aliases > rejects malformed optional Pub/Sub setting GBP_PUBSUB_TOPIC 0ms
   → Expected environment parsing to fail.

⎯⎯⎯⎯⎯⎯⎯ Failed Tests 2 ⎯⎯⎯⎯⎯⎯⎯

 FAIL  tests/lib/env.test.ts > Google Business Profile environment aliases > rejects malformed optional Pub/Sub setting GBP_PUBSUB_SUBSCRIPTION
 FAIL  tests/lib/env.test.ts > Google Business Profile environment aliases > rejects malformed optional Pub/Sub setting GBP_PUBSUB_TOPIC
Error: Expected environment parsing to fail.
 ❯ captureEnvErrorMessage tests/lib/env.test.ts:16:9
     14|     throw error;
     15|   }
     16|   throw new Error('Expected environment parsing to fail.');
       |         ^
     17| }
     18|
 ❯ tests/lib/env.test.ts:339:12

⎯⎯⎯⎯⎯⎯⎯⎯⎯⎯⎯⎯⎯⎯⎯⎯⎯⎯⎯⎯⎯⎯⎯⎯[1/2]⎯


 Test Files  1 failed (1)
      Tests  2 failed | 4 passed | 25 skipped (31)
   Start at  11:03:32
   Duration  385ms (transform 54ms, setup 33ms, import 76ms, tests 7ms, environment 202ms)

