
 RUN  v4.1.0 /Users/amankumarshrestha/LapenInns Project/nabatableLP

stderr | tests/server/dual-sync-queue-cron-route.test.ts > dual-sync queue cron route logging > records safe telemetry without changing the terminal queue response
[cron][dual-sync.queue] failed to run {
  jobName: 'dual-sync.queue',
  runId: 'run-queue-1',
  error: Error: Bearer provider-secret guest@example.com
      at /Users/amankumarshrestha/LapenInns Project/nabatableLP/tests/server/dual-sync-queue-cron-route.test.ts:41:50
      at file:///Users/amankumarshrestha/LapenInns%20Project/nabatableLP/node_modules/.pnpm/@vitest+runner@4.1.0/node_modules/@vitest/runner/dist/index.js:296:11
      at file:///Users/amankumarshrestha/LapenInns%20Project/nabatableLP/node_modules/.pnpm/@vitest+runner@4.1.0/node_modules/@vitest/runner/dist/index.js:1258:26
      at file:///Users/amankumarshrestha/LapenInns%20Project/nabatableLP/node_modules/.pnpm/@vitest+runner@4.1.0/node_modules/@vitest/runner/dist/index.js:1681:20
      at new Promise (<anonymous>)
      at runWithCancel (file:///Users/amankumarshrestha/LapenInns%20Project/nabatableLP/node_modules/.pnpm/@vitest+runner@4.1.0/node_modules/@vitest/runner/dist/index.js:1678:10)
      at file:///Users/amankumarshrestha/LapenInns%20Project/nabatableLP/node_modules/.pnpm/@vitest+runner@4.1.0/node_modules/@vitest/runner/dist/index.js:1660:20
      at new Promise (<anonymous>)
      at runWithTimeout (file:///Users/amankumarshrestha/LapenInns%20Project/nabatableLP/node_modules/.pnpm/@vitest+runner@4.1.0/node_modules/@vitest/runner/dist/index.js:1627:10)
      at file:///Users/amankumarshrestha/LapenInns%20Project/nabatableLP/node_modules/.pnpm/@vitest+runner@4.1.0/node_modules/@vitest/runner/dist/index.js:2309:64
}

stderr | tests/server/dual-sync-auto-export-cron-route.test.ts > dual-sync auto-export cron route logging > records a safe structured failure while preserving the terminal response
[cron][dual-sync.auto-export] failed to run {
  jobName: 'dual-sync.auto-export',
  runId: 'run-auto-export-1',
  error: Error: Bearer provider-secret guest@example.com
      at /Users/amankumarshrestha/LapenInns Project/nabatableLP/tests/server/dual-sync-auto-export-cron-route.test.ts:45:54
      at file:///Users/amankumarshrestha/LapenInns%20Project/nabatableLP/node_modules/.pnpm/@vitest+runner@4.1.0/node_modules/@vitest/runner/dist/index.js:296:11
      at file:///Users/amankumarshrestha/LapenInns%20Project/nabatableLP/node_modules/.pnpm/@vitest+runner@4.1.0/node_modules/@vitest/runner/dist/index.js:1258:26
      at file:///Users/amankumarshrestha/LapenInns%20Project/nabatableLP/node_modules/.pnpm/@vitest+runner@4.1.0/node_modules/@vitest/runner/dist/index.js:1681:20
      at new Promise (<anonymous>)
      at runWithCancel (file:///Users/amankumarshrestha/LapenInns%20Project/nabatableLP/node_modules/.pnpm/@vitest+runner@4.1.0/node_modules/@vitest/runner/dist/index.js:1678:10)
      at file:///Users/amankumarshrestha/LapenInns%20Project/nabatableLP/node_modules/.pnpm/@vitest+runner@4.1.0/node_modules/@vitest/runner/dist/index.js:1660:20
      at new Promise (<anonymous>)
      at runWithTimeout (file:///Users/amankumarshrestha/LapenInns%20Project/nabatableLP/node_modules/.pnpm/@vitest+runner@4.1.0/node_modules/@vitest/runner/dist/index.js:1627:10)
      at file:///Users/amankumarshrestha/LapenInns%20Project/nabatableLP/node_modules/.pnpm/@vitest+runner@4.1.0/node_modules/@vitest/runner/dist/index.js:2309:64
}

stderr | tests/server/google-business-profile/food-menus-import-decisions.test.ts > decideFoodMenusImportReview > still rethrows the original failure when marking the claim failed also fails @contract @observability
[gbp][food-menus][import-review] failed to mark claimed review failed {
  reviewId: 'review-1',
  message: 'Bearer provider-secret guest@example.com'
}

 ✓ tests/server/dual-sync-core-outbox-route.test.ts > core outbox cron route > requires cron auth and returns no-store 3ms
 ✓ tests/server/dual-sync-core-outbox-route.test.ts > core outbox cron route > performs a read-only census for dry-run 2ms
 ✓ tests/server/dual-sync-core-outbox-route.test.ts > core outbox cron route > does not claim when candidate discovery is disabled 0ms
 × tests/server/dual-sync-core-outbox-route.test.ts > core outbox cron route > records a safe structured failure while preserving the terminal response 3ms
   → expected "vi.fn()" to be called with arguments: [ …(2) ]

Number of calls: 0

 × tests/server/dual-sync-auto-export-cron-route.test.ts > dual-sync auto-export cron route logging > records a safe structured failure while preserving the terminal response 7ms
   → expected "vi.fn()" to be called with arguments: [ …(2) ]

Number of calls: 0

 × tests/server/dual-sync-queue-cron-route.test.ts > dual-sync queue cron route logging > records safe telemetry without changing the terminal queue response 6ms
   → expected "vi.fn()" to be called with arguments: [ Array(2) ]

Number of calls: 0

 ✓ tests/server/google-business-profile/food-menus-import-decisions.test.ts > decideFoodMenusImportReview > rejects decisions for unknown reviews without claiming anything @contract @security 3ms
 ✓ tests/server/google-business-profile/food-menus-import-decisions.test.ts > decideFoodMenusImportReview > rejects reviews that were already decided @contract 0ms
 ✓ tests/server/google-business-profile/food-menus-import-decisions.test.ts > decideFoodMenusImportReview > marks ignored google changes without touching items or settings @contract 1ms
 ✓ tests/server/google-business-profile/food-menus-import-decisions.test.ts > decideFoodMenusImportReview > merges menu metadata patches over current settings when applying metadata @contract 1ms
 ✓ tests/server/google-business-profile/food-menus-import-decisions.test.ts > decideFoodMenusImportReview > rejects metadata decisions on non-metadata reviews before claiming @contract 0ms
 ✓ tests/server/google-business-profile/food-menus-import-decisions.test.ts > decideFoodMenusImportReview > routes missing-local-item actions to the canonical adapter @contract 0ms
 ✓ tests/server/google-business-profile/food-menus-import-decisions.test.ts > decideFoodMenusImportReview > rejects missing-local-item actions when the review is not missing_from_google @contract 0ms
 ✓ tests/server/google-business-profile/food-menus-import-decisions.test.ts > decideFoodMenusImportReview > creates new items from complete unmatched suggestions @contract 0ms
 ✓ tests/server/google-business-profile/food-menus-import-decisions.test.ts > decideFoodMenusImportReview > rejects create_new_item when the suggestion is missing required fields @contract 0ms
 ✓ tests/server/google-business-profile/food-menus-import-decisions.test.ts > decideFoodMenusImportReview > applies normalised suggested patches to the matched local item @contract @security 0ms
 ✓ tests/server/google-business-profile/food-menus-import-decisions.test.ts > decideFoodMenusImportReview > rejects apply_to_nabatable without a matched local item @contract 0ms
 ✓ tests/server/google-business-profile/food-menus-import-decisions.test.ts > decideFoodMenusImportReview > rejects malformed suggested patches that parse to nothing @contract 0ms
 ✓ tests/server/google-business-profile/food-menus-import-decisions.test.ts > decideFoodMenusImportReview > marks a claimed review failed when the side effect throws and rethrows the cause @contract 0ms
 ✓ tests/server/google-business-profile/food-menus-import-decisions.test.ts > decideFoodMenusImportReview > does not mark failure when the error happens before the claim @contract 1ms
 ✓ tests/server/google-business-profile/food-menus-import-decisions.test.ts > decideFoodMenusImportReview > propagates claim conflicts without marking the review failed @contract 0ms
 × tests/server/google-business-profile/food-menus-import-decisions.test.ts > decideFoodMenusImportReview > still rethrows the original failure when marking the claim failed also fails @contract @observability 3ms
   → expected "vi.fn()" to be called with arguments: [ …(2) ]

Number of calls: 0

stderr | tests/server/dual-sync-locks.test.ts > runWithDualSyncLock > records a safe release failure and preserves the protected-job failure
[dual-sync][lock] failed to release lock after job error {
  restaurantId: 'rest-1',
  jobKind: 'publish_batch',
  lockId: 'lock-1',
  error: 'Bearer provider-secret guest@example.com'
}

 ✓ tests/server/dual-sync-locks.test.ts > runWithDualSyncLock > acquires and releases a restaurant/provider lock around the job 2ms
 ✓ tests/server/dual-sync-locks.test.ts > runWithDualSyncLock > renews long-running locks before their TTL expires 2ms
 ✓ tests/server/dual-sync-locks.test.ts > runWithDualSyncLock > releases the lock when the protected job throws 1ms
 ✓ tests/server/dual-sync-locks.test.ts > runWithDualSyncLock > surfaces a lock-held error without running the protected job 1ms
 × tests/server/dual-sync-locks.test.ts > runWithDualSyncLock > records a safe release failure and preserves the protected-job failure 2ms
   → expected "vi.fn()" to be called with arguments: [ …(2) ]

Number of calls: 0

stderr | tests/server/dual-sync-notifications.test.ts > buildDefaultNotificationPort > routes webhook transport failures through the console notification port without provider text
[dual-sync:tenant_run_failed] {
  kind: 'tenant_run_failed',
  severity: 'error',
  summary: 'Auto-export run failed.',
  restaurantId: 'rest-1',
  errorMessage: 'boom',
  occurredAt: '2026-08-09T23:39:39.557Z'
}

 ✓ tests/server/dual-sync-notifications.test.ts > createConsoleNotificationPort > routes errors to logger.error and stamps occurredAt 2ms
 ✓ tests/server/dual-sync-notifications.test.ts > createConsoleNotificationPort > routes warnings to logger.warn 0ms
 ✓ tests/server/dual-sync-notifications.test.ts > createConsoleNotificationPort > reports an ambiguous failure when the underlying logger explodes 0ms
 ✓ tests/server/dual-sync-notifications.test.ts > createWebhookNotificationPort > POSTs the event JSON to the configured URL 1ms
 ✓ tests/server/dual-sync-notifications.test.ts > createWebhookNotificationPort > returns a definitive rejection for an unambiguously rejected request 0ms
 ✓ tests/server/dual-sync-notifications.test.ts > createWebhookNotificationPort > returns an ambiguous failure for a server response 0ms
 ✓ tests/server/dual-sync-notifications.test.ts > createWebhookNotificationPort > classifies a rate-limit rejection as definitively retryable 0ms
 ✓ tests/server/dual-sync-notifications.test.ts > createWebhookNotificationPort > returns an ambiguous failure for a thrown transport error 0ms
 ✓ tests/server/dual-sync-notifications.test.ts > createWebhookNotificationPort > reports an unavailable transport instead of silently succeeding 0ms
 ✓ tests/server/dual-sync-notifications.test.ts > combineNotificationPorts > fails definitively for an empty operational channel list 0ms
 ✓ tests/server/dual-sync-notifications.test.ts > combineNotificationPorts > returns the single port unchanged 0ms
 ✓ tests/server/dual-sync-notifications.test.ts > combineNotificationPorts > fans out and preserves the most uncertain transport result 0ms
 × tests/server/dual-sync-notifications.test.ts > buildDefaultNotificationPort > routes webhook transport failures through the console notification port without provider text 3ms
   → expected "vi.fn()" to be called with arguments: [ { kind: 'cron_run_failed', …(3) } ]

Number of calls: 0


⎯⎯⎯⎯⎯⎯⎯ Failed Tests 6 ⎯⎯⎯⎯⎯⎯⎯

 FAIL  tests/server/dual-sync-auto-export-cron-route.test.ts > dual-sync auto-export cron route logging > records a safe structured failure while preserving the terminal response
AssertionError: expected "vi.fn()" to be called with arguments: [ …(2) ]

Number of calls: 0

 ❯ tests/server/dual-sync-auto-export-cron-route.test.ts:53:29
     51|     expect(response.status).toBe(500);
     52|     expect(await response.json()).toEqual({ error: 'Dual-sync auto-exp…
     53|     expect(loggerErrorMock).toHaveBeenCalledWith('Dual-sync auto-expor…
       |                             ^
     54|       source: 'cron.dual-sync.auto-export',
     55|       runId: 'run-auto-export-1',

⎯⎯⎯⎯⎯⎯⎯⎯⎯⎯⎯⎯⎯⎯⎯⎯⎯⎯⎯⎯⎯⎯⎯⎯[1/6]⎯

 FAIL  tests/server/dual-sync-core-outbox-route.test.ts > core outbox cron route > records a safe structured failure while preserving the terminal response
AssertionError: expected "vi.fn()" to be called with arguments: [ …(2) ]

Number of calls: 0

 ❯ tests/server/dual-sync-core-outbox-route.test.ts:114:29
    112|       code: 'core_outbox_processing_failed',
    113|     });
    114|     expect(loggerErrorMock).toHaveBeenCalledWith('Dual-sync core outbo…
       |                             ^
    115|       source: 'cron.dual-sync.core-outbox',
    116|       runId: '00000000-0000-4000-8000-000000000099',

⎯⎯⎯⎯⎯⎯⎯⎯⎯⎯⎯⎯⎯⎯⎯⎯⎯⎯⎯⎯⎯⎯⎯⎯[2/6]⎯

 FAIL  tests/server/dual-sync-locks.test.ts > runWithDualSyncLock > records a safe release failure and preserves the protected-job failure
AssertionError: expected "vi.fn()" to be called with arguments: [ …(2) ]

Number of calls: 0

 ❯ tests/server/dual-sync-locks.test.ts:166:29
    164|     // Then
    165|     await expect(result).rejects.toBe(workFailure);
    166|     expect(loggerErrorMock).toHaveBeenCalledWith('Dual-sync lock relea…
       |                             ^
    167|       module: 'dual-sync-locks',
    168|       restaurantId: 'rest-1',

⎯⎯⎯⎯⎯⎯⎯⎯⎯⎯⎯⎯⎯⎯⎯⎯⎯⎯⎯⎯⎯⎯⎯⎯[3/6]⎯

 FAIL  tests/server/dual-sync-notifications.test.ts > buildDefaultNotificationPort > routes webhook transport failures through the console notification port without provider text
AssertionError: expected "vi.fn()" to be called with arguments: [ { kind: 'cron_run_failed', …(3) } ]

Number of calls: 0

 ❯ tests/server/dual-sync-notifications.test.ts:251:32
    249|
    250|       // Then
    251|       expect(consolePort.emit).toHaveBeenCalledWith({
       |                                ^
    252|         kind: 'cron_run_failed',
    253|         severity: 'error',

⎯⎯⎯⎯⎯⎯⎯⎯⎯⎯⎯⎯⎯⎯⎯⎯⎯⎯⎯⎯⎯⎯⎯⎯[4/6]⎯

 FAIL  tests/server/dual-sync-queue-cron-route.test.ts > dual-sync queue cron route logging > records safe telemetry without changing the terminal queue response
AssertionError: expected "vi.fn()" to be called with arguments: [ Array(2) ]

Number of calls: 0

 ❯ tests/server/dual-sync-queue-cron-route.test.ts:49:29
     47|     expect(response.status).toBe(500);
     48|     expect(await response.json()).toEqual({ error: 'Dual-sync queue cr…
     49|     expect(loggerErrorMock).toHaveBeenCalledWith('Dual-sync queue cron…
       |                             ^
     50|       source: 'cron.dual-sync.queue',
     51|       runId: 'run-queue-1',

⎯⎯⎯⎯⎯⎯⎯⎯⎯⎯⎯⎯⎯⎯⎯⎯⎯⎯⎯⎯⎯⎯⎯⎯[5/6]⎯

 FAIL  tests/server/google-business-profile/food-menus-import-decisions.test.ts > decideFoodMenusImportReview > still rethrows the original failure when marking the claim failed also fails @contract @observability
AssertionError: expected "vi.fn()" to be called with arguments: [ …(2) ]

Number of calls: 0

 ❯ tests/server/google-business-profile/food-menus-import-decisions.test.ts:366:29
    364|     await expect(decide({ action: 'apply_to_nabatable' })).rejects.toB…
    365|
    366|     expect(loggerErrorMock).toHaveBeenCalledWith('Food menus import re…
       |                             ^
    367|       module: 'gbp',
    368|       reviewId: 'review-1',

⎯⎯⎯⎯⎯⎯⎯⎯⎯⎯⎯⎯⎯⎯⎯⎯⎯⎯⎯⎯⎯⎯⎯⎯[6/6]⎯


 Test Files  6 failed (6)
      Tests  6 failed | 34 passed (40)
   Start at  00:39:38
   Duration  640ms (transform 425ms, setup 354ms, import 509ms, tests 50ms, environment 2.15s)

