task-owned status
 M src/services/ops/restaurants.ts
?? src/app/api/ops/restaurants/[id]/google-business-profile/locations/route.ts
?? tests/server/google-business-profile-locations-route.test.ts
?? tests/services/ops-restaurants-google-business-profile.test.ts

task-owned diff
diff --git a/src/services/ops/restaurants.ts b/src/services/ops/restaurants.ts
index b6d68eca..7245b1cb 100644
--- a/src/services/ops/restaurants.ts
+++ b/src/services/ops/restaurants.ts
@@ -1449,13 +1449,13 @@ export function createBrowserRestaurantService(): RestaurantService {
 
     async getGoogleBusinessProfileConnection(restaurantId: string) {
       return fetchJson<GoogleBusinessProfileConnection>(
-        `${OPS_RESTAURANTS_BASE}/${restaurantId}/google-business-profile`,
+        `${OPS_RESTAURANTS_BASE}/${restaurantId}/google-business-profile/details`,
       );
     },
 
     async getGoogleBusinessProfileAvailableLocations(restaurantId: string) {
       const response = await fetchJson<{ locations: GoogleBusinessProfileAvailableLocation[] }>(
-        `${OPS_RESTAURANTS_BASE}/${restaurantId}/google-business/locations`,
+        `${OPS_RESTAURANTS_BASE}/${restaurantId}/google-business-profile/locations`,
       );
       return response.locations;
     },
diff --git a/src/app/api/ops/restaurants/[id]/google-business-profile/locations/route.ts b/src/app/api/ops/restaurants/[id]/google-business-profile/locations/route.ts
new file mode 100644
index 00000000..7e16db6f
--- /dev/null
+++ b/src/app/api/ops/restaurants/[id]/google-business-profile/locations/route.ts
@@ -0,0 +1,57 @@
+import { NextResponse } from 'next/server';
+
+import {
+  ensureRestaurantAdminAccess,
+  resolveRestaurantId,
+} from '@/app/api/ops/restaurants/[id]/_shared';
+import { safeBool } from '@/lib/api/query-params';
+import { gbpNoStoreJson, gbpNoStoreResponse } from '@/server/dual-sync/retention/privacy';
+import { getGoogleBusinessProfileAvailableLocations } from '@/server/google-business-profile/service';
+import { requireProviderRefreshBudget } from '@/server/security/provider-rate-limit';
+
+import type { NextRequest } from 'next/server';
+
+type RouteContext = { readonly params: Promise<{ readonly id: string | string[] }> };
+
+export async function GET(request: NextRequest, { params }: RouteContext) {
+  const restaurantId = await resolveRestaurantId(params);
+  if (!restaurantId) {
+    return gbpNoStoreJson(
+      { error: 'Missing restaurant id', code: 'INVALID_RESTAURANT_ID' },
+      { status: 400 },
+    );
+  }
+
+  const access = await ensureRestaurantAdminAccess(
+    restaurantId,
+    'google-business-profile-locations',
+  );
+  if (access instanceof NextResponse) return gbpNoStoreResponse(access);
+
+  const forceRefresh = safeBool(request.nextUrl.searchParams, 'refresh', false);
+  const rateLimit = await requireProviderRefreshBudget({
+    provider: 'google_business_profile',
+    restaurantId,
+    action: forceRefresh ? 'location-discovery-refresh' : 'location-discovery-read',
+    limit: forceRefresh ? undefined : 30,
+  });
+  if (rateLimit) return gbpNoStoreResponse(rateLimit);
+
+  try {
+    const locations = await getGoogleBusinessProfileAvailableLocations(restaurantId, undefined, {
+      forceRefresh,
+    });
+    return gbpNoStoreJson({ locations });
+  } catch {
+    return gbpNoStoreJson(
+      {
+        error: 'Unable to list Google Business Profile locations.',
+        code: 'GBP_LOCATION_DISCOVERY_FAILED',
+      },
+      { status: 500 },
+    );
+  }
+}
+
+export const dynamic = 'force-dynamic';
+export const runtime = 'nodejs';
diff --git a/tests/server/google-business-profile-locations-route.test.ts b/tests/server/google-business-profile-locations-route.test.ts
new file mode 100644
index 00000000..8364c13f
--- /dev/null
+++ b/tests/server/google-business-profile-locations-route.test.ts
@@ -0,0 +1,118 @@
+import { NextRequest, NextResponse } from 'next/server';
+import { beforeEach, describe, expect, it, vi } from 'vitest';
+
+const resolveRestaurantIdMock = vi.hoisted(() => vi.fn());
+const ensureRestaurantAdminAccessMock = vi.hoisted(() => vi.fn());
+const getAvailableLocationsMock = vi.hoisted(() => vi.fn());
+const requireBudgetMock = vi.hoisted(() => vi.fn());
+
+vi.mock('@/app/api/ops/restaurants/[id]/_shared', () => ({
+  resolveRestaurantId: resolveRestaurantIdMock,
+  ensureRestaurantAdminAccess: ensureRestaurantAdminAccessMock,
+}));
+vi.mock('@/server/google-business-profile/service', () => ({
+  getGoogleBusinessProfileAvailableLocations: getAvailableLocationsMock,
+}));
+vi.mock('@/server/security/provider-rate-limit', () => ({
+  requireProviderRefreshBudget: requireBudgetMock,
+}));
+
+import { GET } from '@/app/api/ops/restaurants/[id]/google-business-profile/locations/route';
+
+describe('Google Business Profile locations route', () => {
+  beforeEach(() => {
+    vi.clearAllMocks();
+    resolveRestaurantIdMock.mockResolvedValue('rest-1');
+    ensureRestaurantAdminAccessMock.mockResolvedValue({
+      userId: 'user-1',
+      userEmail: 'owner@example.test',
+    });
+    requireBudgetMock.mockResolvedValue(null);
+    getAvailableLocationsMock.mockResolvedValue([]);
+  });
+
+  it('lists available locations through the canonical admin-scoped no-store route', async () => {
+    getAvailableLocationsMock.mockResolvedValueOnce([
+      { locationName: 'locations/456', title: 'Old Crown' },
+    ]);
+
+    const response = await GET(
+      new NextRequest(
+        'https://example.test/api/ops/restaurants/rest-1/google-business-profile/locations',
+      ),
+      { params: Promise.resolve({ id: 'rest-1' }) },
+    );
+
+    expect(response.status).toBe(200);
+    expect(response.headers.get('cache-control')).toContain('private');
+    expect(response.headers.get('cache-control')).toContain('no-store');
+    expect(ensureRestaurantAdminAccessMock).toHaveBeenCalledWith(
+      'rest-1',
+      'google-business-profile-locations',
+    );
+    expect(requireBudgetMock).toHaveBeenCalledWith({
+      provider: 'google_business_profile',
+      restaurantId: 'rest-1',
+      action: 'location-discovery-read',
+      limit: 30,
+    });
+    expect(getAvailableLocationsMock).toHaveBeenCalledWith('rest-1', undefined, {
+      forceRefresh: false,
+    });
+    await expect(response.json()).resolves.toEqual({
+      locations: [{ locationName: 'locations/456', title: 'Old Crown' }],
+    });
+  });
+
+  it('preserves private no-store headers when admin access is denied', async () => {
+    ensureRestaurantAdminAccessMock.mockResolvedValueOnce(
+      NextResponse.json({ error: 'Forbidden' }, { status: 403 }),
+    );
+
+    const response = await GET(new NextRequest('https://example.test'), {
+      params: Promise.resolve({ id: 'rest-1' }),
+    });
+
+    expect(response.status).toBe(403);
+    expect(response.headers.get('cache-control')).toContain('private');
+    expect(response.headers.get('cache-control')).toContain('no-store');
+    expect(requireBudgetMock).not.toHaveBeenCalled();
+    expect(getAvailableLocationsMock).not.toHaveBeenCalled();
+  });
+
+  it('passes an explicit refresh through the existing discovery budget and service behavior', async () => {
+    const response = await GET(new NextRequest('https://example.test?refresh=1'), {
+      params: Promise.resolve({ id: 'rest-1' }),
+    });
+
+    expect(response.status).toBe(200);
+    expect(requireBudgetMock).toHaveBeenCalledWith({
+      provider: 'google_business_profile',
+      restaurantId: 'rest-1',
+      action: 'location-discovery-refresh',
+      limit: undefined,
+    });
+    expect(getAvailableLocationsMock).toHaveBeenCalledWith('rest-1', undefined, {
+      forceRefresh: true,
+    });
+  });
+
+  it('returns a safe no-store error without reflecting provider failures', async () => {
+    getAvailableLocationsMock.mockRejectedValueOnce(
+      new Error('provider secret account and access token'),
+    );
+
+    const response = await GET(new NextRequest('https://example.test'), {
+      params: Promise.resolve({ id: 'rest-1' }),
+    });
+    const body = await response.json();
+
+    expect(response.status).toBe(500);
+    expect(response.headers.get('cache-control')).toContain('no-store');
+    expect(body).toEqual({
+      error: 'Unable to list Google Business Profile locations.',
+      code: 'GBP_LOCATION_DISCOVERY_FAILED',
+    });
+    expect(JSON.stringify(body)).not.toContain('provider secret');
+  });
+});
