^D
[2mRunning [22m5[2m tests using [22m1[2m worker[22m

[1A[2K(node:84091) Warning: The 'NO_COLOR' env is ignored due to the 'FORCE_COLOR' env being set.
(Use `node --trace-warnings ...` to show where the warning was created)


[1A[2K(node:84091) Warning: The 'NO_COLOR' env is ignored due to the 'FORCE_COLOR' env being set.
(Use `node --trace-warnings ...` to show where the warning was created)


[1A[2K[1/5] tests/e2e/ops-gbp-dual-sync.spec.ts:568:7 › ops GBP dual-sync shipped route › google business profile route loads operator review, exact confirmation, and outcome recovery @p1 @browser @contract @external-mock @local-only
[1A[2K[2/5] tests/e2e/ops-gbp-dual-sync.spec.ts:788:7 › ops GBP dual-sync shipped route › google business profile route shows disconnected and unconfigured states @p1 @browser @contract @external-mock @local-only
[1A[2K[31m  1) tests/e2e/ops-gbp-dual-sync.spec.ts:788:7 › ops GBP dual-sync shipped route › google business profile route shows disconnected and unconfigured states @p1 @browser @contract @external-mock @local-only [39m

    [31mTest timeout of 60000ms exceeded.[39m

    Error: page.waitForResponse: Test timeout of 60000ms exceeded.

      343 |
      344 | async function navigateToGbpSettings(page: Page) {
    > 345 |   const connectionResponse = page.waitForResponse((response) => {
          |                                   ^
      346 |     const url = new URL(response.url());
      347 |     return (
      348 |       response.request().method() === 'GET' &&
    [2m    at navigateToGbpSettings (/Users/amankumarshrestha/LapenInns Project/nabatableLP/tests/e2e/ops-gbp-dual-sync.spec.ts:345:35)[22m
    [2m    at /Users/amankumarshrestha/LapenInns Project/nabatableLP/tests/e2e/ops-gbp-dual-sync.spec.ts:808:11[22m

[2m    attachment #1: [1mscreenshot[2m (image/png) [2m──────────────────────────────────────────────────────────[2m[22m
[2m    test-results/qa/gbp-wave3-production/ops-gbp-dual-sync-ops-GBP--bb5e0-ct-external-mock-local-only/test-failed-1.png[22m
[2m    [2m────────────────────────────────────────────────────────────────────────────────────────────────[2m[22m

[2m    attachment #2: [1mvideo[2m (video/webm) [2m──────────────────────────────────────────────────────────────[2m[22m
[2m    test-results/qa/gbp-wave3-production/ops-gbp-dual-sync-ops-GBP--bb5e0-ct-external-mock-local-only/video.webm[22m
[2m    [2m────────────────────────────────────────────────────────────────────────────────────────────────[2m[22m

[2m    Error Context: test-results/qa/gbp-wave3-production/ops-gbp-dual-sync-ops-GBP--bb5e0-ct-external-mock-local-only/error-context.md[22m

[2m    attachment #4: [1mtrace[2m (application/zip) [2m─────────────────────────────────────────────────────────[2m[22m
[2m    test-results/qa/gbp-wave3-production/ops-gbp-dual-sync-ops-GBP--bb5e0-ct-external-mock-local-only/trace.zip[22m
[2m    Usage:[22m

[2m        npx playwright show-trace test-results/qa/gbp-wave3-production/ops-gbp-dual-sync-ops-GBP--bb5e0-ct-external-mock-local-only/trace.zip[22m

[2m    [2m────────────────────────────────────────────────────────────────────────────────────────────────[2m[22m


[1A[2K(node:87090) Warning: The 'NO_COLOR' env is ignored due to the 'FORCE_COLOR' env being set.
(Use `node --trace-warnings ...` to show where the warning was created)


[1A[2K(node:87090) Warning: The 'NO_COLOR' env is ignored due to the 'FORCE_COLOR' env being set.
(Use `node --trace-warnings ...` to show where the warning was created)


[1A[2K[3/5] tests/e2e/ops-gbp-dual-sync.spec.ts:824:7 › ops GBP dual-sync shipped route › google business profile route shows connect state without publish controls @p1 @browser @contract @external-mock @local-only
[1A[2K[4/5] tests/e2e/ops-gbp-dual-sync.spec.ts:853:7 › ops GBP dual-sync shipped route › google business profile route shows the location picker before linking @p1 @browser @contract @external-mock @local-only
[1A[2K[5/5] tests/e2e/ops-gbp-dual-sync.spec.ts:884:7 › ops GBP dual-sync shipped route › google business profile disconnect requires password on the shipped route @p1 @browser @contract @external-mock @local-only
[1A[2K[31m  1 failed[39m
[31m    tests/e2e/ops-gbp-dual-sync.spec.ts:788:7 › ops GBP dual-sync shipped route › google business profile route shows disconnected and unconfigured states @p1 @browser @contract @external-mock @local-only [39m
[32m  4 passed[39m[2m (1.3m)[22m
