
 RUN  v4.1.0 /Users/amankumarshrestha/LapenInns Project/nabatableLP


⎯⎯⎯⎯⎯⎯ Failed Suites 1 ⎯⎯⎯⎯⎯⎯⎯

 FAIL  tests/server/dual-sync-google-update-overlay.test.ts [ tests/server/dual-sync-google-update-overlay.test.ts ]
Error: Failed to resolve import "@/server/dual-sync/freshness/google-update-overlay" from "tests/server/dual-sync-google-update-overlay.test.ts". Does the file exist?
  Plugin: vite:import-analysis
  File: /Users/amankumarshrestha/LapenInns Project/nabatableLP/tests/server/dual-sync-google-update-overlay.test.ts:3:41
  1  |  import { describe, expect, it } from "vitest";
  2  |  import { buildGoogleUpdateOverlay } from "@/server/dual-sync/freshness/google-update-overlay";
     |                                            ^
  3  |  describe("Google update metadata overlay", () => {
  4  |    it("combines location and attribute masks without retaining provider values", () => {
 ❯ TransformPluginContext._formatLog ../../LapenInns%20Project/nabatableLP/node_modules/.pnpm/vite@7.3.5_@types+node@24.10.1_jiti@2.7.0_lightningcss@1.33.0_terser@5.46.0_tsx@4.21.0_yaml@2.9.0/node_modules/vite/dist/node/chunks/config.js:29079:43
 ❯ TransformPluginContext.error ../../LapenInns%20Project/nabatableLP/node_modules/.pnpm/vite@7.3.5_@types+node@24.10.1_jiti@2.7.0_lightningcss@1.33.0_terser@5.46.0_tsx@4.21.0_yaml@2.9.0/node_modules/vite/dist/node/chunks/config.js:29076:14
 ❯ normalizeUrl ../../LapenInns%20Project/nabatableLP/node_modules/.pnpm/vite@7.3.5_@types+node@24.10.1_jiti@2.7.0_lightningcss@1.33.0_terser@5.46.0_tsx@4.21.0_yaml@2.9.0/node_modules/vite/dist/node/chunks/config.js:27199:18
 ❯ ../../LapenInns%20Project/nabatableLP/node_modules/.pnpm/vite@7.3.5_@types+node@24.10.1_jiti@2.7.0_lightningcss@1.33.0_terser@5.46.0_tsx@4.21.0_yaml@2.9.0/node_modules/vite/dist/node/chunks/config.js:27257:32
 ❯ TransformPluginContext.transform ../../LapenInns%20Project/nabatableLP/node_modules/.pnpm/vite@7.3.5_@types+node@24.10.1_jiti@2.7.0_lightningcss@1.33.0_terser@5.46.0_tsx@4.21.0_yaml@2.9.0/node_modules/vite/dist/node/chunks/config.js:27225:4
 ❯ EnvironmentPluginContainer.transform ../../LapenInns%20Project/nabatableLP/node_modules/.pnpm/vite@7.3.5_@types+node@24.10.1_jiti@2.7.0_lightningcss@1.33.0_terser@5.46.0_tsx@4.21.0_yaml@2.9.0/node_modules/vite/dist/node/chunks/config.js:28877:14
 ❯ loadAndTransform ../../LapenInns%20Project/nabatableLP/node_modules/.pnpm/vite@7.3.5_@types+node@24.10.1_jiti@2.7.0_lightningcss@1.33.0_terser@5.46.0_tsx@4.21.0_yaml@2.9.0/node_modules/vite/dist/node/chunks/config.js:22746:26

⎯⎯⎯⎯⎯⎯⎯⎯⎯⎯⎯⎯⎯⎯⎯⎯⎯⎯⎯⎯⎯⎯⎯⎯[1/1]⎯


 Test Files  1 failed (1)
      Tests  no tests
   Start at  17:34:52
   Duration  294ms (transform 11ms, setup 32ms, import 0ms, tests 0ms, environment 195ms)

