
[2mRunning [22m1[2m test using [22m1[2m worker[22m

(node:92493) Warning: The 'NO_COLOR' env is ignored due to the 'FORCE_COLOR' env being set.
(Use `node --trace-warnings ...` to show where the warning was created)
(node:92493) Warning: The 'NO_COLOR' env is ignored due to the 'FORCE_COLOR' env being set.
(Use `node --trace-warnings ...` to show where the warning was created)
     [2m1 [22m[2m…, and outcome recovery @p1 @browser @contract @external-mock @local-only[22m
[1A[2K[0G  [31m✘[39m  [2m1 [22m[31m…tcome recovery @p1 @browser @contract @external-mock @local-only[39m[2m (17.3s)[22m[1E

[31m  1) tests/e2e/ops-gbp-dual-sync.spec.ts:540:7 › ops GBP dual-sync shipped route › google business profile route loads operator review, exact confirmation, and outcome recovery @p1 @browser @contract @external-mock @local-only [39m

    Error: [2mexpect([22m[31mreceived[39m[2m).[22mtoEqual[2m([22m[32mexpected[39m[2m) // deep equality[22m

    [32m- Expected  - 1[39m
    [31m+ Received  + 4[39m

    [32m- Array [][39m
    [31m+ Array [[39m
    [31m+   "nextjs-portal",[39m
    [31m+   "button",[39m
    [31m+ ][39m

    Call Log:
    - Timeout 15000ms exceeded while waiting on the predicate

      344 | async function assertNextDevToolsAbsent(page: Page) {
      345 |   await waitForSettled(page);
    > 346 |   await expect
          |   ^
      347 |     .poll(
      348 |       () =>
      349 |         page.evaluate(() => {
    [2m    at assertNextDevToolsAbsent (/Users/amankumarshrestha/LapenInns Project/nabatableLP/tests/e2e/ops-gbp-dual-sync.spec.ts:346:3)[22m
    [2m    at /Users/amankumarshrestha/LapenInns Project/nabatableLP/tests/e2e/ops-gbp-dual-sync.spec.ts:623:7[22m

[2m    attachment #1: [1mscreenshot[2m (image/png) [2m──────────────────────────────────────[2m[22m
[2m    test-results/qa/gbp-wave3-production/ops-gbp-dual-sync-ops-GBP--ec9f7-ct-external-mock-local-only/test-failed-1.png[22m
[2m    [2m────────────────────────────────────────────────────────────────────────────[2m[22m

[2m    attachment #2: [1mvideo[2m (video/webm) [2m──────────────────────────────────────────[2m[22m
[2m    test-results/qa/gbp-wave3-production/ops-gbp-dual-sync-ops-GBP--ec9f7-ct-external-mock-local-only/video.webm[22m
[2m    [2m────────────────────────────────────────────────────────────────────────────[2m[22m

[2m    Error Context: test-results/qa/gbp-wave3-production/ops-gbp-dual-sync-ops-GBP--ec9f7-ct-external-mock-local-only/error-context.md[22m

[2m    attachment #4: [1mtrace[2m (application/zip) [2m─────────────────────────────────────[2m[22m
[2m    test-results/qa/gbp-wave3-production/ops-gbp-dual-sync-ops-GBP--ec9f7-ct-external-mock-local-only/trace.zip[22m
[2m    Usage:[22m

[2m        npx playwright show-trace test-results/qa/gbp-wave3-production/ops-gbp-dual-sync-ops-GBP--ec9f7-ct-external-mock-local-only/trace.zip[22m

[2m    [2m────────────────────────────────────────────────────────────────────────────[2m[22m

[31m  1 failed[39m
[31m    tests/e2e/ops-gbp-dual-sync.spec.ts:540:7 › ops GBP dual-sync shipped route › google business profile route loads operator review, exact confirmation, and outcome recovery @p1 @browser @contract @external-mock @local-only [39m
