
 RUN  v4.1.0 /Users/amankumarshrestha/LapenInns Project/nabatableLP

 ✓ tests/config/vercel-crons.test.ts > vercel cron configuration > keeps the email queue drain route scheduled 1ms
 ✓ tests/config/vercel-crons.test.ts > vercel cron configuration > keeps the booking auto-complete route scheduled 0ms
 ✓ tests/config/vercel-crons.test.ts > vercel cron configuration > schedules the dual-sync refresh route exactly once every fifteen minutes 0ms
 × tests/config/vercel-crons.test.ts > vercel cron configuration > schedules the dual-sync Core outbox exactly once every five minutes 3ms
   → expected [] to deeply equal [ { …(2) } ]

⎯⎯⎯⎯⎯⎯⎯ Failed Tests 1 ⎯⎯⎯⎯⎯⎯⎯

 FAIL  tests/config/vercel-crons.test.ts > vercel cron configuration > schedules the dual-sync Core outbox exactly once every five minutes
AssertionError: expected [] to deeply equal [ { …(2) } ]

- Expected
+ Received

- [
-   {
-     "path": "/api/cron/dual-sync/core-outbox",
-     "schedule": "*/5 * * * *",
-   },
- ]
+ []

 ❯ tests/config/vercel-crons.test.ts:66:25
     64|     );
     65|
     66|     expect(outboxCrons).toEqual([
       |                         ^
     67|       {
     68|         path: '/api/cron/dual-sync/core-outbox',

⎯⎯⎯⎯⎯⎯⎯⎯⎯⎯⎯⎯⎯⎯⎯⎯⎯⎯⎯⎯⎯⎯⎯⎯[1/1]⎯


 Test Files  1 failed (1)
      Tests  1 failed | 3 passed (4)
   Start at  14:07:12
   Duration  300ms (transform 15ms, setup 32ms, import 6ms, tests 5ms, environment 194ms)

