^D▲ Next.js 16.2.10 (webpack)
- Environments: .env.local

  Creating an optimized production build ...
⚠ Next.js can't recognize the exported `dynamic` field in "/api/ops/message-delivery/route", it may be re-exported from another file. The default config will be used instead.
⚠ Next.js can't recognize the exported `runtime` field in "/api/ops/message-delivery/route", it may be re-exported from another file. The default config will be used instead.
getaddrinfo ENOTFOUND fonts.googleapis.com

Retrying 1/3...
getaddrinfo ENOTFOUND fonts.googleapis.com

Retrying 1/3...
getaddrinfo ENOTFOUND fonts.googleapis.com

Retrying 1/3...
getaddrinfo ENOTFOUND fonts.googleapis.com

Retrying 2/3...
getaddrinfo ENOTFOUND fonts.googleapis.com

Retrying 2/3...
getaddrinfo ENOTFOUND fonts.googleapis.com

Retrying 2/3...
getaddrinfo ENOTFOUND fonts.googleapis.com

Retrying 3/3...
getaddrinfo ENOTFOUND fonts.googleapis.com

Retrying 3/3...
getaddrinfo ENOTFOUND fonts.googleapis.com

Retrying 3/3...
Error: getaddrinfo ENOTFOUND fonts.googleapis.com
    at ignore-listed frames {
  errno: -3008,
  code: 'ENOTFOUND',
  syscall: 'getaddrinfo',
  hostname: 'fonts.googleapis.com'
}
Error: getaddrinfo ENOTFOUND fonts.googleapis.com
    at ignore-listed frames {
  errno: -3008,
  code: 'ENOTFOUND',
  syscall: 'getaddrinfo',
  hostname: 'fonts.googleapis.com'
}
Error: getaddrinfo ENOTFOUND fonts.googleapis.com
    at ignore-listed frames {
  errno: -3008,
  code: 'ENOTFOUND',
  syscall: 'getaddrinfo',
  hostname: 'fonts.googleapis.com'
}
Failed to compile.

src/app/layout.tsx
`next/font` error:
Failed to fetch `Geist Mono` from Google Fonts.

src/app/layout.tsx
`next/font` error:
Failed to fetch `Inter` from Google Fonts.

src/app/layout.tsx
`next/font` error:
Failed to fetch `Merriweather` from Google Fonts.


> Build failed because of webpack errors
