
 RUN  v4.1.0 /Users/amankumarshrestha/LapenInns Project/nabatableLP

 ✓ tests/config/vercel-crons.test.ts > vercel cron configuration > keeps the email queue drain route scheduled 1ms
 ✓ tests/config/vercel-crons.test.ts > vercel cron configuration > keeps the booking auto-complete route scheduled 0ms
 ✓ tests/config/vercel-crons.test.ts > vercel cron configuration > schedules the dual-sync refresh route exactly once every fifteen minutes 0ms
 ✓ tests/server/dual-sync-runtime-controls.test.ts > dual-sync runtime controls > defaults write controls to fail closed while retaining candidate discovery 3ms
 ✓ tests/server/dual-sync-runtime-controls.test.ts > dual-sync runtime controls > supports granular rollback controls for risky decision families 0ms
 ✓ tests/server/dual-sync-runtime-controls.test.ts > dual-sync runtime controls > uses high-risk export rollback when general exports remain enabled 0ms
 ✓ tests/lib/env.test.ts > env app URL resolution > resolves Vercel URL templates before validating public app URL 3ms
 ✓ tests/lib/env.test.ts > env app URL resolution > drops unresolved Vercel URL templates and falls back to the site URL 0ms
 ✓ tests/lib/env.test.ts > env app URL resolution > does not resolve public app URL from a placeholder Vercel URL value 0ms
 ✓ tests/lib/env.test.ts > env app URL resolution > resolves Vercel URL templates before validating base URL 0ms
 ✓ tests/lib/env.test.ts > env app URL resolution > drops unresolved base URL templates and falls back to a canonical URL 0ms
 ✓ tests/lib/env.test.ts > WhatsApp five-event configuration > stays disabled until the review Content SID completes the lifecycle set @contract 1ms
 ✓ tests/lib/env.test.ts > Google Business Profile environment aliases > prefers explicit canonical credentials over legacy profile aliases 1ms
 ✓ tests/lib/env.test.ts > Google Business Profile environment aliases > uses fail-closed defaults for dual-sync runtime controls 1ms
 ✓ tests/lib/env.test.ts > Google Business Profile environment aliases > rejects malformed GBP_IMPORT_ENABLED input 1ms
 ✓ tests/lib/env.test.ts > Google Business Profile environment aliases > rejects malformed GBP_PUBSUB_INGEST_ENABLED input 0ms
 ✓ tests/lib/env.test.ts > Google Business Profile environment aliases > rejects malformed GBP_WRITE_ROLLOUT_MODE input 0ms
 ✓ tests/lib/env.test.ts > Google Business Profile environment aliases > rejects canary rollout without a canary restaurant identifier 0ms

 Test Files  3 passed (3)
      Tests  18 passed (18)
   Start at  09:37:32
   Duration  483ms (transform 114ms, setup 115ms, import 136ms, tests 15ms, environment 679ms)

