
Running 5 tests using 1 worker

(node:36581) Warning: The 'NO_COLOR' env is ignored due to the 'FORCE_COLOR' env being set.
(Use `node --trace-warnings ...` to show where the warning was created)
(node:36581) Warning: The 'NO_COLOR' env is ignored due to the 'FORCE_COLOR' env being set.
(Use `node --trace-warnings ...` to show where the warning was created)
  ✓  1 tests/e2e/ops-gbp-dual-sync.spec.ts:551:7 › ops GBP dual-sync shipped route › google business profile route loads operator review, exact confirmation, and outcome recovery @p1 @browser @contract @external-mock @local-only (8.6s)
  ✘  2 tests/e2e/ops-gbp-dual-sync.spec.ts:774:7 › ops GBP dual-sync shipped route › google business profile route shows disconnected and unconfigured states @p1 @browser @contract @external-mock @local-only (11.6s)
(node:37474) Warning: The 'NO_COLOR' env is ignored due to the 'FORCE_COLOR' env being set.
(Use `node --trace-warnings ...` to show where the warning was created)
(node:37474) Warning: The 'NO_COLOR' env is ignored due to the 'FORCE_COLOR' env being set.
(Use `node --trace-warnings ...` to show where the warning was created)
  ✓  3 tests/e2e/ops-gbp-dual-sync.spec.ts:813:7 › ops GBP dual-sync shipped route › google business profile route shows connect state without publish controls @p1 @browser @contract @external-mock @local-only (1.7s)
  ✘  4 tests/e2e/ops-gbp-dual-sync.spec.ts:845:7 › ops GBP dual-sync shipped route › google business profile route shows the location picker before linking @p1 @browser @contract @external-mock @local-only (12.0s)
(node:38056) Warning: The 'NO_COLOR' env is ignored due to the 'FORCE_COLOR' env being set.
(Use `node --trace-warnings ...` to show where the warning was created)
(node:38056) Warning: The 'NO_COLOR' env is ignored due to the 'FORCE_COLOR' env being set.
(Use `node --trace-warnings ...` to show where the warning was created)
  ✓  5 tests/e2e/ops-gbp-dual-sync.spec.ts:879:7 › ops GBP dual-sync shipped route › google business profile disconnect requires password on the shipped route @p1 @browser @contract @external-mock @local-only (2.4s)


  1) tests/e2e/ops-gbp-dual-sync.spec.ts:774:7 › ops GBP dual-sync shipped route › google business profile route shows disconnected and unconfigured states @p1 @browser @contract @external-mock @local-only 

    Error: [2mexpect([22m[31mlocator[39m[2m).[22mtoBeVisible[2m([22m[2m)[22m failed

    Locator: locator('main').getByText('Google Business Profile credentials are not configured')
    Expected: visible
    Timeout: 10000ms
    Error: element(s) not found

    Call log:
    [2m  - Expect "toBeVisible" with timeout 10000ms[22m
    [2m  - waiting for locator('main').getByText('Google Business Profile credentials are not configured')[22m


      805 |     await expect(
      806 |       page.locator('main').getByText('Google Business Profile credentials are not configured'),
    > 807 |     ).toBeVisible();
          |       ^
      808 |     await expect(
      809 |       page.locator('main').getByRole('button', { name: 'Connect Google Business Profile' }),
      810 |     ).toBeDisabled();
        at /Users/amankumarshrestha/LapenInns Project/nabatableLP/tests/e2e/ops-gbp-dual-sync.spec.ts:807:7

    attachment #1: screenshot (image/png) ──────────────────────────────────────────────────────────
    test-results/qa/qa-20260810T000312781Z-895b28f9f649/browser/ops-gbp-dual-sync-ops-GBP--bb5e0-ct-external-mock-local-only/test-failed-1.png
    ────────────────────────────────────────────────────────────────────────────────────────────────

    attachment #2: video (video/webm) ──────────────────────────────────────────────────────────────
    test-results/qa/qa-20260810T000312781Z-895b28f9f649/browser/ops-gbp-dual-sync-ops-GBP--bb5e0-ct-external-mock-local-only/video.webm
    ────────────────────────────────────────────────────────────────────────────────────────────────

    Error Context: test-results/qa/qa-20260810T000312781Z-895b28f9f649/browser/ops-gbp-dual-sync-ops-GBP--bb5e0-ct-external-mock-local-only/error-context.md

    attachment #4: trace (application/zip) ─────────────────────────────────────────────────────────
    test-results/qa/qa-20260810T000312781Z-895b28f9f649/browser/ops-gbp-dual-sync-ops-GBP--bb5e0-ct-external-mock-local-only/trace.zip
    Usage:

        npx playwright show-trace test-results/qa/qa-20260810T000312781Z-895b28f9f649/browser/ops-gbp-dual-sync-ops-GBP--bb5e0-ct-external-mock-local-only/trace.zip

    ────────────────────────────────────────────────────────────────────────────────────────────────

  2) tests/e2e/ops-gbp-dual-sync.spec.ts:845:7 › ops GBP dual-sync shipped route › google business profile route shows the location picker before linking @p1 @browser @contract @external-mock @local-only 

    Error: [2mexpect([22m[31mlocator[39m[2m).[22mtoBeVisible[2m([22m[2m)[22m failed

    Locator: locator('main').getByText('Available locations')
    Expected: visible
    Timeout: 10000ms
    Error: element(s) not found

    Call log:
    [2m  - Expect "toBeVisible" with timeout 10000ms[22m
    [2m  - waiting for locator('main').getByText('Available locations')[22m


      869 |       page.getByTestId('gbp-overview-card').getByText('Choose location', { exact: true }).first(),
      870 |     ).toBeVisible();
    > 871 |     await expect(page.locator('main').getByText('Available locations')).toBeVisible();
          |                                                                         ^
      872 |     await expect(
      873 |       page.locator('main').getByText('QA GBP Restaurant - Cambridge').first(),
      874 |     ).toBeVisible();
        at /Users/amankumarshrestha/LapenInns Project/nabatableLP/tests/e2e/ops-gbp-dual-sync.spec.ts:871:73

    attachment #1: screenshot (image/png) ──────────────────────────────────────────────────────────
    test-results/qa/qa-20260810T000312781Z-895b28f9f649/browser/ops-gbp-dual-sync-ops-GBP--fd12e-ct-external-mock-local-only/test-failed-1.png
    ────────────────────────────────────────────────────────────────────────────────────────────────

    attachment #2: video (video/webm) ──────────────────────────────────────────────────────────────
    test-results/qa/qa-20260810T000312781Z-895b28f9f649/browser/ops-gbp-dual-sync-ops-GBP--fd12e-ct-external-mock-local-only/video.webm
    ────────────────────────────────────────────────────────────────────────────────────────────────

    Error Context: test-results/qa/qa-20260810T000312781Z-895b28f9f649/browser/ops-gbp-dual-sync-ops-GBP--fd12e-ct-external-mock-local-only/error-context.md

    attachment #4: trace (application/zip) ─────────────────────────────────────────────────────────
    test-results/qa/qa-20260810T000312781Z-895b28f9f649/browser/ops-gbp-dual-sync-ops-GBP--fd12e-ct-external-mock-local-only/trace.zip
    Usage:

        npx playwright show-trace test-results/qa/qa-20260810T000312781Z-895b28f9f649/browser/ops-gbp-dual-sync-ops-GBP--fd12e-ct-external-mock-local-only/trace.zip

    ────────────────────────────────────────────────────────────────────────────────────────────────

  2 failed
    tests/e2e/ops-gbp-dual-sync.spec.ts:774:7 › ops GBP dual-sync shipped route › google business profile route shows disconnected and unconfigured states @p1 @browser @contract @external-mock @local-only 
    tests/e2e/ops-gbp-dual-sync.spec.ts:845:7 › ops GBP dual-sync shipped route › google business profile route shows the location picker before linking @p1 @browser @contract @external-mock @local-only 
  3 passed (38.8s)
