
 RUN  v4.1.0 /Users/amankumarshrestha/LapenInns Project/nabatableLP

 ❯ tests/lib/posthog/provider-privacy.test.tsx (3 tests | 3 failed) 20ms
     × classifies GBP and dual-sync settings paths without suppressing ordinary settings 4ms
     × does not initialize and clears prior identity/content persistence on a sensitive first path 11ms
     × quarantines an initialized client on entry and safely restores ordinary analytics on exit 4ms

⎯⎯⎯⎯⎯⎯⎯ Failed Tests 3 ⎯⎯⎯⎯⎯⎯⎯

 FAIL  tests/lib/posthog/provider-privacy.test.tsx > PostHog sensitive-path privacy boundary > classifies GBP and dual-sync settings paths without suppressing ordinary settings
TypeError: isSensitiveAnalyticsPath is not a function
 ❯ tests/lib/posthog/provider-privacy.test.tsx:84:12
     82|
     83|   it('classifies GBP and dual-sync settings paths without suppressing …
     84|     expect(isSensitiveAnalyticsPath('/app/settings/restaurant/google-b…
       |            ^
     85|     expect(isSensitiveAnalyticsPath('/app/settings/restaurant/google-b…
     86|       true,

⎯⎯⎯⎯⎯⎯⎯⎯⎯⎯⎯⎯⎯⎯⎯⎯⎯⎯⎯⎯⎯⎯⎯⎯[1/3]⎯

 FAIL  tests/lib/posthog/provider-privacy.test.tsx > PostHog sensitive-path privacy boundary > does not initialize and clears prior identity/content persistence on a sensitive first path
AssertionError: expected "vi.fn()" to not be called at all, but actually been called 1 times

Received:

  1st vi.fn() call:

    Array [
      "phc_test",
      Object {
        "api_host": "https://posthog.example.com",
        "autocapture": true,
        "before_send": [Function before_send],
        "capture_exceptions": true,
        "capture_pageleave": true,
        "capture_pageview": false,
        "loaded": [Function loaded],
        "persistence": "localStorage+cookie",
        "person_profiles": "identified_only",
      },
    ]


Number of calls: 1

 ❯ tests/lib/posthog/provider-privacy.test.tsx:105:28
    103|     await flushDeferredInit();
    104|
    105|     expect(mocks.init).not.toHaveBeenCalled();
       |                            ^
    106|     expect(window.localStorage.getItem('ph_phc_test_posthog')).toBeNul…
    107|     expect(window.sessionStorage.getItem('ph_phc_test_posthog')).toBeN…

⎯⎯⎯⎯⎯⎯⎯⎯⎯⎯⎯⎯⎯⎯⎯⎯⎯⎯⎯⎯⎯⎯⎯⎯[2/3]⎯

 FAIL  tests/lib/posthog/provider-privacy.test.tsx > PostHog sensitive-path privacy boundary > quarantines an initialized client on entry and safely restores ordinary analytics on exit
AssertionError: expected "vi.fn()" to be called once, but got 0 times
 ❯ tests/lib/posthog/provider-privacy.test.tsx:128:33
    126|     view.rerender(<PostHogProvider><div>sensitive</div></PostHogProvid…
    127|
    128|     expect(mocks.stopRecording).toHaveBeenCalledOnce();
       |                                 ^
    129|     expect(mocks.reset).toHaveBeenCalled();
    130|     expect(mocks.optOut).toHaveBeenCalledOnce();

⎯⎯⎯⎯⎯⎯⎯⎯⎯⎯⎯⎯⎯⎯⎯⎯⎯⎯⎯⎯⎯⎯⎯⎯[3/3]⎯


 Test Files  1 failed (1)
      Tests  3 failed (3)
   Start at  16:38:40
   Duration  472ms (transform 44ms, setup 37ms, import 131ms, tests 20ms, environment 215ms)

