TRACKED DIFF CHECK
TRACKED DIFF
diff --git a/server/dual-sync/locks.ts b/server/dual-sync/locks.ts
index 400ee6ae..7c590b3b 100644
--- a/server/dual-sync/locks.ts
+++ b/server/dual-sync/locks.ts
@@ -9,6 +9,8 @@
 
 import { randomUUID } from 'node:crypto';
 
+import { logger } from '@/lib/logger';
+
 import { getDualSyncDbClient } from './db';
 import { DUAL_SYNC_PROVIDER } from './types';
 
@@ -228,11 +230,12 @@ export async function runWithDualSyncLock<T>(
   } catch (error) {
     releaseError = error;
     if (thrown) {
-      console.error('[dual-sync][lock] failed to release lock after job error', {
+      logger.error('Dual-sync lock release failed after job failure.', {
+        module: 'dual-sync-locks',
         restaurantId: lock.restaurantId,
         jobKind: lock.jobKind,
         lockId: lock.id,
-        error: error instanceof Error ? error.message : String(error),
+        errorKind: error instanceof Error ? 'error' : typeof error,
       });
     }
   }
diff --git a/server/dual-sync/notifications/index.ts b/server/dual-sync/notifications/index.ts
index 61a77e1a..b1601f13 100644
--- a/server/dual-sync/notifications/index.ts
+++ b/server/dual-sync/notifications/index.ts
@@ -13,37 +13,75 @@ import type { DualSyncNotificationEvent, DualSyncNotificationPort } from './type
 
 export type {
   DualSyncNotificationEvent,
+  DualSyncNotificationDeliveryResult,
   DualSyncNotificationKind,
   DualSyncNotificationPort,
   DualSyncNotificationSeverity,
 } from './types';
 export { createConsoleNotificationPort } from './console';
 export { createWebhookNotificationPort } from './webhook';
+export {
+  buildGoogleWriteTerminalNotice,
+  createSupabaseGoogleWriteTerminalNoticePersistence,
+  deliverClaimedGoogleWriteNotices,
+  emitOverdueGoogleWriteNotice,
+  getGoogleWriteTerminalNoticeCensus,
+  materializeGoogleWriteTerminalNotice,
+  reconcileGoogleWriteTerminalNotices,
+  terminalNoticeSla,
+  type GoogleWriteTerminalNotice,
+  type GoogleWriteTerminalNoticePersistencePort,
+} from './terminal';
+export {
+  createGoogleAccountNotificationPort,
+  createSupabaseGoogleNotificationRegistry,
+  disableGoogleUpdateParticipation,
+  enableGoogleUpdateParticipation,
+  GoogleNotificationTopicConflictError,
+  type GoogleAccountNotificationPort,
+  type GoogleNotificationParticipationFence,
+  type GoogleNotificationRegistryPort,
+} from './participation';
 
 /**
  * Compose multiple ports into one. The composed port emits to each
- * configured port in parallel and never throws.
+ * configured port in parallel and preserves the least-certain outcome.
  */
 export function combineNotificationPorts(
   ports: ReadonlyArray<DualSyncNotificationPort>,
 ): DualSyncNotificationPort {
   if (ports.length === 0) {
-    return { async emit() {} };
+    return {
+      async emit() {
+        return {
+          outcome: 'definitive_rejection' as const,
+          retryable: false,
+          safeErrorCode: 'notification_transport_unavailable',
+        };
+      },
+    };
   }
   if (ports.length === 1) {
     return ports[0]!;
   }
   return {
-    async emit(event: DualSyncNotificationEvent): Promise<void> {
-      await Promise.all(
+    async emit(event: DualSyncNotificationEvent) {
+      const results = await Promise.all(
         ports.map(async (port) => {
           try {
-            await port.emit(event);
+            return await port.emit(event);
           } catch {
-            // never throw
+            return {
+              outcome: 'ambiguous_failure' as const,
+              safeErrorCode: 'notification_delivery_ambiguous',
+            };
           }
         }),
       );
+      const ambiguous = results.find((result) => result.outcome === 'ambiguous_failure');
+      if (ambiguous) return ambiguous;
+      const rejected = results.find((result) => result.outcome === 'definitive_rejection');
+      return rejected ?? { outcome: 'confirmed_success' as const };
     },
   };
 }
@@ -55,6 +93,7 @@ export interface BuildDefaultNotificationPortOptions {
    */
   readonly webhookUrl?: string | null;
   readonly headers?: Readonly<Record<string, string>>;
+  readonly consolePort?: DualSyncNotificationPort;
 }
 
 /**
@@ -65,16 +104,20 @@ export function buildDefaultNotificationPort(
   options: BuildDefaultNotificationPortOptions = {},
 ): DualSyncNotificationPort {
   const url = options.webhookUrl ?? env.dualSync.failureWebhookUrl;
-  const console_ = createConsoleNotificationPort();
+  const console_ = options.consolePort ?? createConsoleNotificationPort();
   if (!url) return console_;
   const webhook = createWebhookNotificationPort({
     url,
     headers: options.headers,
-    onError: (error) => {
+    onError: () => {
       // Surface webhook transport failures via the console port so they
       // appear in the same logs operators already watch.
-      const message = error instanceof Error ? error.message : 'Unknown webhook transport error';
-      console.warn('[dual-sync:webhook-transport]', message);
+      void console_.emit({
+        kind: 'cron_run_failed',
+        severity: 'error',
+        summary: 'Dual-sync webhook notification transport failed.',
+        errorCode: 'webhook_transport_failed',
+      });
     },
   });
   return combineNotificationPorts([console_, webhook]);
diff --git a/server/google-business-profile/food-menus-import-decisions.ts b/server/google-business-profile/food-menus-import-decisions.ts
index 26ad2034..93e48c57 100644
--- a/server/google-business-profile/food-menus-import-decisions.ts
+++ b/server/google-business-profile/food-menus-import-decisions.ts
@@ -1,3 +1,5 @@
+import { logger } from '@/lib/logger';
+
 import {
   applyCanonicalFoodMenusSuggestedPatch,
   createCanonicalFoodMenusItemFromPatch,
@@ -179,11 +181,10 @@ export async function decideFoodMenusImportReview({
           decidedByUserId,
         });
       } catch (markFailedError) {
-        const message =
-          markFailedError instanceof Error ? markFailedError.message : 'Unknown failure mark error';
-        console.error('[gbp][food-menus][import-review] failed to mark claimed review failed', {
+        logger.error('Food menus import review failure transition failed.', {
+          module: 'gbp',
           reviewId,
-          message,
+          errorKind: markFailedError instanceof Error ? 'error' : typeof markFailedError,
         });
       }
     }
diff --git a/src/app/api/cron/dual-sync/auto-export/route.ts b/src/app/api/cron/dual-sync/auto-export/route.ts
index 64a0e47b..8c0f7f65 100644
--- a/src/app/api/cron/dual-sync/auto-export/route.ts
+++ b/src/app/api/cron/dual-sync/auto-export/route.ts
@@ -18,6 +18,7 @@
 
 import { NextResponse } from 'next/server';
 
+import { logger } from '@/lib/logger';
 import { captureServerException } from '@/lib/posthog/server';
 import { isDualSyncAutoCandidatesEnabled } from '@/server/dual-sync/runtime-controls';
 import { runAutoExportForAllTenants } from '@/server/dual-sync/scheduling/auto-export';
@@ -75,11 +76,12 @@ export async function GET(request: Request) {
       });
       return NextResponse.json({ success: true, runId: auth.runId, ...summary });
     } catch (error) {
-      console.error('[cron][dual-sync.auto-export] failed to run', {
-        jobName: auth.jobName,
+      logger.error('Dual-sync auto-export cron failed.', {
+        source: 'cron.dual-sync.auto-export',
         runId: auth.runId,
-        error,
+        errorKind: error instanceof Error ? 'error' : typeof error,
       });
+      // captureServerException sanitizes exception content before external telemetry.
       captureServerException(error, {
         properties: { jobName: auth.jobName, runId: auth.runId, source: 'cron' },
       });
diff --git a/src/app/api/cron/dual-sync/queue/route.ts b/src/app/api/cron/dual-sync/queue/route.ts
index b1696bc5..b09fc064 100644
--- a/src/app/api/cron/dual-sync/queue/route.ts
+++ b/src/app/api/cron/dual-sync/queue/route.ts
@@ -6,13 +6,14 @@
  */
 
 import { NextResponse } from 'next/server';
-import { captureServerException } from '@/lib/posthog/server';
-import { flushPosthogLogsAfterResponse } from '@/src/instrumentation';
 
+import { logger } from '@/lib/logger';
+import { captureServerException } from '@/lib/posthog/server';
 import { processNextDualSyncJob } from '@/server/dual-sync/queue';
 import { recordObservabilityEvent } from '@/server/observability';
 import { requireCronAuthAndRun } from '@/server/security/cron-auth';
 import { getServiceSupabaseClient } from '@/server/supabase';
+import { flushPosthogLogsAfterResponse } from '@/src/instrumentation';
 
 export const dynamic = 'force-dynamic';
 export const runtime = 'nodejs';
@@ -108,11 +109,12 @@ export async function GET(request: Request) {
         results,
       });
     } catch (error) {
-      console.error('[cron][dual-sync.queue] failed to run', {
-        jobName: auth.jobName,
+      logger.error('Dual-sync queue cron failed.', {
+        source: 'cron.dual-sync.queue',
         runId: auth.runId,
-        error,
+        errorKind: error instanceof Error ? 'error' : typeof error,
       });
+      // captureServerException sanitizes exception content before external telemetry.
       captureServerException(error, {
         properties: {
           jobName: auth.jobName,
@@ -129,7 +131,7 @@ export async function GET(request: Request) {
           jobName: auth.jobName,
           runId: auth.runId,
           maxJobs,
-          message: error instanceof Error ? error.message : String(error),
+          errorKind: error instanceof Error ? 'error' : typeof error,
         },
       });
       return NextResponse.json({ error: 'Dual-sync queue cron failed.' }, { status: 500 });
diff --git a/tests/server/dual-sync-locks.test.ts b/tests/server/dual-sync-locks.test.ts
index a7a02843..03514bad 100644
--- a/tests/server/dual-sync-locks.test.ts
+++ b/tests/server/dual-sync-locks.test.ts
@@ -1,5 +1,9 @@
 import { describe, expect, it, vi } from 'vitest';
 
+const loggerErrorMock = vi.hoisted(() => vi.fn());
+
+vi.mock('@/lib/logger', () => ({ logger: { error: loggerErrorMock } }));
+
 import {
   DualSyncLockError,
   DUAL_SYNC_LOCK_HELD_CODE,
@@ -132,4 +136,43 @@ describe('runWithDualSyncLock', () => {
     expect(work).not.toHaveBeenCalled();
     expect(manager.release).not.toHaveBeenCalled();
   });
+
+  it('records a safe release failure and preserves the protected-job failure', async () => {
+    // Given
+    const secret = 'Bearer provider-secret guest@example.com';
+    const workFailure = new Error('publish failed');
+    const manager: DualSyncLockManager = {
+      acquire: vi.fn(async () => lock),
+      release: vi.fn(async () => {
+        throw new Error(secret);
+      }),
+    };
+
+    // When
+    const result = runWithDualSyncLock(
+      {
+        client,
+        restaurantId: 'rest-1',
+        jobKind: 'publish_batch',
+        manager,
+      },
+      async () => {
+        throw workFailure;
+      },
+    );
+
+    // Then
+    await expect(result).rejects.toBe(workFailure);
+    expect(loggerErrorMock).toHaveBeenCalledWith(
+      'Dual-sync lock release failed after job failure.',
+      {
+        module: 'dual-sync-locks',
+        restaurantId: 'rest-1',
+        jobKind: 'publish_batch',
+        lockId: 'lock-1',
+        errorKind: 'error',
+      },
+    );
+    expect(JSON.stringify(loggerErrorMock.mock.calls)).not.toContain(secret);
+  });
 });
diff --git a/tests/server/dual-sync-notifications.test.ts b/tests/server/dual-sync-notifications.test.ts
index c62f695c..a33d3cc2 100644
--- a/tests/server/dual-sync-notifications.test.ts
+++ b/tests/server/dual-sync-notifications.test.ts
@@ -1,6 +1,7 @@
 import { afterEach, beforeEach, describe, expect, it, vi } from 'vitest';
 
 import {
+  buildDefaultNotificationPort,
   combineNotificationPorts,
   createConsoleNotificationPort,
   createWebhookNotificationPort,
@@ -11,9 +12,7 @@ import type {
   DualSyncNotificationPort,
 } from '@/server/dual-sync/notifications';
 
-function makeEvent(
-  over: Partial<DualSyncNotificationEvent> = {},
-): DualSyncNotificationEvent {
+function makeEvent(over: Partial<DualSyncNotificationEvent> = {}): DualSyncNotificationEvent {
   return {
     kind: 'tenant_run_failed',
     severity: 'error',
@@ -25,7 +24,11 @@ function makeEvent(
 }
 
 describe('createConsoleNotificationPort', () => {
-  let logger: { info: ReturnType<typeof vi.fn>; warn: ReturnType<typeof vi.fn>; error: ReturnType<typeof vi.fn> };
+  let logger: {
+    info: ReturnType<typeof vi.fn>;
+    warn: ReturnType<typeof vi.fn>;
+    error: ReturnType<typeof vi.fn>;
+  };
 
   beforeEach(() => {
     logger = { info: vi.fn(), warn: vi.fn(), error: vi.fn() };
@@ -33,7 +36,7 @@ describe('createConsoleNotificationPort', () => {
 
   it('routes errors to logger.error and stamps occurredAt', async () => {
     const port = createConsoleNotificationPort({ logger });
-    await port.emit(makeEvent());
+    await expect(port.emit(makeEvent())).resolves.toEqual({ outcome: 'confirmed_success' });
     expect(logger.error).toHaveBeenCalledTimes(1);
     const [prefix, payload] = logger.error.mock.calls[0]!;
     expect(prefix).toBe('[dual-sync:tenant_run_failed]');
@@ -52,12 +55,15 @@ describe('createConsoleNotificationPort', () => {
     expect(logger.error).not.toHaveBeenCalled();
   });
 
-  it('never throws when the underlying logger explodes', async () => {
+  it('reports an ambiguous failure when the underlying logger explodes', async () => {
     logger.error = vi.fn(() => {
       throw new Error('logger broken');
     });
     const port = createConsoleNotificationPort({ logger });
-    await expect(port.emit(makeEvent())).resolves.toBeUndefined();
+    await expect(port.emit(makeEvent())).resolves.toEqual({
+      outcome: 'ambiguous_failure',
+      safeErrorCode: 'console_delivery_failed',
+    });
   });
 });
 
@@ -81,7 +87,7 @@ describe('createWebhookNotificationPort', () => {
       onError,
       headers: { authorization: 'Bearer xyz' },
     });
-    await port.emit(makeEvent());
+    await expect(port.emit(makeEvent())).resolves.toEqual({ outcome: 'confirmed_success' });
     expect(fetchImpl).toHaveBeenCalledTimes(1);
     const [url, init] = fetchImpl.mock.calls[0]!;
     expect(url).toBe('https://hook.example/dual-sync');
@@ -89,26 +95,59 @@ describe('createWebhookNotificationPort', () => {
     const headers = (init as RequestInit).headers as Record<string, string>;
     expect(headers['content-type']).toBe('application/json');
     expect(headers['authorization']).toBe('Bearer xyz');
+    expect(headers['idempotency-key']).toBeUndefined();
     const body = JSON.parse((init as RequestInit).body as string);
     expect(body.kind).toBe('tenant_run_failed');
     expect(typeof body.occurredAt).toBe('string');
   });
 
-  it('reports non-2xx responses via onError but does not throw', async () => {
-    fetchImpl = vi.fn(async () => ({ ok: false, status: 500 }) as Response);
+  it('returns a definitive rejection for an unambiguously rejected request', async () => {
+    fetchImpl = vi.fn(async () => ({ ok: false, status: 400 }) as Response);
     const port = createWebhookNotificationPort({
       url: 'https://hook.example/dual-sync',
       fetchImpl,
       onError,
     });
-    await expect(port.emit(makeEvent())).resolves.toBeUndefined();
+    await expect(port.emit(makeEvent())).resolves.toEqual({
+      outcome: 'definitive_rejection',
+      retryable: false,
+      safeErrorCode: 'webhook_rejected_400',
+    });
     expect(onError).toHaveBeenCalledTimes(1);
     const err = onError.mock.calls[0]![0] as Error;
     expect(err).toBeInstanceOf(Error);
-    expect(err.message).toContain('500');
+    expect(err.message).toContain('400');
   });
 
-  it('reports thrown transport errors via onError', async () => {
+  it('returns an ambiguous failure for a server response', async () => {
+    fetchImpl = vi.fn(async () => ({ ok: false, status: 503 }) as Response);
+    const port = createWebhookNotificationPort({
+      url: 'https://hook.example/dual-sync',
+      fetchImpl,
+      onError,
+    });
+    await expect(port.emit(makeEvent())).resolves.toEqual({
+      outcome: 'ambiguous_failure',
+      safeErrorCode: 'webhook_delivery_ambiguous',
+    });
+    expect(onError).toHaveBeenCalledTimes(1);
+  });
+
+  it('classifies a rate-limit rejection as definitively retryable', async () => {
+    fetchImpl = vi.fn(async () => ({ ok: false, status: 429 }) as Response);
+    const port = createWebhookNotificationPort({
+      url: 'https://hook.example/dual-sync',
+      fetchImpl,
+      onError,
+    });
+    await expect(port.emit(makeEvent())).resolves.toEqual({
+      outcome: 'definitive_rejection',
+      retryable: true,
+      safeErrorCode: 'webhook_retryable_429',
+    });
+  });
+
+  it('returns an ambiguous failure for a thrown transport error', async () => {
     fetchImpl = vi.fn(async () => {
       throw new Error('network down');
     });
@@ -117,12 +156,15 @@ describe('createWebhookNotificationPort', () => {
       fetchImpl,
       onError,
     });
-    await expect(port.emit(makeEvent())).resolves.toBeUndefined();
+    await expect(port.emit(makeEvent())).resolves.toEqual({
+      outcome: 'ambiguous_failure',
+      safeErrorCode: 'webhook_delivery_ambiguous',
+    });
     expect(onError).toHaveBeenCalledTimes(1);
     expect((onError.mock.calls[0]![0] as Error).message).toContain('network down');
   });
 
-  it('no-ops when fetchImpl is unavailable', async () => {
+  it('reports an unavailable transport instead of silently succeeding', async () => {
     const originalFetch = globalThis.fetch;
     try {
       // Simulate an environment where neither override nor global is a function.
@@ -132,8 +174,11 @@ describe('createWebhookNotificationPort', () => {
         fetchImpl: undefined as unknown as typeof fetch,
         onError,
       });
-      await expect(port.emit(makeEvent())).resolves.toBeUndefined();
-      expect(onError).not.toHaveBeenCalled();
+      await expect(port.emit(makeEvent())).resolves.toEqual({
+        outcome: 'definitive_rejection',
+        retryable: false,
+        safeErrorCode: 'webhook_transport_unavailable',
+      });
     } finally {
       (globalThis as { fetch?: unknown }).fetch = originalFetch;
     }
@@ -141,26 +186,79 @@ describe('createWebhookNotificationPort', () => {
 });
 
 describe('combineNotificationPorts', () => {
-  it('returns a no-op port for an empty list', async () => {
+  it('fails definitively for an empty operational channel list', async () => {
     const port = combineNotificationPorts([]);
-    await expect(port.emit(makeEvent())).resolves.toBeUndefined();
+    await expect(port.emit(makeEvent())).resolves.toEqual({
+      outcome: 'definitive_rejection',
+      retryable: false,
+      safeErrorCode: 'notification_transport_unavailable',
+    });
   });
 
   it('returns the single port unchanged', async () => {
-    const single: DualSyncNotificationPort = { emit: vi.fn(async () => {}) };
+    const single: DualSyncNotificationPort = {
+      emit: vi.fn(async () => ({ outcome: 'confirmed_success' as const })),
+    };
     expect(combineNotificationPorts([single])).toBe(single);
   });
 
-  it('fans out to every port even if one rejects', async () => {
-    const ok: DualSyncNotificationPort = { emit: vi.fn(async () => {}) };
+  it('fans out and preserves the most uncertain transport result', async () => {
+    const ok: DualSyncNotificationPort = {
+      emit: vi.fn(async () => ({ outcome: 'confirmed_success' as const })),
+    };
     const broken: DualSyncNotificationPort = {
       emit: vi.fn(async () => {
-        throw new Error('downstream rejected');
+        throw new Error('downstream uncertain');
       }),
     };
     const port = combineNotificationPorts([ok, broken]);
-    await expect(port.emit(makeEvent())).resolves.toBeUndefined();
+    await expect(port.emit(makeEvent())).resolves.toEqual({
+      outcome: 'ambiguous_failure',
+      safeErrorCode: 'notification_delivery_ambiguous',
+    });
     expect(ok.emit).toHaveBeenCalledTimes(1);
     expect(broken.emit).toHaveBeenCalledTimes(1);
   });
 });
+
+describe('buildDefaultNotificationPort', () => {
+  it('routes webhook transport failures through the console notification port without provider text', async () => {
+    // Given
+    const secret = 'Bearer provider-secret guest@example.com';
+    const consolePort: DualSyncNotificationPort = {
+      emit: vi.fn(async () => ({ outcome: 'confirmed_success' as const })),
+    };
+    const originalFetch = globalThis.fetch;
+    const consoleWarnSpy = vi.spyOn(console, 'warn').mockImplementation(() => {});
+    globalThis.fetch = vi.fn(async () => {
+      throw new Error(secret);
+    });
+
+    try {
+      const port = buildDefaultNotificationPort({
+        webhookUrl: 'https://hook.example/dual-sync',
+        consolePort,
+      });
+
+      // When
+      await expect(port.emit(makeEvent())).resolves.toEqual({
+        outcome: 'ambiguous_failure',
+        safeErrorCode: 'webhook_delivery_ambiguous',
+      });
+      await Promise.resolve();
+
+      // Then
+      expect(consolePort.emit).toHaveBeenCalledWith({
+        kind: 'cron_run_failed',
+        severity: 'error',
+        summary: 'Dual-sync webhook notification transport failed.',
+        errorCode: 'webhook_transport_failed',
+      });
+      expect(JSON.stringify(consolePort.emit.mock.calls)).not.toContain(secret);
+      expect(consoleWarnSpy).not.toHaveBeenCalled();
+    } finally {
+      globalThis.fetch = originalFetch;
+      consoleWarnSpy.mockRestore();
+    }
+  });
+});
diff --git a/tests/server/google-business-profile/food-menus-import-decisions.test.ts b/tests/server/google-business-profile/food-menus-import-decisions.test.ts
index 56a77096..19218d22 100644
--- a/tests/server/google-business-profile/food-menus-import-decisions.test.ts
+++ b/tests/server/google-business-profile/food-menus-import-decisions.test.ts
@@ -9,6 +9,9 @@ const markDecisionMock = vi.hoisted(() => vi.fn());
 const readSettingsMock = vi.hoisted(() => vi.fn());
 const readReviewMock = vi.hoisted(() => vi.fn());
 const upsertSettingsMock = vi.hoisted(() => vi.fn());
+const loggerErrorMock = vi.hoisted(() => vi.fn());
+
+vi.mock('@/lib/logger', () => ({ logger: { error: loggerErrorMock } }));
 
 vi.mock('@/server/google-business-profile/food-menus-canonical-adapter', () => ({
   applyCanonicalFoodMenusSuggestedPatch: applySuggestedPatchMock,
@@ -57,11 +60,13 @@ function review(overrides: ReviewOverrides = {}) {
   } as never;
 }
 
-function decide(overrides: {
-  review?: ReviewOverrides;
-  action?: string;
-  decidedByUserId?: string | null;
-} = {}) {
+function decide(
+  overrides: {
+    review?: ReviewOverrides;
+    action?: string;
+    decidedByUserId?: string | null;
+  } = {},
+) {
   readReviewMock.mockResolvedValue(review(overrides.review));
   return decideFoodMenusImportReview({
     client,
@@ -88,9 +93,11 @@ beforeEach(() => {
   ]) {
     mock.mockReset();
   }
+  loggerErrorMock.mockReset();
   claimDecisionMock.mockResolvedValue(review());
-  markDecisionMock.mockImplementation(async (input: { decisionStatus: string; decisionAction: string }) =>
-    review({ decisionStatus: input.decisionStatus, decisionAction: input.decisionAction }),
+  markDecisionMock.mockImplementation(
+    async (input: { decisionStatus: string; decisionAction: string }) =>
+      review({ decisionStatus: input.decisionStatus, decisionAction: input.decisionAction }),
   );
   markDecisionFailedMock.mockResolvedValue(review({ decisionStatus: 'failed' }));
   readSettingsMock.mockResolvedValue(null);
@@ -353,15 +360,20 @@ describe('decideFoodMenusImportReview', () => {
 
   it('still rethrows the original failure when marking the claim failed also fails @contract @observability', async () => {
     const writeFailure = new Error('canonical write failed');
+    const secret = 'Bearer provider-secret guest@example.com';
     applySuggestedPatchMock.mockRejectedValue(writeFailure);
-    markDecisionFailedMock.mockRejectedValue(new Error('mark failed error'));
-    const consoleErrorSpy = vi.spyOn(console, 'error').mockImplementation(() => {});
+    markDecisionFailedMock.mockRejectedValue(new Error(secret));
 
     await expect(decide({ action: 'apply_to_nabatable' })).rejects.toBe(writeFailure);
 
-    expect(consoleErrorSpy).toHaveBeenCalledWith(
-      '[gbp][food-menus][import-review] failed to mark claimed review failed',
-      { reviewId: 'review-1', message: 'mark failed error' },
+    expect(loggerErrorMock).toHaveBeenCalledWith(
+      'Food menus import review failure transition failed.',
+      {
+        module: 'gbp',
+        reviewId: 'review-1',
+        errorKind: 'error',
+      },
     );
+    expect(JSON.stringify(loggerErrorMock.mock.calls)).not.toContain(secret);
   });
 });
UNTRACKED TEST DIFF CHECK
UNTRACKED TESTS
tests/server/dual-sync-auto-export-cron-route.test.ts
tests/server/dual-sync-queue-cron-route.test.ts
