.omo/evidence/gbp-wave3-main-linked-375.png|bytes=113884|mtime=2026-08-10T01:18:03+0100
.omo/evidence/gbp-wave3-main-linked-375.png: PNG image data, 375 x 1400, 8-bit/color RGB, non-interlaced
89504e470d0a1a0a
39c9e41550cc3acbcc1692d347fdd67776677a55362963ff7be8335ac3a62207  .omo/evidence/gbp-wave3-main-linked-375.png
.omo/evidence/gbp-wave3-main-linked-768.png|bytes=174669|mtime=2026-08-10T01:18:03+0100
.omo/evidence/gbp-wave3-main-linked-768.png: PNG image data, 768 x 1400, 8-bit/color RGB, non-interlaced
89504e470d0a1a0a
69cf8f8ebb904b4b3d784ce59880b089288fdfdb10805b6cdf5f61406998e434  .omo/evidence/gbp-wave3-main-linked-768.png
.omo/evidence/gbp-wave3-main-linked-1280.png|bytes=150792|mtime=2026-08-10T01:18:03+0100
.omo/evidence/gbp-wave3-main-linked-1280.png: PNG image data, 1280 x 1000, 8-bit/color RGB, non-interlaced
89504e470d0a1a0a
332667b807e039b012b2b7ac444c364f427d7f9e6a6d5da0b71dabed0a0b1349  .omo/evidence/gbp-wave3-main-linked-1280.png
.omo/evidence/gbp-wave3-exact-confirmation-375-initial.png|bytes=61886|mtime=2026-08-10T01:18:04+0100
.omo/evidence/gbp-wave3-exact-confirmation-375-initial.png: PNG image data, 375 x 812, 8-bit/color RGB, non-interlaced
89504e470d0a1a0a
7b8f49ee87c8f2bfff21f6bd3446e7e4c80e28f663f70196f82f47540996346b  .omo/evidence/gbp-wave3-exact-confirmation-375-initial.png
.omo/evidence/gbp-wave3-exact-confirmation-375-scrolled.png|bytes=58755|mtime=2026-08-10T01:18:04+0100
.omo/evidence/gbp-wave3-exact-confirmation-375-scrolled.png: PNG image data, 375 x 812, 8-bit/color RGB, non-interlaced
89504e470d0a1a0a
34943706c32108902b44292862a1be5d49fa438041fac2d903577d40749f0efa  .omo/evidence/gbp-wave3-exact-confirmation-375-scrolled.png
.omo/evidence/gbp-wave3-exact-confirmation-375.png|bytes=172705|mtime=2026-08-10T01:18:04+0100
.omo/evidence/gbp-wave3-exact-confirmation-375.png: PNG image data, 375 x 2600, 8-bit/color RGB, non-interlaced
89504e470d0a1a0a
dcc56f52ca59cb7fdb930dbb4ab2df536a63215bc7351195764b164b9f4b7445  .omo/evidence/gbp-wave3-exact-confirmation-375.png
.omo/evidence/gbp-wave3-exact-confirmation-768.png|bytes=168932|mtime=2026-08-10T01:18:05+0100
.omo/evidence/gbp-wave3-exact-confirmation-768.png: PNG image data, 768 x 1600, 8-bit/color RGB, non-interlaced
89504e470d0a1a0a
db73f153cc08c4a4c9fe7e372ecb2613b71ad3fa3607247ca2ba5fafcdb3273b  .omo/evidence/gbp-wave3-exact-confirmation-768.png
.omo/evidence/gbp-wave3-exact-confirmation-1280.png|bytes=153978|mtime=2026-08-10T01:18:05+0100
.omo/evidence/gbp-wave3-exact-confirmation-1280.png: PNG image data, 1280 x 1200, 8-bit/color RGB, non-interlaced
89504e470d0a1a0a
92fcf77dc6e40b8528c32bd9509d968467da863deea0c8f6c68279e99ad4ec04  .omo/evidence/gbp-wave3-exact-confirmation-1280.png
.omo/evidence/gbp-wave3-outcome-unknown-375.png|bytes=62589|mtime=2026-08-10T01:18:10+0100
.omo/evidence/gbp-wave3-outcome-unknown-375.png: PNG image data, 375 x 900, 8-bit/color RGB, non-interlaced
89504e470d0a1a0a
fdf4abae56043ebb0f039fcd09eb2bc5b37818aa1086bbf9206792b5b1105b4d  .omo/evidence/gbp-wave3-outcome-unknown-375.png
.omo/evidence/gbp-wave3-outcome-unknown-768.png|bytes=104238|mtime=2026-08-10T01:18:10+0100
.omo/evidence/gbp-wave3-outcome-unknown-768.png: PNG image data, 768 x 900, 8-bit/color RGB, non-interlaced
89504e470d0a1a0a
1aeb1d8750b1634aa6eab5e32f6c9233e78fafd2e1df505bf3bf73b7ca16f109  .omo/evidence/gbp-wave3-outcome-unknown-768.png
.omo/evidence/gbp-wave3-outcome-unknown-1280.png|bytes=104971|mtime=2026-08-10T01:18:10+0100
.omo/evidence/gbp-wave3-outcome-unknown-1280.png: PNG image data, 1280 x 940, 8-bit/color RGB, non-interlaced
89504e470d0a1a0a
299cb2839496bd5b251c29f2938c2f2b2f706614f1ad8f873895549d03981849  .omo/evidence/gbp-wave3-outcome-unknown-1280.png
