 M server/dual-sync/queue/jobs.ts
 M server/dual-sync/queue/worker.ts
 M server/dual-sync/scheduling/auto-export.ts
 M src/app/api/ops/restaurants/[id]/dual-sync/publish/preview/route.ts
 M src/app/api/ops/restaurants/[id]/dual-sync/publish/route.ts
 M src/app/api/ops/restaurants/[id]/google-business-profile/food-menus/publish/route.ts
 M tests/server/dual-sync-auto-export.test.ts
 M tests/server/dual-sync-publish-preview-route.test.ts
 M tests/server/dual-sync-publish-route.test.ts
 M tests/server/dual-sync-queue-jobs.test.ts
 M tests/server/dual-sync-queue-worker.test.ts
 M tests/server/google-business-profile-food-menus-routes.test.ts
?? server/dual-sync/publish/exact-consent.ts
?? server/dual-sync/publish/exact-consent/
?? src/app/api/ops/restaurants/[id]/google-business-profile/food-menus/publish/preview/route.ts
?? tests/server/dual-sync-exact-consent-adapter.test.ts
?? tests/server/dual-sync-exact-consent-claimed-execution.test.ts
?? tests/server/dual-sync-exact-consent-repository.test.ts
?? tests/server/dual-sync-exact-consent-workflow-cancellation.test.ts
?? tests/server/dual-sync-exact-consent-workflow.test.ts
?? tests/server/dual-sync-exact-consent.test.ts
?? tests/server/google-business-profile-food-menus-exact-route.test.ts
