server/dual-sync/freshness/google-update-overlay.ts
server/dual-sync/freshness/refresh-google-updates.ts
server/dual-sync/notifications/index.ts
server/dual-sync/notifications/participation.ts
server/dual-sync/notifications/terminal.ts
server/dual-sync/notifications/types.ts
server/dual-sync/pubsub/auth.ts
server/dual-sync/pubsub/handler.ts
server/dual-sync/pubsub/index.ts
server/dual-sync/pubsub/parser.ts
server/dual-sync/pubsub/persistence.ts
server/dual-sync/pubsub/types.ts
server/dual-sync/scheduling/index.ts
server/dual-sync/scheduling/refresh.ts
src/app/api/cron/dual-sync/refresh/route.ts
src/app/api/cron/dual-sync/notifications/route.ts
src/app/api/ops/restaurants/[id]/google-business-profile/notifications/route.ts
src/app/api/webhooks/google-business-profile/pubsub/route.ts
tests/server/dual-sync-google-update-overlay.test.ts
tests/server/dual-sync-google-update-refresh.test.ts
tests/server/dual-sync-notification-participation.test.ts
tests/server/dual-sync-notifications-cron-route.test.ts
tests/server/dual-sync-pubsub-persistence.test.ts
tests/server/dual-sync-pubsub.test.ts
tests/server/dual-sync-refresh-scheduling-v2.test.ts
tests/server/dual-sync-terminal-notices.test.ts
tests/server/google-business-profile-notifications-route.test.ts
tests/server/google-business-profile-pubsub-route.test.ts
