
 RUN  v4.1.0 /Users/amankumarshrestha/LapenInns Project/nabatableLP

 ✓ tests/scripts/db-safety.test.ts > script DB safety > validates Supabase project refs exactly from DB host and user 1ms
 ✓ tests/scripts/db-safety.test.ts > script DB safety > validates Supabase API project refs by exact HTTPS Supabase host 0ms
 ✓ tests/scripts/db-safety.test.ts > script DB safety > fails closed for destructive production apply without confirmation and break-glass 0ms
 ✓ tests/scripts/db-safety.test.ts > script DB safety > requires explicit production target env when requested 0ms
 ✓ tests/scripts/db-safety.test.ts > script DB safety > treats the production project ref itself as production even without target env 0ms
 ✓ tests/scripts/db-safety.test.ts > script DB safety > rejects production target env when the DB URL points at a different project 0ms
 ✓ tests/scripts/db-safety.test.ts > script DB safety > guards production API scripts with exact project ref and target env 0ms
 ✓ tests/scripts/db-safety.test.ts > script DB safety > requires staging env, exact project ref, and confirmation for staging writes 0ms
 ✓ tests/scripts/db-safety.test.ts > script DB safety > keeps Postgres TLS certificate verification enabled by default 0ms
 ✓ tests/scripts/db-safety.test.ts > script DB safety > keeps Postgres TLS certificate verification enabled when a CA is provided inline 0ms
 ✓ tests/scripts/db-safety.test.ts > script DB safety > keeps database scripts from disabling TLS certificate verification 1ms
 ✓ tests/scripts/db-safety.test.ts > script DB safety > keeps production access dry-run auth resolution read-only 0ms
 ✓ tests/scripts/db-safety.test.ts > script DB safety > guards staging staff import before constructing the destination admin client 0ms
 ✓ tests/scripts/db-safety.test.ts > script DB safety > requires the Supabase region probe password from environment only 0ms
 ✓ tests/scripts/db-safety.test.ts > script DB safety > does not pass Vercel tokens on the setup-notifications-domain command line 0ms
 ✓ tests/scripts/db-safety.test.ts > script DB safety > does not log soft-hold session tokens from manual table assignment release failures 0ms
 ✓ tests/scripts/db-safety.test.ts > script DB safety > does not pass Vercel tokens on the setup-notifications-domain command line 0ms
 ✓ tests/scripts/db-safety.test.ts > script DB safety > does not log soft-hold session tokens from manual table assignment release failures 0ms
 ✓ tests/scripts/db-safety.test.ts > script DB safety > keeps SQL file runner behind mandatory project-ref validation and production confirmation 0ms
 ✓ tests/scripts/db-safety.test.ts > script DB safety > keeps fixed SQL executor staging-only with explicit confirmation 0ms
 ✓ tests/scripts/db-safety.test.ts > script DB safety > guards schema optimization runner as a confirmed staging script 0ms
 ✓ tests/scripts/db-safety.test.ts > script DB safety > guards production optimization runner and fails hard on DDL phase errors 0ms
 ✓ tests/scripts/db-safety.test.ts > script DB safety > guards staging owner bootstrap before password persistence or service-role clients 0ms
 ✓ tests/scripts/db-safety.test.ts > script DB safety > guards staging email delivery smoke before service-role reads and redacts recipients 0ms
 ✓ tests/scripts/db-safety.test.ts > script DB safety > guards auth reset script for explicit staging or production targets before admin client use 0ms
 ✓ tests/scripts/db-safety.test.ts > script DB safety > guards staging perf seed against stale linked refs and actual DB URL mismatch 0ms
 ✓ tests/scripts/db-safety.test.ts > script DB safety > keeps synthetic booking seed scripts staging-only and explicit restaurant targeted 0ms
 ✓ tests/scripts/db-safety.test.ts > script DB safety > requires explicit restaurant seed owner and target guard 0ms
 ✓ tests/scripts/db-safety.test.ts > script DB safety > validates GBP FoodMenus proof against the actual service-role URL 0ms
 ✓ tests/scripts/db-safety.test.ts > script DB safety > retires historical FoodMenus Google mutation scripts 0ms
 ✓ tests/scripts/db-safety.test.ts > script DB safety > maps the FoodMenus rollout confirmation into the delegated SQL runner only after wrapper checks 0ms
 ✓ tests/scripts/db-safety.test.ts > script DB safety > verifies FoodMenus service-role policies by expected table and policy name 0ms
 ✓ tests/scripts/db-safety.test.ts > script DB safety > keeps SMS backfill artifacts free of raw booking identifiers and Twilio message ids 0ms
 ✓ tests/scripts/db-safety.test.ts > script DB safety > counts cross-restaurant zone adjacency edges as verification failures 0ms
 ✓ tests/scripts/gbp-inventory.test.ts > GBP inventory governance scanner > rejects an unlisted direct Google mutation caller 198ms
 ✓ tests/scripts/gbp-inventory.test.ts > GBP inventory governance scanner > rejects an unlisted Google-derived content column 197ms
 ✓ tests/scripts/gbp-inventory.test.ts > GBP inventory governance scanner > reports unknown create/delete calls and external content beside an allowlisted match 204ms
 ✓ tests/scripts/gbp-inventory.test.ts > GBP inventory governance scanner > treats source comments as inert and rejects malformed or stale manifests 589ms

 Test Files  2 passed (2)
      Tests  38 passed (38)
   Start at  10:51:45
   Duration  1.74s (transform 73ms, setup 143ms, import 45ms, tests 1.20s, environment 764ms)

