
 RUN  v4.1.0 /Users/amankumarshrestha/LapenInns Project/nabatableLP

······················stderr | tests/server/dual-sync-auto-export.test.ts > runAutoExportForAllTenants > continues past tenants that throw and records the error
[dual-sync:tenant_run_failed] {
  kind: 'tenant_run_failed',
  severity: 'error',
  summary: 'Auto-export run for rest-1 threw: rest-1 blew up',
  restaurantId: 'rest-1',
  errorMessage: 'rest-1 blew up',
  occurredAt: '2026-08-09T13:57:05.569Z'
}

stderr | tests/server/dual-sync-auto-export.test.ts > runAutoExportForAllTenants > rethrows when onError is "throw"
[dual-sync:tenant_run_failed] {
  kind: 'tenant_run_failed',
  severity: 'error',
  summary: 'Auto-export run for rest-1 threw: boom',
  restaurantId: 'rest-1',
  errorMessage: 'boom',
  occurredAt: '2026-08-09T13:57:05.572Z'
}

····································································x·····x···x···x··········································································································x···xxxx·x·····x·xx·xxxx······································································································································································································································································································

⎯⎯⎯⎯⎯⎯ Failed Tests 17 ⎯⎯⎯⎯⎯⎯⎯

 FAIL  tests/server/dual-sync-publish-orchestrator.test.ts > dual-sync runPublish > calls applyImportToCore for an import decision and stamps in_sync on success
AssertionError: expected "vi.fn()" to be called 1 times, but got 0 times
 ❯ tests/server/dual-sync-publish-orchestrator.test.ts:344:37
    342|     );
    343|
    344|     expect(ports.applyImportToCore).toHaveBeenCalledTimes(1);
       |                                     ^
    345|     expect(ports.applyExportToGoogle).not.toHaveBeenCalled();
    346|     expect(markInSyncMock).toHaveBeenCalledTimes(1);

⎯⎯⎯⎯⎯⎯⎯⎯⎯⎯⎯⎯⎯⎯⎯⎯⎯⎯⎯⎯⎯⎯⎯[1/17]⎯

 FAIL  tests/server/dual-sync-publish-orchestrator.test.ts > dual-sync runPublish > creates section operation groups and attaches child operation rows
AssertionError: expected "vi.fn()" to be called with arguments: [ ObjectContaining{…} ]

Received:

  1st vi.fn() call:

  [
-   ObjectContaining {
-     "acceptedCount": 1,
+   {
+     "acceptedCount": 0,
      "actorUserId": "user-1",
+     "client": {
+       "from": [Function Mock],
+     },
+     "clientRequestId": null,
+     "coreSnapshotHash": "af9ffe40480762f99176dc50ca9ce61eb5c217d9948967ad5fc3e6947e0556e1",
+     "decisionHash": "801d8b2695c1ee6037b4fda2fb5a545d6c2782c2aa8b691168923302fc6f9f2c",
      "fieldPolicyHash": "policy-hash-1",
      "fieldPolicyVersionId": "policy-version-1",
-     "rejectedCount": 0,
+     "gbpSnapshotHash": "af9ffe40480762f99176dc50ca9ce61eb5c217d9948967ad5fc3e6947e0556e1",
+     "ignoredCount": 0,
+     "pinnedCoreSnapshotHash": "af9ffe40480762f99176dc50ca9ce61eb5c217d9948967ad5fc3e6947e0556e1",
+     "pinnedGbpSnapshotHash": "af9ffe40480762f99176dc50ca9ce61eb5c217d9948967ad5fc3e6947e0556e1",
+     "planSummary": {
+       "groups": [],
+       "rejected": [
+         {
+           "action": "export_to_google",
+           "failure": {
+             "code": "UNSUPPORTED_FIELD",
+             "message": "Google exports are disabled for this deployment.",
+             "retryable": false,
+           },
+           "fieldKey": "profile.businessDescription",
+           "sectionKey": "profile",
+         },
+       ],
+       "warnings": [],
+     },
+     "rejectedCount": 1,
      "restaurantId": "rest-1",
    },
  ]


Number of calls: 1

 ❯ tests/server/dual-sync-publish-orchestrator.test.ts:521:36
    519|     );
    520|
    521|     expect(createPublishBatchMock).toHaveBeenCalledWith(
       |                                    ^
    522|       expect.objectContaining({
    523|         restaurantId: RESTAURANT_ID,

⎯⎯⎯⎯⎯⎯⎯⎯⎯⎯⎯⎯⎯⎯⎯⎯⎯⎯⎯⎯⎯⎯⎯[2/17]⎯

 FAIL  tests/server/dual-sync-publish-orchestrator.test.ts > dual-sync runPublish > fails export operations as retryable when Google edit budget is exhausted
AssertionError: expected "vi.fn()" to be called with arguments: [ ObjectContaining{…} ]

Number of calls: 0

 ❯ tests/server/dual-sync-publish-orchestrator.test.ts:612:39
    610|
    611|     expect(ports.applyExportToGoogle).not.toHaveBeenCalled();
    612|     expect(updateOperationStatusMock).toHaveBeenCalledWith(
       |                                       ^
    613|       expect.objectContaining({
    614|         status: 'failed',

⎯⎯⎯⎯⎯⎯⎯⎯⎯⎯⎯⎯⎯⎯⎯⎯⎯⎯⎯⎯⎯⎯⎯[3/17]⎯

 FAIL  tests/server/dual-sync-publish-orchestrator.test.ts > dual-sync runPublish > blocks required export groups when preflight fails before operation rows or port calls
AssertionError: expected "vi.fn()" to be called with arguments: [ ObjectContaining{…} ]

Number of calls: 0

 ❯ tests/server/dual-sync-publish-orchestrator.test.ts:670:29
    668|     );
    669|
    670|     expect(exportPreflight).toHaveBeenCalledWith(
       |                             ^
    671|       expect.objectContaining({
    672|         restaurantId: RESTAURANT_ID,

⎯⎯⎯⎯⎯⎯⎯⎯⎯⎯⎯⎯⎯⎯⎯⎯⎯⎯⎯⎯⎯⎯⎯[4/17]⎯

 FAIL  tests/server/dual-sync-publish-orchestrator.test.ts > dual-sync runPublish > normalizes thrown Google provider errors into actionable failure codes
AssertionError: expected "vi.fn()" to be called with arguments: [ ObjectContaining{…} ]

Number of calls: 0

 ❯ tests/server/dual-sync-publish-orchestrator.test.ts:763:39
    761|     );
    762|
    763|     expect(updateOperationStatusMock).toHaveBeenCalledWith(
       |                                       ^
    764|       expect.objectContaining({
    765|         status: 'failed',

⎯⎯⎯⎯⎯⎯⎯⎯⎯⎯⎯⎯⎯⎯⎯⎯⎯⎯⎯⎯⎯⎯⎯[5/17]⎯

 FAIL  tests/server/dual-sync-publish-orchestrator.test.ts > dual-sync runPublish > calls applyExportToGoogle for an export decision
AssertionError: expected "vi.fn()" to be called 1 times, but got 0 times
 ❯ tests/server/dual-sync-publish-orchestrator.test.ts:862:39
    860|     );
    861|
    862|     expect(ports.applyExportToGoogle).toHaveBeenCalledTimes(1);
       |                                       ^
    863|     expect(ports.applyImportToCore).not.toHaveBeenCalled();
    864|     expect(createGoogleRequestLogMock).toHaveBeenCalledWith(

⎯⎯⎯⎯⎯⎯⎯⎯⎯⎯⎯⎯⎯⎯⎯⎯⎯⎯⎯⎯⎯⎯⎯[6/17]⎯

 FAIL  tests/server/dual-sync-publish-orchestrator.test.ts > dual-sync runPublish > captures port failures in the summary and marks the field failed
AssertionError: expected "vi.fn()" to be called with arguments: [ ObjectContaining{…} ]

Number of calls: 0

 ❯ tests/server/dual-sync-publish-orchestrator.test.ts:1061:28
    1059|     );
    1060|
    1061|     expect(markFailedMock).toHaveBeenCalledWith(expect.objectContainin…
       |                            ^
    1062|     expect(result.summary.failures).toEqual([
    1063|       expect.objectContaining({

⎯⎯⎯⎯⎯⎯⎯⎯⎯⎯⎯⎯⎯⎯⎯⎯⎯⎯⎯⎯⎯⎯⎯[7/17]⎯

 FAIL  tests/server/dual-sync-publish-orchestrator.test.ts > dual-sync runPublish > rejects exports for Google-owned read-only policy fields before operation creation
AssertionError: expected [ { …(2) } ] to deeply equal [ ObjectContaining{…} ]

- Expected
+ Received

  [
    {
      "failure": {
        "code": "UNSUPPORTED_FIELD",
-       "message": "Google Maps URL is Google-owned metadata and is not directly writable.",
+       "message": "Google exports are disabled for this deployment.",
+       "retryable": false,
      },
      "fieldKey": "profile.googleMapUrl",
    },
  ]

 ❯ tests/server/dual-sync-publish-orchestrator.test.ts:1119:37
    1117|     expect(createOperationMock).not.toHaveBeenCalled();
    1118|     expect(ports.applyExportToGoogle).not.toHaveBeenCalled();
    1119|     expect(result.summary.failures).toEqual([
       |                                     ^
    1120|       expect.objectContaining({
    1121|         fieldKey: 'profile.googleMapUrl',

⎯⎯⎯⎯⎯⎯⎯⎯⎯⎯⎯⎯⎯⎯⎯⎯⎯⎯⎯⎯⎯⎯⎯[8/17]⎯

 FAIL  tests/server/dual-sync-publish-orchestrator.test.ts > dual-sync runPublish > rejects automated exports for manual-review policy fields
AssertionError: expected { code: 'UNSUPPORTED_FIELD', …(2) } to match object { code: 'UNSUPPORTED_FIELD', …(1) }
(1 matching property omitted from actual)

- Expected
+ Received

  {
    "code": "UNSUPPORTED_FIELD",
-   "message": "Field requires manual review before it can be exported.",
+   "message": "Google exports are disabled for this deployment.",
  }

 ❯ tests/server/dual-sync-publish-orchestrator.test.ts:1156:49
    1154|     expect(createOperationMock).not.toHaveBeenCalled();
    1155|     expect(ports.applyExportToGoogle).not.toHaveBeenCalled();
    1156|     expect(result.summary.failures[0]?.failure).toMatchObject({
       |                                                 ^
    1157|       code: 'UNSUPPORTED_FIELD',
    1158|       message: 'Field requires manual review before it can be exported…

⎯⎯⎯⎯⎯⎯⎯⎯⎯⎯⎯⎯⎯⎯⎯⎯⎯⎯⎯⎯⎯⎯⎯[9/17]⎯

 FAIL  tests/server/dual-sync-publish-orchestrator.test.ts > dual-sync runPublish > routes a 2+ same-section export group through applyExportBatchToGoogle and skips per-field calls
AssertionError: expected [ { …(2) }, { …(2) } ] to deeply equal []

- Expected
+ Received

- []
+ [
+   {
+     "failure": {
+       "code": "UNSUPPORTED_FIELD",
+       "message": "Google exports are disabled for this deployment.",
+       "retryable": false,
+     },
+     "fieldKey": "operatingHours.weekly.1",
+   },
+   {
+     "failure": {
+       "code": "UNSUPPORTED_FIELD",
+       "message": "Google exports are disabled for this deployment.",
+       "retryable": false,
+     },
+     "fieldKey": "operatingHours.weekly.2",
+   },
+ ]

 ❯ tests/server/dual-sync-publish-orchestrator.test.ts:1245:37
    1243|     );
    1244|
    1245|     expect(result.summary.failures).toEqual([]);
       |                                     ^
    1246|     expect(ports.applyExportBatchToGoogle).toHaveBeenCalledTimes(1);
    1247|     expect(ports.applyExportToGoogle).not.toHaveBeenCalled();

⎯⎯⎯⎯⎯⎯⎯⎯⎯⎯⎯⎯⎯⎯⎯⎯⎯⎯⎯⎯⎯⎯[10/17]⎯

 FAIL  tests/server/dual-sync-publish-orchestrator.test.ts > dual-sync runPublish > does NOT call the batch port for a single-decision export group (short-circuit)
AssertionError: expected "vi.fn()" to be called 1 times, but got 0 times
 ❯ tests/server/dual-sync-publish-orchestrator.test.ts:1289:39
    1287|
    1288|     expect(ports.applyExportBatchToGoogle).not.toHaveBeenCalled();
    1289|     expect(ports.applyExportToGoogle).toHaveBeenCalledTimes(1);
       |                                       ^
    1290|   });
    1291|

⎯⎯⎯⎯⎯⎯⎯⎯⎯⎯⎯⎯⎯⎯⎯⎯⎯⎯⎯⎯⎯⎯[11/17]⎯

 FAIL  tests/server/dual-sync-publish-orchestrator.test.ts > dual-sync runPublish > falls back to per-field dispatch when the batch port returns supported:false
AssertionError: expected "vi.fn()" to be called 1 times, but got 0 times
 ❯ tests/server/dual-sync-publish-orchestrator.test.ts:1336:44
    1334|     );
    1335|
    1336|     expect(ports.applyExportBatchToGoogle).toHaveBeenCalledTimes(1);
       |                                            ^
    1337|     expect(ports.applyExportToGoogle).toHaveBeenCalledTimes(2);
    1338|   });

⎯⎯⎯⎯⎯⎯⎯⎯⎯⎯⎯⎯⎯⎯⎯⎯⎯⎯⎯⎯⎯⎯[12/17]⎯

 FAIL  tests/server/dual-sync-publish-orchestrator.test.ts > dual-sync runPublish > routes every decision in the group to an external API failure when the batch port throws
AssertionError: expected false to be true // Object.is equality

- Expected
+ Received

- true
+ false

 ❯ tests/server/dual-sync-publish-orchestrator.test.ts:1386:91
    1384|     expect(ports.applyExportToGoogle).not.toHaveBeenCalled();
    1385|     expect(result.summary.failures).toHaveLength(2);
    1386|     expect(result.summary.failures.every((f) => f.failure.code === 'EX…
       |                                                                                           ^
    1387|       true,
    1388|     );

⎯⎯⎯⎯⎯⎯⎯⎯⎯⎯⎯⎯⎯⎯⎯⎯⎯⎯⎯⎯⎯⎯[13/17]⎯

 FAIL  tests/server/dual-sync-publish-planner.test.ts > buildPublishPlan > groups accepted decisions by direction, section, and write group
AssertionError: expected +0 to be 3 // Object.is equality

- Expected
+ Received

- 3
+ 0

 ❯ tests/server/dual-sync-publish-planner.test.ts:153:32
    151|     ]);
    152|
    153|     expect(plan.acceptedCount).toBe(3);
       |                                ^
    154|     expect(plan.ignoredCount).toBe(1);
    155|     expect(plan.rejectedCount).toBe(0);

⎯⎯⎯⎯⎯⎯⎯⎯⎯⎯⎯⎯⎯⎯⎯⎯⎯⎯⎯⎯⎯⎯[14/17]⎯

 FAIL  tests/server/dual-sync-publish-planner.test.ts > buildPublishPlan > rejects decisions disabled by production rollback controls before grouping
AssertionError: expected +0 to be 1 // Object.is equality

- Expected
+ Received

- 1
+ 0

 ❯ tests/server/dual-sync-publish-planner.test.ts:349:32
    347|     ]);
    348|
    349|     expect(plan.acceptedCount).toBe(1);
       |                                ^
    350|     expect(plan.rejected).toEqual([
    351|       expect.objectContaining({

⎯⎯⎯⎯⎯⎯⎯⎯⎯⎯⎯⎯⎯⎯⎯⎯⎯⎯⎯⎯⎯⎯[15/17]⎯

 FAIL  tests/server/dual-sync-replay-runner.test.ts > runDualSyncReplayScenario > replays publish planning against fixture snapshots
AssertionError: expected +0 to be 1 // Object.is equality

- Expected
+ Received

- 1
+ 0

 ❯ tests/server/dual-sync-replay-runner.test.ts:296:47
    294|     });
    295|
    296|     expect(result.publishPlan?.acceptedCount).toBe(1);
       |                                               ^
    297|     expect(result.publishPlan?.rejectedCount).toBe(1);
    298|     expect(result.publishPlan?.groups).toHaveLength(1);

⎯⎯⎯⎯⎯⎯⎯⎯⎯⎯⎯⎯⎯⎯⎯⎯⎯⎯⎯⎯⎯⎯[16/17]⎯

 FAIL  tests/server/dual-sync-replay-runner.test.ts > stored dual-sync replay fixtures > replays 'high-risk food menu export'
AssertionError: expected +0 to be 1 // Object.is equality

- Expected
+ Received

- 1
+ 0

 ❯ tests/server/dual-sync-replay-runner.test.ts:324:49
    322|     }
    323|     if (fixture.expected.acceptedCount !== undefined) {
    324|       expect(result.publishPlan?.acceptedCount).toBe(fixture.expected.…
       |                                                 ^
    325|     }
    326|     if (fixture.expected.rejectedCount !== undefined) {

⎯⎯⎯⎯⎯⎯⎯⎯⎯⎯⎯⎯⎯⎯⎯⎯⎯⎯⎯⎯⎯⎯[17/17]⎯


 Test Files  3 failed | 80 passed (83)
      Tests  17 failed | 512 passed (529)
   Start at  14:57:04
   Duration  5.80s (transform 7.23s, setup 6.88s, import 17.53s, tests 831ms, environment 53.64s)

