
 RUN  v4.1.0 /Users/amankumarshrestha/LapenInns Project/nabatableLP

 × tests/server/dual-sync-refresh-scheduling-v2.test.ts > scheduled Google refresh queue fan-out > uses an hourly time bucket as the only varying idempotency input 2ms
   → undefined is not a function
 × tests/server/dual-sync-refresh-scheduling-v2.test.ts > scheduled Google refresh queue fan-out > enqueues reads for at most fifty linked tenants without executing provider work inline 0ms
   → enqueueScheduledRefreshJobs is not a function

⎯⎯⎯⎯⎯⎯⎯ Failed Tests 2 ⎯⎯⎯⎯⎯⎯⎯

 FAIL  tests/server/dual-sync-refresh-scheduling-v2.test.ts > scheduled Google refresh queue fan-out > uses an hourly time bucket as the only varying idempotency input
TypeError: undefined is not a function
 ❯ tests/server/dual-sync-refresh-scheduling-v2.test.ts:42:34
     40|
     41|     // When
     42|     const buckets = withinBucket.map(scheduledRefreshBucket);
       |                                  ^
     43|
     44|     // Then

⎯⎯⎯⎯⎯⎯⎯⎯⎯⎯⎯⎯⎯⎯⎯⎯⎯⎯⎯⎯⎯⎯⎯⎯[1/2]⎯

 FAIL  tests/server/dual-sync-refresh-scheduling-v2.test.ts > scheduled Google refresh queue fan-out > enqueues reads for at most fifty linked tenants without executing provider work inline
TypeError: enqueueScheduledRefreshJobs is not a function
 ❯ tests/server/dual-sync-refresh-scheduling-v2.test.ts:55:26
     53|
     54|     // When
     55|     const result = await enqueueScheduledRefreshJobs({
       |                          ^
     56|       client,
     57|       now: '2026-08-09T10:42:00.000Z',

⎯⎯⎯⎯⎯⎯⎯⎯⎯⎯⎯⎯⎯⎯⎯⎯⎯⎯⎯⎯⎯⎯⎯⎯[2/2]⎯


 Test Files  1 failed (1)
      Tests  2 failed (2)
   Start at  17:33:16
   Duration  914ms (transform 423ms, setup 38ms, import 599ms, tests 3ms, environment 208ms)

