
 RUN  v4.1.0 /Users/amankumarshrestha/LapenInns Project/nabatableLP

 ✓ tests/lib/env.test.ts > env app URL resolution > resolves Vercel URL templates before validating public app URL 4ms
 ✓ tests/lib/env.test.ts > env app URL resolution > drops unresolved Vercel URL templates and falls back to the site URL 1ms
 ✓ tests/lib/env.test.ts > env app URL resolution > does not resolve public app URL from a placeholder Vercel URL value 1ms
 ✓ tests/lib/env.test.ts > env app URL resolution > resolves Vercel URL templates before validating base URL 1ms
 ✓ tests/lib/env.test.ts > env app URL resolution > drops unresolved base URL templates and falls back to a canonical URL 1ms
 ✓ tests/lib/env.test.ts > WhatsApp five-event configuration > stays disabled until the review Content SID completes the lifecycle set @contract 1ms
 ✓ tests/lib/env.test.ts > Google Business Profile environment aliases > prefers explicit canonical credentials over legacy profile aliases 1ms
 ✓ tests/lib/env.test.ts > Google Business Profile environment aliases > uses fail-closed defaults for dual-sync runtime controls 1ms
 ✓ tests/lib/env.test.ts > Google Business Profile environment aliases > rejects malformed GBP_IMPORT_ENABLED input 1ms
 ✓ tests/lib/env.test.ts > Google Business Profile environment aliases > rejects malformed GBP_PUBSUB_INGEST_ENABLED input 0ms
 ✓ tests/lib/env.test.ts > Google Business Profile environment aliases > rejects malformed GBP_WRITE_ROLLOUT_MODE input 0ms
 ✓ tests/lib/env.test.ts > Google Business Profile environment aliases > rejects canary rollout without a canary restaurant identifier 0ms
 × tests/lib/env.test.ts > Google Business Profile environment aliases > preserves legacy single-key configuration when no keyring is present 4ms
   → expected { clientId: 'client-id', …(5) } to match object { …(3) }
(4 matching properties omitted from actual)
 × tests/lib/env.test.ts > Google Business Profile environment aliases > normalizes a valid credential keyring without exposing mutable key storage 1ms
   → expected undefined to deeply equal { activeKeyId: 'primary-2026', …(1) }
 × tests/lib/env.test.ts > Google Business Profile environment aliases > rejects a partial keyring when only GOOGLE_BUSINESS_TOKEN_ENCRYPTION_ACTIVE_KEY_ID is present 1ms
   → Expected environment parsing to fail.
 × tests/lib/env.test.ts > Google Business Profile environment aliases > rejects a partial keyring when only GOOGLE_BUSINESS_TOKEN_ENCRYPTION_KEYS is present 1ms
   → Expected environment parsing to fail.
 × tests/lib/env.test.ts > Google Business Profile environment aliases > rejects malformed JSON without echoing key material 0ms
   → Expected environment parsing to fail.
 × tests/lib/env.test.ts > Google Business Profile environment aliases > rejects an empty keyring without echoing key material 0ms
   → Expected environment parsing to fail.
 × tests/lib/env.test.ts > Google Business Profile environment aliases > rejects a short decoded key without echoing key material 0ms
   → Expected environment parsing to fail.
 × tests/lib/env.test.ts > Google Business Profile environment aliases > rejects an active key identifier that is absent from the keyring 0ms
   → Expected environment parsing to fail.
 × tests/lib/env.test.ts > Google Business Profile environment aliases > requires complete Pub/Sub verification metadata when ingestion is enabled 0ms
   → Expected environment parsing to fail.
 × tests/lib/env.test.ts > Google Business Profile environment aliases > normalizes valid Pub/Sub ingress configuration 1ms
   → expected undefined to deeply equal { enabled: true, …(4) }
 × tests/lib/env.test.ts > Google Business Profile environment aliases > rejects malformed optional Pub/Sub setting GBP_PUBSUB_EXPECTED_AUDIENCE 0ms
   → Expected environment parsing to fail.
 × tests/lib/env.test.ts > Google Business Profile environment aliases > rejects malformed optional Pub/Sub setting GBP_PUBSUB_PUSH_SERVICE_ACCOUNT_EMAIL 0ms
   → Expected environment parsing to fail.
 × tests/lib/env.test.ts > Google Business Profile environment aliases > rejects malformed optional Pub/Sub setting GBP_PUBSUB_SUBSCRIPTION 0ms
   → Expected environment parsing to fail.
 × tests/lib/env.test.ts > Google Business Profile environment aliases > rejects malformed optional Pub/Sub setting GBP_PUBSUB_TOPIC 0ms
   → Expected environment parsing to fail.

⎯⎯⎯⎯⎯⎯ Failed Tests 14 ⎯⎯⎯⎯⎯⎯⎯

 FAIL  tests/lib/env.test.ts > Google Business Profile environment aliases > preserves legacy single-key configuration when no keyring is present
AssertionError: expected { clientId: 'client-id', …(5) } to match object { …(3) }
(4 matching properties omitted from actual)

- Expected
+ Received

  {
    "configured": true,
    "tokenEncryptionKey": "[REDACTED_TEST_KEY]",
-   "tokenEncryptionKeyring": null,
  }

 ❯ tests/lib/env.test.ts:195:39
    193|     resetEnvCache();
    194|
    195|     expect(env.googleBusinessProfile).toMatchObject({
       |                                       ^
    196|       tokenEncryptionKey: validEncryptionKey,
    197|       tokenEncryptionKeyring: null,

⎯⎯⎯⎯⎯⎯⎯⎯⎯⎯⎯⎯⎯⎯⎯⎯⎯⎯⎯⎯⎯⎯⎯[1/14]⎯

 FAIL  tests/lib/env.test.ts > Google Business Profile environment aliases > normalizes a valid credential keyring without exposing mutable key storage
AssertionError: expected undefined to deeply equal { activeKeyId: 'primary-2026', …(1) }

- Expected:
{
  "activeKeyId": "primary-2026",
  "keys": {
    "primary-2026": "[REDACTED_TEST_KEY]",
  },
}

+ Received:
undefined

 ❯ tests/lib/env.test.ts:209:62
    207|     resetEnvCache();
    208|
    209|     expect(env.googleBusinessProfile.tokenEncryptionKeyring).toEqual({
       |                                                              ^
    210|       activeKeyId: 'primary-2026',
    211|       keys: { 'primary-2026': validEncryptionKey },

⎯⎯⎯⎯⎯⎯⎯⎯⎯⎯⎯⎯⎯⎯⎯⎯⎯⎯⎯⎯⎯⎯⎯[2/14]⎯

 FAIL  tests/lib/env.test.ts > Google Business Profile environment aliases > rejects a partial keyring when only GOOGLE_BUSINESS_TOKEN_ENCRYPTION_ACTIVE_KEY_ID is present
 FAIL  tests/lib/env.test.ts > Google Business Profile environment aliases > rejects a partial keyring when only GOOGLE_BUSINESS_TOKEN_ENCRYPTION_KEYS is present
Error: Expected environment parsing to fail.
 ❯ captureEnvErrorMessage tests/lib/env.test.ts:16:9
     14|     throw error;
     15|   }
     16|   throw new Error('Expected environment parsing to fail.');
       |         ^
     17| }
     18|
 ❯ tests/lib/env.test.ts:238:14

⎯⎯⎯⎯⎯⎯⎯⎯⎯⎯⎯⎯⎯⎯⎯⎯⎯⎯⎯⎯⎯⎯⎯[3/14]⎯

 FAIL  tests/lib/env.test.ts > Google Business Profile environment aliases > rejects malformed JSON without echoing key material
 FAIL  tests/lib/env.test.ts > Google Business Profile environment aliases > rejects an empty keyring without echoing key material
 FAIL  tests/lib/env.test.ts > Google Business Profile environment aliases > rejects a short decoded key without echoing key material
Error: Expected environment parsing to fail.
 ❯ captureEnvErrorMessage tests/lib/env.test.ts:16:9
     14|     throw error;
     15|   }
     16|   throw new Error('Expected environment parsing to fail.');
       |         ^
     17| }
     18|
 ❯ tests/lib/env.test.ts:251:21

⎯⎯⎯⎯⎯⎯⎯⎯⎯⎯⎯⎯⎯⎯⎯⎯⎯⎯⎯⎯⎯⎯⎯[4/14]⎯

 FAIL  tests/lib/env.test.ts > Google Business Profile environment aliases > rejects an active key identifier that is absent from the keyring
Error: Expected environment parsing to fail.
 ❯ captureEnvErrorMessage tests/lib/env.test.ts:16:9
     14|     throw error;
     15|   }
     16|   throw new Error('Expected environment parsing to fail.');
       |         ^
     17| }
     18|
 ❯ tests/lib/env.test.ts:263:12

⎯⎯⎯⎯⎯⎯⎯⎯⎯⎯⎯⎯⎯⎯⎯⎯⎯⎯⎯⎯⎯⎯⎯[5/14]⎯

 FAIL  tests/lib/env.test.ts > Google Business Profile environment aliases > requires complete Pub/Sub verification metadata when ingestion is enabled
Error: Expected environment parsing to fail.
 ❯ captureEnvErrorMessage tests/lib/env.test.ts:16:9
     14|     throw error;
     15|   }
     16|   throw new Error('Expected environment parsing to fail.');
       |         ^
     17| }
     18|
 ❯ tests/lib/env.test.ts:276:21

⎯⎯⎯⎯⎯⎯⎯⎯⎯⎯⎯⎯⎯⎯⎯⎯⎯⎯⎯⎯⎯⎯⎯[6/14]⎯

 FAIL  tests/lib/env.test.ts > Google Business Profile environment aliases > normalizes valid Pub/Sub ingress configuration
AssertionError: expected undefined to deeply equal { enabled: true, …(4) }

- Expected:
{
  "enabled": true,
  "expectedAudience": "https://nabatable.example.com/api/pubsub/gbp",
  "pushServiceAccountEmail": "gbp-push@example-project.iam.gserviceaccount.com",
  "subscription": "projects/example-project/subscriptions/google-business-profile-updates",
  "topic": "projects/example-project/topics/google-business-profile-updates",
}

+ Received:
undefined

 ❯ tests/lib/env.test.ts:293:40
    291|     resetEnvCache();
    292|
    293|     expect(env.dualSync.pubsubIngress).toEqual({
       |                                        ^
    294|       enabled: true,
    295|       expectedAudience: 'https://nabatable.example.com/api/pubsub/gbp',

⎯⎯⎯⎯⎯⎯⎯⎯⎯⎯⎯⎯⎯⎯⎯⎯⎯⎯⎯⎯⎯⎯⎯[7/14]⎯

 FAIL  tests/lib/env.test.ts > Google Business Profile environment aliases > rejects malformed optional Pub/Sub setting GBP_PUBSUB_EXPECTED_AUDIENCE
 FAIL  tests/lib/env.test.ts > Google Business Profile environment aliases > rejects malformed optional Pub/Sub setting GBP_PUBSUB_PUSH_SERVICE_ACCOUNT_EMAIL
 FAIL  tests/lib/env.test.ts > Google Business Profile environment aliases > rejects malformed optional Pub/Sub setting GBP_PUBSUB_SUBSCRIPTION
 FAIL  tests/lib/env.test.ts > Google Business Profile environment aliases > rejects malformed optional Pub/Sub setting GBP_PUBSUB_TOPIC
Error: Expected environment parsing to fail.
 ❯ captureEnvErrorMessage tests/lib/env.test.ts:16:9
     14|     throw error;
     15|   }
     16|   throw new Error('Expected environment parsing to fail.');
       |         ^
     17| }
     18|
 ❯ tests/lib/env.test.ts:312:12

⎯⎯⎯⎯⎯⎯⎯⎯⎯⎯⎯⎯⎯⎯⎯⎯⎯⎯⎯⎯⎯⎯⎯[8/14]⎯


 Test Files  1 failed (1)
      Tests  14 failed | 12 passed (26)
   Start at  10:58:55
   Duration  429ms (transform 65ms, setup 39ms, import 84ms, tests 23ms, environment 205ms)

