 .omo/boulder.json                                  |   10 +-
 .omo/start-work/ledger.jsonl                       |    5 +
 config/env.schema.ts                               |   36 +-
 package.json                                       |    6 +
 pnpm-lock.yaml                                     | 1971 ++++++++++++++++++--
 server/dual-sync/runtime-controls.ts               |   34 +-
 server/dual-sync/scheduling/auto-export.ts         |  151 +-
 server/dual-sync/types.ts                          |    2 +
 src/app/api/ops/restaurants/[id]/details/route.ts  |   10 +
 .../[id]/dual-sync/auto-export/route.ts            |   22 +-
 .../[jobId]/retry-google-push/route.ts             |  105 +-
 .../drafts/[draftId]/publish/route.ts              |   27 +
 .../food-menus/publish/route.ts                    |  127 +-
 src/app/api/ops/restaurants/[id]/hours/route.ts    |   10 +
 .../ops/restaurants/[id]/service-periods/route.ts  |   10 +
 src/app/layout.tsx                                 |   16 +
 src/services/ops/dual-sync.ts                      |    3 +
 tests/config/vercel-crons.test.ts                  |   14 +
 tests/lib/env.test.ts                              |   77 +
 tests/server/dual-sync-auto-export-route.test.ts   |   41 +-
 tests/server/dual-sync-auto-export.test.ts         |  146 +-
 tests/server/dual-sync-runtime-controls.test.ts    |   24 +-
 ...ogle-business-profile-food-menus-routes.test.ts |   82 +-
 ...google-business-profile-workflow-routes.test.ts |   54 +-
 ...oogle-business-profile-core-sync-routes.test.ts |   78 +-
 types/supabase.ts                                  |  866 +++++++++
 vercel.json                                        |    4 +
 27 files changed, 3083 insertions(+), 848 deletions(-)
