
 RUN  v4.1.0 /Users/amankumarshrestha/LapenInns Project/nabatableLP

 × tests/hooks/opsIntegrationQueries.test.ts > opsIntegrationQueries > @contract invalidates both Google Business Profile caches 4ms
   → expected [ Array(3) ] to deeply equal [ Array(2) ]
 ✓ tests/hooks/opsIntegrationQueries.test.ts > opsIntegrationQueries > @contract invalidates every dual-sync workspace cache plus the restaurant detail 1ms
 × tests/hooks/opsIntegrationQueries.test.ts > opsIntegrationQueries > @contract invalidates the full integration surface in one call 1ms
   → expected [ …(11) ] to have a length of 10 but got 11
 ✓ tests/hooks/opsIntegrationQueries.test.ts > opsIntegrationQueries > @contract scopes dual-sync keys per restaurant 0ms
 ✓ tests/hooks/opsIntegrationQueries.test.ts > opsIntegrationQueries > @contract removes volatile GBP operator state instead of retaining it 0ms
 ✓ tests/components/features/restaurant-settings/google-business-profile/GbpOperatorControls.test.tsx > GbpOperatorControls > shows the exact connection, rollout, refresh, pending-mask, and notification state 33ms
stderr | tests/components/features/restaurant-settings/google-business-profile/GbpOperatorControls.test.tsx > GbpOperatorControls > renders provider and operational outcome-unknown recovery instructions
In HTML, <div> cannot be a descendant of <p>.
This will cause a hydration error.

  <GbpOperatorControls restaurantId="restaurant-1">
    <div className="flex flex-..." data-testid="gbp-operat...">
      <Card>
      <Card variant="compact" className="border-bor...">
        <div ref={null} className="rounded-xl...">
          <CardHeader>
          <CardContent className="px-4 pb-4 ...">
            <div ref={null} className="p-6 pt-0 p...">
              <GbpTerminalNotices data={{notices:[...], ...}}>
                <div className="flex flex-...">
                  <Alert variant="warning">
                    <div ref={null} role="alert" className={"relative..."}>
                      <AlertTitle className="flex flex-...">
>                       <p
>                         ref={null}
>                         className="mb-1 font-medium leading-none tracking-tight flex flex-wrap items-center gap-2"
>                       >
                          <span>
                          <Badge variant="outline" className="font-mono">
>                           <div
>                             className="inline-flex items-center rounded-md border px-2.5 py-0.5 text-xs font-semibol..."
>                           >
                      ...

<p> cannot contain a nested <div>.
See this log for the ancestor stack trace.

 ✓ tests/components/features/restaurant-settings/google-business-profile/GbpOperatorControls.test.tsx > GbpOperatorControls > requires password confirmation before disabling write eligibility 113ms
 ✓ tests/components/features/restaurant-settings/google-business-profile/GbpOperatorControls.test.tsx > GbpOperatorControls > fails closed when Google reports unknown pending paths 8ms
 ✓ tests/components/features/restaurant-settings/google-business-profile/GbpOperatorControls.test.tsx > GbpOperatorControls > renders provider and operational outcome-unknown recovery instructions 5ms

⎯⎯⎯⎯⎯⎯⎯ Failed Tests 2 ⎯⎯⎯⎯⎯⎯⎯

 FAIL  tests/hooks/opsIntegrationQueries.test.ts > opsIntegrationQueries > @contract invalidates both Google Business Profile caches
AssertionError: expected [ Array(3) ] to deeply equal [ Array(2) ]

- Expected
+ Received

@@ -10,6 +10,10 @@
      "restaurants",
      "rest-1",
      "google-business-profile",
      "locations",
    ],
+   [
+     "gbp-operator-v1",
+     "rest-1",
+   ],
  ]

 ❯ tests/hooks/opsIntegrationQueries.test.ts:34:44
     32|     invalidateGoogleBusinessProfileQueries(queryClient, restaurantId);
     33|
     34|     expect(invalidatedKeys(invalidateSpy)).toEqual([
       |                                            ^
     35|       queryKeys.opsRestaurants.googleBusinessProfile(restaurantId),
     36|       queryKeys.opsRestaurants.googleBusinessProfileLocations(restaura…

⎯⎯⎯⎯⎯⎯⎯⎯⎯⎯⎯⎯⎯⎯⎯⎯⎯⎯⎯⎯⎯⎯⎯⎯[1/2]⎯

 FAIL  tests/hooks/opsIntegrationQueries.test.ts > opsIntegrationQueries > @contract invalidates the full integration surface in one call
AssertionError: expected [ …(11) ] to have a length of 10 but got 11

- Expected
+ Received

- 10
+ 11

 ❯ tests/hooks/opsIntegrationQueries.test.ts:63:18
     61|
     62|     const keys = invalidatedKeys(invalidateSpy);
     63|     expect(keys).toHaveLength(10);
       |                  ^
     64|     expect(keys).toContainEqual(queryKeys.opsRestaurants.googleBusines…
     65|     expect(keys).toContainEqual(dualSyncQueryKeys.state(restaurantId));

⎯⎯⎯⎯⎯⎯⎯⎯⎯⎯⎯⎯⎯⎯⎯⎯⎯⎯⎯⎯⎯⎯⎯⎯[2/2]⎯


 Test Files  1 failed | 1 passed (2)
      Tests  2 failed | 7 passed (9)
   Start at  20:18:01
   Duration  792ms (transform 103ms, setup 86ms, import 278ms, tests 168ms, environment 543ms)

